
   WARN  Metadata found in doc-comment for method Tests\Unit\Services\DocumentTemplateActivationTest::activating_ba_template_deactivates_other_ba_templates(). Metadata in doc-comments is deprecated and will no longer be supported in PHPUnit 12. Update your test code to use attributes instead.

   WARN  Metadata found in doc-comment for method Tests\Unit\Services\DocumentTemplateActivationTest::activating_template_deactivates_same_type_only(). Metadata in doc-comments is deprecated and will no longer be supported in PHPUnit 12. Update your test code to use attributes instead.

   WARN  Metadata found in doc-comment for method Tests\Unit\Services\DocumentTemplateActivationTest::creating_active_template_deactivates_existing(). Metadata in doc-comments is deprecated and will no longer be supported in PHPUnit 12. Update your test code to use attributes instead.

   WARN  Metadata found in doc-comment for method Tests\Unit\Services\DocumentTemplateActivationTest::multiple_templates_can_be_inactive(). Metadata in doc-comments is deprecated and will no longer be supported in PHPUnit 12. Update your test code to use attributes instead.

   WARN  Metadata found in doc-comment for method Tests\Unit\Services\DocumentTemplateActivationTest::can_deactivate_template(). Metadata in doc-comments is deprecated and will no longer be supported in PHPUnit 12. Update your test code to use attributes instead.

   WARN  Metadata found in doc-comment for method Tests\Feature\Api\Settings\DocumentTemplateDefaultsTest::it_returns_default_templates_when_no_uploads_exist(). Metadata in doc-comments is deprecated and will no longer be supported in PHPUnit 12. Update your test code to use attributes instead.

   WARN  Metadata found in doc-comment for method Tests\Feature\Api\Settings\DocumentTemplateDefaultsTest::it_shows_uploaded_template_instead_of_default_when_exists(). Metadata in doc-comments is deprecated and will no longer be supported in PHPUnit 12. Update your test code to use attributes instead.

   WARN  Metadata found in doc-comment for method Tests\Feature\Api\Settings\DocumentTemplateDefaultsTest::it_maintains_only_one_active_template_per_type_format(). Metadata in doc-comments is deprecated and will no longer be supported in PHPUnit 12. Update your test code to use attributes instead.

   WARN  Metadata found in doc-comment for method Tests\Feature\Api\Settings\DocumentTemplateDefaultsTest::it_includes_preview_urls_for_all_templates(). Metadata in doc-comments is deprecated and will no longer be supported in PHPUnit 12. Update your test code to use attributes instead.

   WARN  Metadata found in doc-comment for method Tests\Feature\Api\Settings\DocumentTemplatePreviewTest::it_returns_404_for_invalid_format(). Metadata in doc-comments is deprecated and will no longer be supported in PHPUnit 12. Update your test code to use attributes instead.

   WARN  Metadata found in doc-comment for method Tests\Feature\Api\Settings\DocumentTemplatePreviewTest::it_returns_422_for_unsupported_format_by_type(). Metadata in doc-comments is deprecated and will no longer be supported in PHPUnit 12. Update your test code to use attributes instead.

   WARN  Metadata found in doc-comment for method Tests\Feature\Api\Settings\DocumentTemplatePreviewTest::it_returns_422_for_invalid_document_type(). Metadata in doc-comments is deprecated and will no longer be supported in PHPUnit 12. Update your test code to use attributes instead.

   WARN  Metadata found in doc-comment for method Tests\Feature\Api\Settings\DocumentTemplatePreviewTest::it_returns_pdf_for_valid_ba_penerimaan_request(). Metadata in doc-comments is deprecated and will no longer be supported in PHPUnit 12. Update your test code to use attributes instead.

   WARN  Metadata found in doc-comment for method Tests\Feature\Api\Settings\DocumentTemplatePreviewTest::it_returns_html_for_valid_lhu_html_request(). Metadata in doc-comments is deprecated and will no longer be supported in PHPUnit 12. Update your test code to use attributes instead.

   WARN  Metadata found in doc-comment for method Tests\Feature\Api\Settings\DocumentTemplatePreviewTest::it_returns_pdf_for_valid_ba_penyerahan_request(). Metadata in doc-comments is deprecated and will no longer be supported in PHPUnit 12. Update your test code to use attributes instead.

   WARN  Metadata found in doc-comment for method Tests\Feature\Api\Settings\DocumentTemplatePreviewTest::it_requires_authentication(). Metadata in doc-comments is deprecated and will no longer be supported in PHPUnit 12. Update your test code to use attributes instead.

   WARN  Metadata found in doc-comment for method Tests\Feature\Api\Settings\DocumentTemplatePreviewTest::it_requires_manage_settings_permission(). Metadata in doc-comments is deprecated and will no longer be supported in PHPUnit 12. Update your test code to use attributes instead.

   WARN  Metadata found in doc-comment for method Tests\Feature\Api\Settings\DocumentTemplatePreviewTest::it_handles_case_sensitivity_in_format(). Metadata in doc-comments is deprecated and will no longer be supported in PHPUnit 12. Update your test code to use attributes instead.

   WARN  Metadata found in doc-comment for method Tests\Feature\Api\Settings\DocumentTemplatePreviewTest::it_includes_proper_error_messages_for_invalid_requests(). Metadata in doc-comments is deprecated and will no longer be supported in PHPUnit 12. Update your test code to use attributes instead.

   WARN  Metadata found in doc-comment for method Tests\Feature\Api\Settings\DocumentTemplatePreviewTest::it_can_preview_specific_template_html(). Metadata in doc-comments is deprecated and will no longer be supported in PHPUnit 12. Update your test code to use attributes instead.

   WARN  Metadata found in doc-comment for method Tests\Feature\Api\Settings\DocumentTemplatePreviewTest::it_can_preview_specific_template_pdf(). Metadata in doc-comments is deprecated and will no longer be supported in PHPUnit 12. Update your test code to use attributes instead.

   WARN  Metadata found in doc-comment for method Tests\Feature\Api\Settings\DocumentTemplateWorkflowTest::complete_template_workflow_with_html_payload(). Metadata in doc-comments is deprecated and will no longer be supported in PHPUnit 12. Update your test code to use attributes instead.

   WARN  Metadata found in doc-comment for method Tests\Feature\Api\Settings\DocumentTemplateWorkflowTest::preview_html_returns_correct_content_type(). Metadata in doc-comments is deprecated and will no longer be supported in PHPUnit 12. Update your test code to use attributes instead.

   WARN  Metadata found in doc-comment for method Tests\Feature\Api\Settings\DocumentTemplateWorkflowTest::general_preview_endpoint_returns_pdf(). Metadata in doc-comments is deprecated and will no longer be supported in PHPUnit 12. Update your test code to use attributes instead.

   WARN  Metadata found in doc-comment for method Tests\Feature\DocumentDeletionTest::authenticated_user_can_delete_document(). Metadata in doc-comments is deprecated and will no longer be supported in PHPUnit 12. Update your test code to use attributes instead.

   WARN  Metadata found in doc-comment for method Tests\Feature\DocumentDeletionTest::unauthenticated_user_cannot_delete_document(). Metadata in doc-comments is deprecated and will no longer be supported in PHPUnit 12. Update your test code to use attributes instead.

   WARN  Metadata found in doc-comment for method Tests\Feature\DocumentDeletionTest::cannot_delete_document_with_invalid_type(). Metadata in doc-comments is deprecated and will no longer be supported in PHPUnit 12. Update your test code to use attributes instead.

   WARN  Metadata found in doc-comment for method Tests\Feature\DocumentDeletionTest::returns_404_when_document_not_found(). Metadata in doc-comments is deprecated and will no longer be supported in PHPUnit 12. Update your test code to use attributes instead.

   WARN  Metadata found in doc-comment for method Tests\Feature\DocumentDeletionTest::can_delete_all_document_types(). Metadata in doc-comments is deprecated and will no longer be supported in PHPUnit 12. Update your test code to use attributes instead.

   WARN  Metadata found in doc-comment for method Tests\Feature\DocumentDeletionTest::deletion_is_idempotent_when_file_already_deleted(). Metadata in doc-comments is deprecated and will no longer be supported in PHPUnit 12. Update your test code to use attributes instead.

   WARN  Metadata found in doc-comment for method Tests\Feature\TrackingJsonCacheTest::json_endpoint_sets_cached_flag_and_reuses_cache(). Metadata in doc-comments is deprecated and will no longer be supported in PHPUnit 12. Update your test code to use attributes instead.

   WARN  Metadata found in doc-comment for method Tests\Feature\TrackingJsonNotFoundTest::not_found_tracking_number_returns_404_without_cached_flag(). Metadata in doc-comments is deprecated and will no longer be supported in PHPUnit 12. Update your test code to use attributes instead.

   WARN  Metadata found in doc-comment for method Tests\Feature\TrackingJsonTest::it_returns_404_for_unknown_tracking_number(). Metadata in doc-comments is deprecated and will no longer be supported in PHPUnit 12. Update your test code to use attributes instead.

   WARN  Metadata found in doc-comment for method Tests\Feature\TrackingJsonTest::it_returns_condensed_payload_structure(). Metadata in doc-comments is deprecated and will no longer be supported in PHPUnit 12. Update your test code to use attributes instead.

   PASS  Tests\Unit\ExampleTest
  Γ£ô that trueΓÇª 0.01s  

   FAIL  Tests\Unit\Repositories\DocumentTemplateRepositoryTest
  Γ¿» can create template version
  Γ¿» version increments correctly
  Γ¿» only one template can be active per type and format
  Γ¿» can activate template
  Γ¿» can get active template
  Γ¿» different types can have active templates
  Γ¿» has active template returns correct value

   FAIL  Tests\Unit\Services\DocumentTemplateActivationTest
  Γ¿» activating ba template deactivates other ba templates
  Γ¿» activating template deactivates same type only
  Γ¿» creating active template deactivates existing
  Γ¿» multiple templates can be inactive
  Γ¿» can deactivate template

   FAIL  Tests\Feature\Api\DocumentsTest
  Γ¿» can list request documents
  Γ¿» lists only authorized documents
  Γ¿» can delete own document
  Γ¿» admin can delete any document
  Γ¿» cannot delete unauthorized document
  Γ¿» delete logs audit trail
  Γ¿» list documents requires authentication
  Γ¿» list documents requires authorization
  Γ¿» delete document requires authentication
  Γ¿» delete handles missing file gracefully
  Γ¿» returns temporary signed download urls

   FAIL  Tests\Feature\Api\GroupedSearchTest
  Γ¿» 401 when unauthenticated
  Γ¿» 422 for invalid q too short
  Γ¿» 422 for invalid q too long
  Γ¿» 422 for invalid doc type
  Γ¿» 422 for per page overflow
  Γ¿» 200 shape and data present for valid query
  Γ¿» filter doc type works
  Γ¿» people and docs pagination independent
  Γ¿» input percent underscore does not error
  Γ¿» 403 when search policy enforced and denied
  Γ¿» download route requires auth and policy

   FAIL  Tests\Feature\Api\Settings\DocumentMaintenanceTest
  Γ¿» requires manage settings permission
  Γ¿» can list storage files with document metadata
  Γ¿» can filter by request number and type
  Γ¿» can delete file with document metadata
  Γ¿» can delete orphan file from storage
  Γ¿» returns json with 200 on successful request
  Γ¿» returns json error on invalid filters

   FAIL  Tests\Feature\Api\Settings\DocumentTemplateControllerTest
  Γ¿» can list templates
  Γ¿» can upload template
  Γ¿» can create template via editor payload
  Γ¿» can update template via editor payload
  Γ¿» can activate template
  Γ¿» activating template deactivates others
  Γ¿» requires authentication

   FAIL  Tests\Feature\Api\Settings\DocumentTemplateDefaultsTest
  Γ¿» it returns default templates when no uploads exist
  Γ¿» it shows uploaded template instead of default when exists
  Γ¿» it maintains only one active template per type format
  Γ¿» it includes preview urls for all templates

   FAIL  Tests\Feature\Api\Settings\DocumentTemplatePreviewTest
  Γ¿» it returns 404 for invalid format
  Γ¿» it returns 422 for unsupported format by type
  Γ¿» it returns 422 for invalid document type
  Γ¿» it returns pdf for valid ba penerimaan request
  Γ¿» it returns html for valid lhu html request
  Γ¿» it returns pdf for valid ba penyerahan request
  Γ¿» it requires authentication
  Γ¿» it requires manage settings permission
  Γ¿» it handles case sensitivity in format
  Γ¿» it includes proper error messages for invalid requests
  Γ¿» it can preview specific template html
  Γ¿» it can preview specific template pdf

   FAIL  Tests\Feature\Api\Settings\DocumentTemplateWorkflowTest
  Γ¿» complete template workflow with html payload
  Γ¿» preview html returns correct content type
  Γ¿» general preview endpoint returns pdf

   FAIL  Tests\Feature\Api\Settings\LocalizationRetentionSettingsTest
  Γ¿» can update localization settings
  Γ¿» can update retention settings
  Γ¿» storage folder path accepts valid paths
  Γ¿» storage folder path rejects absolute paths
  Γ¿» storage folder path rejects directory traversal
  Γ¿» storage folder path is normalized
  Γ¿» partial update localization only
  Γ¿» partial update retention only
  Γ¿» purge days can be null
  Γ¿» validates purge days minimum
  Γ¿» prepares empty strings as null
  Γ¿» requires authentication
  Γ¿» requires authorization

   FAIL  Tests\Feature\Api\Settings\LocalizationRetentionTest
  Γ¿» dapat mengupdate localization dan retention settings
  Γ¿» menerima purge_after_days kosong sebagai null
  Γ¿» menolak absolute path
  Γ¿» menolak directory traversal
  Γ¿» validasi timezone harus dari daftar yang diizinkan
  Γ¿» validasi purge_after_days minimum 30 hari

   FAIL  Tests\Feature\Api\Settings\NotificationsSecuritySettingsTest
  Γ¿» can update notification settings
  Γ¿» partial update notifications only
  Γ¿» partial update security only
  Γ¿» can send test email
  Γ¿» can send test whatsapp
  Γ¿» test notification validates channel
  Γ¿» test email validates email format
  Γ¿» test whatsapp validates phone format
  Γ¿» validates email in notification settings
  Γ¿» prepares empty strings as null
  Γ¿» requires authentication
  Γ¿» requires authorization
  Γ¿» test notification requires authentication

   FAIL  Tests\Feature\Api\Settings\NumberingScopeSaveTest
  Γ¿» can save single numbering scope
  Γ¿» validates required fields for scope save
  Γ¿» validates reset period enum
  Γ¿» validates start from minimum
  Γ¿» rejects invalid scope
  Γ¿» requires authentication
  Γ¿» requires admin role
  Γ¿» can save different scopes independently

   FAIL  Tests\Feature\Api\Settings\NumberingSettingsTest
  Γ¿» can get current numbering snapshot
  Γ¿» can update numbering settings
  Γ¿» partial update numbering does not fail
  Γ¿» can preview numbering pattern
  Γ¿» numbering requires authentication
  Γ¿» numbering requires authorization
  Γ¿» validates numbering pattern required
  Γ¿» prepares empty strings as null

   FAIL  Tests\Feature\Api\Settings\SettingsWriterNullTest
  Γ¿» it handles null values in retention settings without database constraint violation
  Γ¿» it handles nested arrays with all null values
  Γ¿» it handles mixed null and non-null values correctly
  Γ¿» it deletes existing setting when updated to null

   FAIL  Tests\Feature\Api\Settings\TemplatesSettingsTest
  Γ¿» can list templates
  Γ¿» can upload template
  Γ¿» uploading same code updates existing template
  Γ¿» can activate template
  Γ¿» can delete template
  Γ¿» can preview template
  Γ¿» preview returns 404 if file missing
  Γ¿» validates upload required fields
  Γ¿» validates activate type required
  Γ¿» requires authentication
  Γ¿» requires authorization
  Γ¿» upload requires authorization
  Γ¿» delete requires authorization
  Γ¿» preview requires authorization

   FAIL  Tests\Feature\Auth\AuthenticationTest
  Γ¿» login screen can be rendered
  Γ¿» users can authenticate using the login screen
  Γ¿» users can not authenticate with invalid password
  Γ¿» users can logout

   FAIL  Tests\Feature\Auth\EmailVerificationTest
  Γ¿» email verification screen can be rendered
  Γ¿» email can be verified
  Γ¿» email is not verified with invalid hash

   FAIL  Tests\Feature\Auth\PasswordConfirmationTest
  Γ¿» confirm password screen can be rendered
  Γ¿» password can be confirmed
  Γ¿» password is not confirmed with invalid password

   FAIL  Tests\Feature\Auth\PasswordResetTest
  Γ¿» reset password link screen can be rendered
  Γ¿» reset password link can be requested
  Γ¿» reset password screen can be rendered
  Γ¿» password can be reset with valid token

   FAIL  Tests\Feature\Auth\PasswordUpdateTest
  Γ¿» password can be updated
  Γ¿» correct password must be provided to update password

   FAIL  Tests\Feature\Auth\RegistrationTest
  Γ¿» registration screen can be rendered
  Γ¿» new users can register

   FAIL  Tests\Feature\BeritaAcaraPenerimaanTest
  Γ¿» check berita acara returns false when not generated
  Γ¿» generate berita acara creates pdf document
  Γ¿» check berita acara returns true after generation
  Γ¿» download berita acara returns pdf
  Γ¿» view berita acara returns html or pdf
  Γ¿» berita acara contains correct data

   FAIL  Tests\Feature\BladeTemplatePreviewTest
  Γ¿» preview returns html for valid template
  Γ¿» preview returns 422 for missing content
  Γ¿» preview returns 422 for invalid blade syntax
  Γ¿» preview returns 404 for nonexistent template
  Γ¿» preview returns 422 for dangerous functions
  Γ¿» preview clears view cache after render
  Γ¿» preview works for all template types
  Γ¿» preview includes all required variables for berita acara penerimaan
  Γ¿» preview requires authentication

   FAIL  Tests\Feature\DebugDocProbeTest
  Γ¿» debug doc probe route works
  Γ¿» debug doc probe creates investigators folder
  Γ¿» debug doc probe returns correct config root

   FAIL  Tests\Feature\DocumentDeletionApiTest
  Γ¿» admin can delete document and file
  Γ¿» analyst cannot delete generated document

   FAIL  Tests\Feature\DocumentDeletionTest
  Γ¿» authenticated user can delete document
  Γ¿» unauthenticated user cannot delete document
  Γ¿» cannot delete document with invalid type
  Γ¿» returns 404 when document not found
  Γ¿» can delete all document types
  Γ¿» deletion is idempotent when file already deleted

   FAIL  Tests\Feature\DocumentDownloadRouteTest
  Γ¿» document can be downloaded via route
  Γ¿» generated document can be downloaded
  Γ¿» document download requires signed url
  Γ¿» document download returns correct file size
  Γ¿» nonexistent document returns 404

   FAIL  Tests\Feature\DocumentStorageTest
  Γ¿» upload dokumen tersimpan per penyidik dan tercatat di database
  Γ¿» file generated tersimpan per penyidik dengan path yang benar
  Γ¿» route download mengembalikan file dengan nama yang sesuai

   FAIL  Tests\Feature\ExampleTest
  Γ¿» the applΓÇª 12.84s  

   FAIL  Tests\Feature\FormPreparationArchiveTest
  Γ¿» form preparation generates pdf and stores via document service
  Γ¿» form preparation download parameter works

   FAIL  Tests\Feature\LhuNumberingGenerationTest
  Γ¿» lhu generation uses latest numbering settings for new report
  Γ¿» lhu generation reuses stored number on regeneration
  Γ¿» lhu generation uses updated settings for new process
  Γ¿» lhu generation handles legacy metadata fields
  Γ¿» cache invalidation after numbering update
  Γ¿» concurrent lhu generation is safe

   FAIL  Tests\Feature\LocaleMiddlewareTest
  Γ¿» applies tΓÇª 8.56s  
  Γ¿» fmt dateΓÇª  0.29s  

   FAIL  Tests\Feature\Numbering\NumberingIntegrationTest
  Γ¿» sample uses numbering service
  Γ¿» sample generates sequential codes
  Γ¿» test request uses numbering service
  Γ¿» test request generates sequential numbers
  Γ¿» numbering service preview works
  Γ¿» numbering service current snapshot works
  Γ¿» all scopes have valid configuration

   FAIL  Tests\Feature\ProfileTest
  Γ¿» profile page is displayed
  Γ¿» profile information can be updated
  Γ¿» email verification status is unchanged when the email address is unchanged
  Γ¿» user can delete their account
  Γ¿» correct password must be provided to delete account

   FAIL  Tests\Feature\Queue\QueueConfigurationTest
  Γ¿» queue tables exist when using database driver
  Γ¿» jobs table has correct structure
  Γ¿» failed jobs table has correct structure
  Γ¿» can insert into jobs table
  Γ¿» queue health check command exists
  Γ¿» queue health check shows correct driver

   FAIL  Tests\Feature\RequestDocumentsApiTest
  Γ¿» request documents list returns payload

   FAIL  Tests\Feature\RequestStoreDocumentServiceTest
  Γ¿» request store uses document service for uploads
  Γ¿» request store without evidence photo still works
  Γ¿» investigator folder key is generated if empty

   FAIL  Tests\Feature\SamplePhotoUploadTest
  Γ¿» sample photos are uploaded and stored correctly
  Γ¿» sample photos are optional
  Γ¿» multiple samples with photos are stored separately
  Γ¿» sample photos cleanup on transaction rollback

   FAIL  Tests\Feature\SearchEndpointTest
  Γ¿» search enΓÇª 0.45s  
  Γ¿» search enΓÇª 0.33s  

   FAIL  Tests\Feature\SettingsPageTest
  Γ¿» settings page loads with nested data
  Γ¿» preview endpoint returns example number
  Γ¿» settings update persists flattened values

   FAIL  Tests\Feature\SettingsUpdateEmptyJsonFallbackTest
  Γ¿» extractPayload falls back to request->all() when JSON body is empty array
  Γ¿» extractPayload unwraps nested settings when JSON body is empty array

   FAIL  Tests\Feature\SettingsUpdateFormUrlencodedTest
  Γ¿» settings.update accepts form-url-encoded and flattens keys

   FAIL  Tests\Feature\Settings\NotificationsApiTest
  Γ¿» notifications and security can be updated
  Γ¿» notification test endpoint sends email

   FAIL  Tests\Feature\Settings\NumberingApiTest
  Γ¿» numbering current returns values
  Γ¿» numbering preview returns example

   FAIL  Tests\Feature\Settings\NumberingCurrentTest
  Γ¿» current numbering returns fresh data after update
  Γ¿» current returns string values not objects
  Γ¿» preview returns formatted string
  Γ¿» preview handles various pattern formats
  Γ¿» update scope requires valid fields
  Γ¿» cache is properly invalidated after update

   FAIL  Tests\Feature\Settings\SettingsApiTest
  Γ¿» settings overview returns sections
  Γ¿» localization and retention can be updated
  Γ¿» branding update and pdf preview

   FAIL  Tests\Feature\Settings\TemplatesApiTest
  Γ¿» template upload activate preview and delete

   FAIL  Tests\Feature\TrackingJsonCacheTest
  Γ¿» json endpΓÇª 0.29s  

   FAIL  Tests\Feature\TrackingJsonNotFoundTest
  Γ¿» not foundΓÇª 0.44s  

   FAIL  Tests\Feature\TrackingJsonTest
  Γ¿» it returns 404 for unknown tracking number
  Γ¿» it returns condensed payload structure
  ΓöÇΓöÇΓöÇΓöÇΓöÇΓöÇΓöÇΓöÇΓöÇΓöÇΓöÇΓöÇΓöÇΓöÇΓöÇΓöÇΓöÇΓöÇ  
   FΓÇª  PDOException   
  SQLSTATE[08006] [7] connection to server at "127.0.0.1", port 5432 failed: FATAL:  database "lis_db" does not exist

  at vendor\laravel\framework\src\Illuminate\Database\Connectors\Connector.php:67
     63Γûò     protected function createPdoConnection($dsn, $username, #[\SensitiveParameter] $password, $options)
     64Γûò     {
     65Γûò         return version_compare(phpversion(), '8.4.0', '<')
     66Γûò             ? new PDO($dsn, $username, $password, $options)
  Γ₧£  67Γûò             : PDO::connect($dsn, $username, $password, $options); /** @phpstan-ignore staticMethod.notFound (PHP 8.4) */
     68Γûò     }
     69Γûò 
     70Γûò     /**
     71Γûò      * Handle an exception that occurred during connect execution.

  1   vendor\laravel\framework\src\Illuminate\Database\Connectors\Connector.php:67
  2   vendor\laravel\framework\src\Illuminate\Database\Connectors\Connector.php:44

  ΓöÇΓöÇΓöÇΓöÇΓöÇΓöÇΓöÇΓöÇΓöÇΓöÇΓöÇΓöÇΓöÇΓöÇΓöÇΓöÇΓöÇΓöÇ  
   FΓÇª  PDOException   
  SQLSTATE[08006] [7] connection to server at "127.0.0.1", port 5432 failed: FATAL:  database "lis_db" does not exist

  at vendor\laravel\framework\src\Illuminate\Database\Connectors\Connector.php:67
     63Γûò     protected function createPdoConnection($dsn, $username, #[\SensitiveParameter] $password, $options)
     64Γûò     {
     65Γûò         return version_compare(phpversion(), '8.4.0', '<')
     66Γûò             ? new PDO($dsn, $username, $password, $options)
  Γ₧£  67Γûò             : PDO::connect($dsn, $username, $password, $options); /** @phpstan-ignore staticMethod.notFound (PHP 8.4) */
     68Γûò     }
     69Γûò 
     70Γûò     /**
     71Γûò      * Handle an exception that occurred during connect execution.

  1   vendor\laravel\framework\src\Illuminate\Database\Connectors\Connector.php:67
  2   vendor\laravel\framework\src\Illuminate\Database\Connectors\Connector.php:44

  ΓöÇΓöÇΓöÇΓöÇΓöÇΓöÇΓöÇΓöÇΓöÇΓöÇΓöÇΓöÇΓöÇΓöÇΓöÇΓöÇΓöÇΓöÇ  
   FΓÇª  PDOException   
  SQLSTATE[08006] [7] connection to server at "127.0.0.1", port 5432 failed: FATAL:  database "lis_db" does not exist

  at vendor\laravel\framework\src\Illuminate\Database\Connectors\Connector.php:67
     63Γûò     protected function createPdoConnection($dsn, $username, #[\SensitiveParameter] $password, $options)
     64Γûò     {
     65Γûò         return version_compare(phpversion(), '8.4.0', '<')
     66Γûò             ? new PDO($dsn, $username, $password, $options)
  Γ₧£  67Γûò             : PDO::connect($dsn, $username, $password, $options); /** @phpstan-ignore staticMethod.notFound (PHP 8.4) */
     68Γûò     }
     69Γûò 
     70Γûò     /**
     71Γûò      * Handle an exception that occurred during connect execution.

  1   vendor\laravel\framework\src\Illuminate\Database\Connectors\Connector.php:67
  2   vendor\laravel\framework\src\Illuminate\Database\Connectors\Connector.php:44

  ΓöÇΓöÇΓöÇΓöÇΓöÇΓöÇΓöÇΓöÇΓöÇΓöÇΓöÇΓöÇΓöÇΓöÇΓöÇΓöÇΓöÇΓöÇ  
   FΓÇª  PDOException   
  SQLSTATE[08006] [7] connection to server at "127.0.0.1", port 5432 failed: FATAL:  database "lis_db" does not exist

  at vendor\laravel\framework\src\Illuminate\Database\Connectors\Connector.php:67
     63Γûò     protected function createPdoConnection($dsn, $username, #[\SensitiveParameter] $password, $options)
     64Γûò     {
     65Γûò         return version_compare(phpversion(), '8.4.0', '<')
     66Γûò             ? new PDO($dsn, $username, $password, $options)
  Γ₧£  67Γûò             : PDO::connect($dsn, $username, $password, $options); /** @phpstan-ignore staticMethod.notFound (PHP 8.4) */
     68Γûò     }
     69Γûò 
     70Γûò     /**
     71Γûò      * Handle an exception that occurred during connect execution.

  1   vendor\laravel\framework\src\Illuminate\Database\Connectors\Connector.php:67
  2   vendor\laravel\framework\src\Illuminate\Database\Connectors\Connector.php:44

  ΓöÇΓöÇΓöÇΓöÇΓöÇΓöÇΓöÇΓöÇΓöÇΓöÇΓöÇΓöÇΓöÇΓöÇΓöÇΓöÇΓöÇΓöÇ  
   FΓÇª  PDOException   
  SQLSTATE[08006] [7] connection to server at "127.0.0.1", port 5432 failed: FATAL:  database "lis_db" does not exist

  at vendor\laravel\framework\src\Illuminate\Database\Connectors\Connector.php:67
     63Γûò     protected function createPdoConnection($dsn, $username, #[\SensitiveParameter] $password, $options)
     64Γûò     {
     65Γûò         return version_compare(phpversion(), '8.4.0', '<')
     66Γûò             ? new PDO($dsn, $username, $password, $options)
  Γ₧£  67Γûò             : PDO::connect($dsn, $username, $password, $options); /** @phpstan-ignore staticMethod.notFound (PHP 8.4) */
     68Γûò     }
     69Γûò 
     70Γûò     /**
     71Γûò      * Handle an exception that occurred during connect execution.

  1   vendor\laravel\framework\src\Illuminate\Database\Connectors\Connector.php:67
  2   vendor\laravel\framework\src\Illuminate\Database\Connectors\Connector.php:44

  ΓöÇΓöÇΓöÇΓöÇΓöÇΓöÇΓöÇΓöÇΓöÇΓöÇΓöÇΓöÇΓöÇΓöÇΓöÇΓöÇΓöÇΓöÇ  
   FΓÇª  PDOException   
  SQLSTATE[08006] [7] connection to server at "127.0.0.1", port 5432 failed: FATAL:  database "lis_db" does not exist

  at vendor\laravel\framework\src\Illuminate\Database\Connectors\Connector.php:67
     63Γûò     protected function createPdoConnection($dsn, $username, #[\SensitiveParameter] $password, $options)
     64Γûò     {
     65Γûò         return version_compare(phpversion(), '8.4.0', '<')
     66Γûò             ? new PDO($dsn, $username, $password, $options)
  Γ₧£  67Γûò             : PDO::connect($dsn, $username, $password, $options); /** @phpstan-ignore staticMethod.notFound (PHP 8.4) */
     68Γûò     }
     69Γûò 
     70Γûò     /**
     71Γûò      * Handle an exception that occurred during connect execution.

  1   vendor\laravel\framework\src\Illuminate\Database\Connectors\Connector.php:67
  2   vendor\laravel\framework\src\Illuminate\Database\Connectors\Connector.php:44

  ΓöÇΓöÇΓöÇΓöÇΓöÇΓöÇΓöÇΓöÇΓöÇΓöÇΓöÇΓöÇΓöÇΓöÇΓöÇΓöÇΓöÇΓöÇ  
   FΓÇª  PDOException   
  SQLSTATE[08006] [7] connection to server at "127.0.0.1", port 5432 failed: FATAL:  database "lis_db" does not exist

  at vendor\laravel\framework\src\Illuminate\Database\Connectors\Connector.php:67
     63Γûò     protected function createPdoConnection($dsn, $username, #[\SensitiveParameter] $password, $options)
     64Γûò     {
     65Γûò         return version_compare(phpversion(), '8.4.0', '<')
     66Γûò             ? new PDO($dsn, $username, $password, $options)
  Γ₧£  67Γûò             : PDO::connect($dsn, $username, $password, $options); /** @phpstan-ignore staticMethod.notFound (PHP 8.4) */
     68Γûò     }
     69Γûò 
     70Γûò     /**
     71Γûò      * Handle an exception that occurred during connect execution.

  1   vendor\laravel\framework\src\Illuminate\Database\Connectors\Connector.php:67
  2   vendor\laravel\framework\src\Illuminate\Database\Connectors\Connector.php:44

  ΓöÇΓöÇΓöÇΓöÇΓöÇΓöÇΓöÇΓöÇΓöÇΓöÇΓöÇΓöÇΓöÇΓöÇΓöÇΓöÇΓöÇΓöÇ  
   FΓÇª  PDOException   
  SQLSTATE[08006] [7] connection to server at "127.0.0.1", port 5432 failed: FATAL:  database "lis_db" does not exist

  at vendor\laravel\framework\src\Illuminate\Database\Connectors\Connector.php:67
     63Γûò     protected function createPdoConnection($dsn, $username, #[\SensitiveParameter] $password, $options)
     64Γûò     {
     65Γûò         return version_compare(phpversion(), '8.4.0', '<')
     66Γûò             ? new PDO($dsn, $username, $password, $options)
  Γ₧£  67Γûò             : PDO::connect($dsn, $username, $password, $options); /** @phpstan-ignore staticMethod.notFound (PHP 8.4) */
     68Γûò     }
     69Γûò 
     70Γûò     /**
     71Γûò      * Handle an exception that occurred during connect execution.

  1   vendor\laravel\framework\src\Illuminate\Database\Connectors\Connector.php:67
  2   vendor\laravel\framework\src\Illuminate\Database\Connectors\Connector.php:44

  ΓöÇΓöÇΓöÇΓöÇΓöÇΓöÇΓöÇΓöÇΓöÇΓöÇΓöÇΓöÇΓöÇΓöÇΓöÇΓöÇΓöÇΓöÇ  
   FΓÇª  PDOException   
  SQLSTATE[08006] [7] connection to server at "127.0.0.1", port 5432 failed: FATAL:  database "lis_db" does not exist

  at vendor\laravel\framework\src\Illuminate\Database\Connectors\Connector.php:67
     63Γûò     protected function createPdoConnection($dsn, $username, #[\SensitiveParameter] $password, $options)
     64Γûò     {
     65Γûò         return version_compare(phpversion(), '8.4.0', '<')
     66Γûò             ? new PDO($dsn, $username, $password, $options)
  Γ₧£  67Γûò             : PDO::connect($dsn, $username, $password, $options); /** @phpstan-ignore staticMethod.notFound (PHP 8.4) */
     68Γûò     }
     69Γûò 
     70Γûò     /**
     71Γûò      * Handle an exception that occurred during connect execution.

  1   vendor\laravel\framework\src\Illuminate\Database\Connectors\Connector.php:67
  2   vendor\laravel\framework\src\Illuminate\Database\Connectors\Connector.php:44

  ΓöÇΓöÇΓöÇΓöÇΓöÇΓöÇΓöÇΓöÇΓöÇΓöÇΓöÇΓöÇΓöÇΓöÇΓöÇΓöÇΓöÇΓöÇ  
   FΓÇª  PDOException   
  SQLSTATE[08006] [7] connection to server at "127.0.0.1", port 5432 failed: FATAL:  database "lis_db" does not exist

  at vendor\laravel\framework\src\Illuminate\Database\Connectors\Connector.php:67
     63Γûò     protected function createPdoConnection($dsn, $username, #[\SensitiveParameter] $password, $options)
     64Γûò     {
     65Γûò         return version_compare(phpversion(), '8.4.0', '<')
     66Γûò             ? new PDO($dsn, $username, $password, $options)
  Γ₧£  67Γûò             : PDO::connect($dsn, $username, $password, $options); /** @phpstan-ignore staticMethod.notFound (PHP 8.4) */
     68Γûò     }
     69Γûò 
     70Γûò     /**
     71Γûò      * Handle an exception that occurred during connect execution.

  1   vendor\laravel\framework\src\Illuminate\Database\Connectors\Connector.php:67
  2   vendor\laravel\framework\src\Illuminate\Database\Connectors\Connector.php:44

  ΓöÇΓöÇΓöÇΓöÇΓöÇΓöÇΓöÇΓöÇΓöÇΓöÇΓöÇΓöÇΓöÇΓöÇΓöÇΓöÇΓöÇΓöÇ  
   FΓÇª  PDOException   
  SQLSTATE[08006] [7] connection to server at "127.0.0.1", port 5432 failed: FATAL:  database "lis_db" does not exist

  at vendor\laravel\framework\src\Illuminate\Database\Connectors\Connector.php:67
     63Γûò     protected function createPdoConnection($dsn, $username, #[\SensitiveParameter] $password, $options)
     64Γûò     {
     65Γûò         return version_compare(phpversion(), '8.4.0', '<')
     66Γûò             ? new PDO($dsn, $username, $password, $options)
  Γ₧£  67Γûò             : PDO::connect($dsn, $username, $password, $options); /** @phpstan-ignore staticMethod.notFound (PHP 8.4) */
     68Γûò     }
     69Γûò 
     70Γûò     /**
     71Γûò      * Handle an exception that occurred during connect execution.

  1   vendor\laravel\framework\src\Illuminate\Database\Connectors\Connector.php:67
  2   vendor\laravel\framework\src\Illuminate\Database\Connectors\Connector.php:44

  ΓöÇΓöÇΓöÇΓöÇΓöÇΓöÇΓöÇΓöÇΓöÇΓöÇΓöÇΓöÇΓöÇΓöÇΓöÇΓöÇΓöÇΓöÇ  
   FΓÇª  PDOException   
  SQLSTATE[08006] [7] connection to server at "127.0.0.1", port 5432 failed: FATAL:  database "lis_db" does not exist

  at vendor\laravel\framework\src\Illuminate\Database\Connectors\Connector.php:67
     63Γûò     protected function createPdoConnection($dsn, $username, #[\SensitiveParameter] $password, $options)
     64Γûò     {
     65Γûò         return version_compare(phpversion(), '8.4.0', '<')
     66Γûò             ? new PDO($dsn, $username, $password, $options)
  Γ₧£  67Γûò             : PDO::connect($dsn, $username, $password, $options); /** @phpstan-ignore staticMethod.notFound (PHP 8.4) */
     68Γûò     }
     69Γûò 
     70Γûò     /**
     71Γûò      * Handle an exception that occurred during connect execution.

  1   vendor\laravel\framework\src\Illuminate\Database\Connectors\Connector.php:67
  2   vendor\laravel\framework\src\Illuminate\Database\Connectors\Connector.php:44

  ΓöÇΓöÇΓöÇΓöÇΓöÇΓöÇΓöÇΓöÇΓöÇΓöÇΓöÇΓöÇΓöÇΓöÇΓöÇΓöÇΓöÇΓöÇ  
   FΓÇª  PDOException   
  SQLSTATE[08006] [7] connection to server at "127.0.0.1", port 5432 failed: FATAL:  database "lis_db" does not exist

  at vendor\laravel\framework\src\Illuminate\Database\Connectors\Connector.php:67
     63Γûò     protected function createPdoConnection($dsn, $username, #[\SensitiveParameter] $password, $options)
     64Γûò     {
     65Γûò         return version_compare(phpversion(), '8.4.0', '<')
     66Γûò             ? new PDO($dsn, $username, $password, $options)
  Γ₧£  67Γûò             : PDO::connect($dsn, $username, $password, $options); /** @phpstan-ignore staticMethod.notFound (PHP 8.4) */
     68Γûò     }
     69Γûò 
     70Γûò     /**
     71Γûò      * Handle an exception that occurred during connect execution.

  1   vendor\laravel\framework\src\Illuminate\Database\Connectors\Connector.php:67
  2   vendor\laravel\framework\src\Illuminate\Database\Connectors\Connector.php:44

  ΓöÇΓöÇΓöÇΓöÇΓöÇΓöÇΓöÇΓöÇΓöÇΓöÇΓöÇΓöÇΓöÇΓöÇΓöÇΓöÇΓöÇΓöÇ  
   FΓÇª  PDOException   
  SQLSTATE[08006] [7] connection to server at "127.0.0.1", port 5432 failed: FATAL:  database "lis_db" does not exist

  at vendor\laravel\framework\src\Illuminate\Database\Connectors\Connector.php:67
     63Γûò     protected function createPdoConnection($dsn, $username, #[\SensitiveParameter] $password, $options)
     64Γûò     {
     65Γûò         return version_compare(phpversion(), '8.4.0', '<')
     66Γûò             ? new PDO($dsn, $username, $password, $options)
  Γ₧£  67Γûò             : PDO::connect($dsn, $username, $password, $options); /** @phpstan-ignore staticMethod.notFound (PHP 8.4) */
     68Γûò     }
     69Γûò 
     70Γûò     /**
     71Γûò      * Handle an exception that occurred during connect execution.

  1   vendor\laravel\framework\src\Illuminate\Database\Connectors\Connector.php:67
  2   vendor\laravel\framework\src\Illuminate\Database\Connectors\Connector.php:44

  ΓöÇΓöÇΓöÇΓöÇΓöÇΓöÇΓöÇΓöÇΓöÇΓöÇΓöÇΓöÇΓöÇΓöÇΓöÇΓöÇΓöÇΓöÇ  
   FΓÇª  PDOException   
  SQLSTATE[08006] [7] connection to server at "127.0.0.1", port 5432 failed: FATAL:  database "lis_db" does not exist

  at vendor\laravel\framework\src\Illuminate\Database\Connectors\Connector.php:67
     63Γûò     protected function createPdoConnection($dsn, $username, #[\SensitiveParameter] $password, $options)
     64Γûò     {
     65Γûò         return version_compare(phpversion(), '8.4.0', '<')
     66Γûò             ? new PDO($dsn, $username, $password, $options)
  Γ₧£  67Γûò             : PDO::connect($dsn, $username, $password, $options); /** @phpstan-ignore staticMethod.notFound (PHP 8.4) */
     68Γûò     }
     69Γûò 
     70Γûò     /**
     71Γûò      * Handle an exception that occurred during connect execution.

  1   vendor\laravel\framework\src\Illuminate\Database\Connectors\Connector.php:67
  2   vendor\laravel\framework\src\Illuminate\Database\Connectors\Connector.php:44

  ΓöÇΓöÇΓöÇΓöÇΓöÇΓöÇΓöÇΓöÇΓöÇΓöÇΓöÇΓöÇΓöÇΓöÇΓöÇΓöÇΓöÇΓöÇ  
   FΓÇª  PDOException   
  SQLSTATE[08006] [7] connection to server at "127.0.0.1", port 5432 failed: FATAL:  database "lis_db" does not exist

  at vendor\laravel\framework\src\Illuminate\Database\Connectors\Connector.php:67
     63Γûò     protected function createPdoConnection($dsn, $username, #[\SensitiveParameter] $password, $options)
     64Γûò     {
     65Γûò         return version_compare(phpversion(), '8.4.0', '<')
     66Γûò             ? new PDO($dsn, $username, $password, $options)
  Γ₧£  67Γûò             : PDO::connect($dsn, $username, $password, $options); /** @phpstan-ignore staticMethod.notFound (PHP 8.4) */
     68Γûò     }
     69Γûò 
     70Γûò     /**
     71Γûò      * Handle an exception that occurred during connect execution.

  1   vendor\laravel\framework\src\Illuminate\Database\Connectors\Connector.php:67
  2   vendor\laravel\framework\src\Illuminate\Database\Connectors\Connector.php:44

  ΓöÇΓöÇΓöÇΓöÇΓöÇΓöÇΓöÇΓöÇΓöÇΓöÇΓöÇΓöÇΓöÇΓöÇΓöÇΓöÇΓöÇΓöÇ  
   FΓÇª  PDOException   
  SQLSTATE[08006] [7] connection to server at "127.0.0.1", port 5432 failed: FATAL:  database "lis_db" does not exist

  at vendor\laravel\framework\src\Illuminate\Database\Connectors\Connector.php:67
     63Γûò     protected function createPdoConnection($dsn, $username, #[\SensitiveParameter] $password, $options)
     64Γûò     {
     65Γûò         return version_compare(phpversion(), '8.4.0', '<')
     66Γûò             ? new PDO($dsn, $username, $password, $options)
  Γ₧£  67Γûò             : PDO::connect($dsn, $username, $password, $options); /** @phpstan-ignore staticMethod.notFound (PHP 8.4) */
     68Γûò     }
     69Γûò 
     70Γûò     /**
     71Γûò      * Handle an exception that occurred during connect execution.

  1   vendor\laravel\framework\src\Illuminate\Database\Connectors\Connector.php:67
  2   vendor\laravel\framework\src\Illuminate\Database\Connectors\Connector.php:44

  ΓöÇΓöÇΓöÇΓöÇΓöÇΓöÇΓöÇΓöÇΓöÇΓöÇΓöÇΓöÇΓöÇΓöÇΓöÇΓöÇΓöÇΓöÇ  
   FΓÇª  PDOException   
  SQLSTATE[08006] [7] connection to server at "127.0.0.1", port 5432 failed: FATAL:  database "lis_db" does not exist

  at vendor\laravel\framework\src\Illuminate\Database\Connectors\Connector.php:67
     63Γûò     protected function createPdoConnection($dsn, $username, #[\SensitiveParameter] $password, $options)
     64Γûò     {
     65Γûò         return version_compare(phpversion(), '8.4.0', '<')
     66Γûò             ? new PDO($dsn, $username, $password, $options)
  Γ₧£  67Γûò             : PDO::connect($dsn, $username, $password, $options); /** @phpstan-ignore staticMethod.notFound (PHP 8.4) */
     68Γûò     }
     69Γûò 
     70Γûò     /**
     71Γûò      * Handle an exception that occurred during connect execution.

  1   vendor\laravel\framework\src\Illuminate\Database\Connectors\Connector.php:67
  2   vendor\laravel\framework\src\Illuminate\Database\Connectors\Connector.php:44

  ΓöÇΓöÇΓöÇΓöÇΓöÇΓöÇΓöÇΓöÇΓöÇΓöÇΓöÇΓöÇΓöÇΓöÇΓöÇΓöÇΓöÇΓöÇ  
   FΓÇª  PDOException   
  SQLSTATE[08006] [7] connection to server at "127.0.0.1", port 5432 failed: FATAL:  database "lis_db" does not exist

  at vendor\laravel\framework\src\Illuminate\Database\Connectors\Connector.php:67
     63Γûò     protected function createPdoConnection($dsn, $username, #[\SensitiveParameter] $password, $options)
     64Γûò     {
     65Γûò         return version_compare(phpversion(), '8.4.0', '<')
     66Γûò             ? new PDO($dsn, $username, $password, $options)
  Γ₧£  67Γûò             : PDO::connect($dsn, $username, $password, $options); /** @phpstan-ignore staticMethod.notFound (PHP 8.4) */
     68Γûò     }
     69Γûò 
     70Γûò     /**
     71Γûò      * Handle an exception that occurred during connect execution.

  1   vendor\laravel\framework\src\Illuminate\Database\Connectors\Connector.php:67
  2   vendor\laravel\framework\src\Illuminate\Database\Connectors\Connector.php:44

  ΓöÇΓöÇΓöÇΓöÇΓöÇΓöÇΓöÇΓöÇΓöÇΓöÇΓöÇΓöÇΓöÇΓöÇΓöÇΓöÇΓöÇΓöÇ  
   FΓÇª  PDOException   
  SQLSTATE[08006] [7] connection to server at "127.0.0.1", port 5432 failed: FATAL:  database "lis_db" does not exist

  at vendor\laravel\framework\src\Illuminate\Database\Connectors\Connector.php:67
     63Γûò     protected function createPdoConnection($dsn, $username, #[\SensitiveParameter] $password, $options)
     64Γûò     {
     65Γûò         return version_compare(phpversion(), '8.4.0', '<')
     66Γûò             ? new PDO($dsn, $username, $password, $options)
  Γ₧£  67Γûò             : PDO::connect($dsn, $username, $password, $options); /** @phpstan-ignore staticMethod.notFound (PHP 8.4) */
     68Γûò     }
     69Γûò 
     70Γûò     /**
     71Γûò      * Handle an exception that occurred during connect execution.

  1   vendor\laravel\framework\src\Illuminate\Database\Connectors\Connector.php:67
  2   vendor\laravel\framework\src\Illuminate\Database\Connectors\Connector.php:44

  ΓöÇΓöÇΓöÇΓöÇΓöÇΓöÇΓöÇΓöÇΓöÇΓöÇΓöÇΓöÇΓöÇΓöÇΓöÇΓöÇΓöÇΓöÇ  
   FΓÇª  PDOException   
  SQLSTATE[08006] [7] connection to server at "127.0.0.1", port 5432 failed: FATAL:  database "lis_db" does not exist

  at vendor\laravel\framework\src\Illuminate\Database\Connectors\Connector.php:67
     63Γûò     protected function createPdoConnection($dsn, $username, #[\SensitiveParameter] $password, $options)
     64Γûò     {
     65Γûò         return version_compare(phpversion(), '8.4.0', '<')
     66Γûò             ? new PDO($dsn, $username, $password, $options)
  Γ₧£  67Γûò             : PDO::connect($dsn, $username, $password, $options); /** @phpstan-ignore staticMethod.notFound (PHP 8.4) */
     68Γûò     }
     69Γûò 
     70Γûò     /**
     71Γûò      * Handle an exception that occurred during connect execution.

  1   vendor\laravel\framework\src\Illuminate\Database\Connectors\Connector.php:67
  2   vendor\laravel\framework\src\Illuminate\Database\Connectors\Connector.php:44

  ΓöÇΓöÇΓöÇΓöÇΓöÇΓöÇΓöÇΓöÇΓöÇΓöÇΓöÇΓöÇΓöÇΓöÇΓöÇΓöÇΓöÇΓöÇ  
   FΓÇª  PDOException   
  SQLSTATE[08006] [7] connection to server at "127.0.0.1", port 5432 failed: FATAL:  database "lis_db" does not exist

  at vendor\laravel\framework\src\Illuminate\Database\Connectors\Connector.php:67
     63Γûò     protected function createPdoConnection($dsn, $username, #[\SensitiveParameter] $password, $options)
     64Γûò     {
     65Γûò         return version_compare(phpversion(), '8.4.0', '<')
     66Γûò             ? new PDO($dsn, $username, $password, $options)
  Γ₧£  67Γûò             : PDO::connect($dsn, $username, $password, $options); /** @phpstan-ignore staticMethod.notFound (PHP 8.4) */
     68Γûò     }
     69Γûò 
     70Γûò     /**
     71Γûò      * Handle an exception that occurred during connect execution.

  1   vendor\laravel\framework\src\Illuminate\Database\Connectors\Connector.php:67
  2   vendor\laravel\framework\src\Illuminate\Database\Connectors\Connector.php:44

  ΓöÇΓöÇΓöÇΓöÇΓöÇΓöÇΓöÇΓöÇΓöÇΓöÇΓöÇΓöÇΓöÇΓöÇΓöÇΓöÇΓöÇΓöÇ  
   FΓÇª  PDOException   
  SQLSTATE[08006] [7] connection to server at "127.0.0.1", port 5432 failed: FATAL:  database "lis_db" does not exist

  at vendor\laravel\framework\src\Illuminate\Database\Connectors\Connector.php:67
     63Γûò     protected function createPdoConnection($dsn, $username, #[\SensitiveParameter] $password, $options)
     64Γûò     {
     65Γûò         return version_compare(phpversion(), '8.4.0', '<')
     66Γûò             ? new PDO($dsn, $username, $password, $options)
  Γ₧£  67Γûò             : PDO::connect($dsn, $username, $password, $options); /** @phpstan-ignore staticMethod.notFound (PHP 8.4) */
     68Γûò     }
     69Γûò 
     70Γûò     /**
     71Γûò      * Handle an exception that occurred during connect execution.

  1   vendor\laravel\framework\src\Illuminate\Database\Connectors\Connector.php:67
  2   vendor\laravel\framework\src\Illuminate\Database\Connectors\Connector.php:44

  ΓöÇΓöÇΓöÇΓöÇΓöÇΓöÇΓöÇΓöÇΓöÇΓöÇΓöÇΓöÇΓöÇΓöÇΓöÇΓöÇΓöÇΓöÇ  
   FΓÇª  PDOException   
  SQLSTATE[08006] [7] connection to server at "127.0.0.1", port 5432 failed: FATAL:  database "lis_db" does not exist

  at vendor\laravel\framework\src\Illuminate\Database\Connectors\Connector.php:67
     63Γûò     protected function createPdoConnection($dsn, $username, #[\SensitiveParameter] $password, $options)
     64Γûò     {
     65Γûò         return version_compare(phpversion(), '8.4.0', '<')
     66Γûò             ? new PDO($dsn, $username, $password, $options)
  Γ₧£  67Γûò             : PDO::connect($dsn, $username, $password, $options); /** @phpstan-ignore staticMethod.notFound (PHP 8.4) */
     68Γûò     }
     69Γûò 
     70Γûò     /**
     71Γûò      * Handle an exception that occurred during connect execution.

  1   vendor\laravel\framework\src\Illuminate\Database\Connectors\Connector.php:67
  2   vendor\laravel\framework\src\Illuminate\Database\Connectors\Connector.php:44

  ΓöÇΓöÇΓöÇΓöÇΓöÇΓöÇΓöÇΓöÇΓöÇΓöÇΓöÇΓöÇΓöÇΓöÇΓöÇΓöÇΓöÇΓöÇ  
   FΓÇª  PDOException   
  SQLSTATE[08006] [7] connection to server at "127.0.0.1", port 5432 failed: FATAL:  database "lis_db" does not exist

  at vendor\laravel\framework\src\Illuminate\Database\Connectors\Connector.php:67
     63Γûò     protected function createPdoConnection($dsn, $username, #[\SensitiveParameter] $password, $options)
     64Γûò     {
     65Γûò         return version_compare(phpversion(), '8.4.0', '<')
     66Γûò             ? new PDO($dsn, $username, $password, $options)
  Γ₧£  67Γûò             : PDO::connect($dsn, $username, $password, $options); /** @phpstan-ignore staticMethod.notFound (PHP 8.4) */
     68Γûò     }
     69Γûò 
     70Γûò     /**
     71Γûò      * Handle an exception that occurred during connect execution.

  1   vendor\laravel\framework\src\Illuminate\Database\Connectors\Connector.php:67
  2   vendor\laravel\framework\src\Illuminate\Database\Connectors\Connector.php:44

  ΓöÇΓöÇΓöÇΓöÇΓöÇΓöÇΓöÇΓöÇΓöÇΓöÇΓöÇΓöÇΓöÇΓöÇΓöÇΓöÇΓöÇΓöÇ  
   FΓÇª  PDOException   
  SQLSTATE[08006] [7] connection to server at "127.0.0.1", port 5432 failed: FATAL:  database "lis_db" does not exist

  at vendor\laravel\framework\src\Illuminate\Database\Connectors\Connector.php:67
     63Γûò     protected function createPdoConnection($dsn, $username, #[\SensitiveParameter] $password, $options)
     64Γûò     {
     65Γûò         return version_compare(phpversion(), '8.4.0', '<')
     66Γûò             ? new PDO($dsn, $username, $password, $options)
  Γ₧£  67Γûò             : PDO::connect($dsn, $username, $password, $options); /** @phpstan-ignore staticMethod.notFound (PHP 8.4) */
     68Γûò     }
     69Γûò 
     70Γûò     /**
     71Γûò      * Handle an exception that occurred during connect execution.

  1   vendor\laravel\framework\src\Illuminate\Database\Connectors\Connector.php:67
  2   vendor\laravel\framework\src\Illuminate\Database\Connectors\Connector.php:44

  ΓöÇΓöÇΓöÇΓöÇΓöÇΓöÇΓöÇΓöÇΓöÇΓöÇΓöÇΓöÇΓöÇΓöÇΓöÇΓöÇΓöÇΓöÇ  
   FΓÇª  PDOException   
  SQLSTATE[08006] [7] connection to server at "127.0.0.1", port 5432 failed: FATAL:  database "lis_db" does not exist

  at vendor\laravel\framework\src\Illuminate\Database\Connectors\Connector.php:67
     63Γûò     protected function createPdoConnection($dsn, $username, #[\SensitiveParameter] $password, $options)
     64Γûò     {
     65Γûò         return version_compare(phpversion(), '8.4.0', '<')
     66Γûò             ? new PDO($dsn, $username, $password, $options)
  Γ₧£  67Γûò             : PDO::connect($dsn, $username, $password, $options); /** @phpstan-ignore staticMethod.notFound (PHP 8.4) */
     68Γûò     }
     69Γûò 
     70Γûò     /**
     71Γûò      * Handle an exception that occurred during connect execution.

  1   vendor\laravel\framework\src\Illuminate\Database\Connectors\Connector.php:67
  2   vendor\laravel\framework\src\Illuminate\Database\Connectors\Connector.php:44

  ΓöÇΓöÇΓöÇΓöÇΓöÇΓöÇΓöÇΓöÇΓöÇΓöÇΓöÇΓöÇΓöÇΓöÇΓöÇΓöÇΓöÇΓöÇ  
   FΓÇª  PDOException   
  SQLSTATE[08006] [7] connection to server at "127.0.0.1", port 5432 failed: FATAL:  database "lis_db" does not exist

  at vendor\laravel\framework\src\Illuminate\Database\Connectors\Connector.php:67
     63Γûò     protected function createPdoConnection($dsn, $username, #[\SensitiveParameter] $password, $options)
     64Γûò     {
     65Γûò         return version_compare(phpversion(), '8.4.0', '<')
     66Γûò             ? new PDO($dsn, $username, $password, $options)
  Γ₧£  67Γûò             : PDO::connect($dsn, $username, $password, $options); /** @phpstan-ignore staticMethod.notFound (PHP 8.4) */
     68Γûò     }
     69Γûò 
     70Γûò     /**
     71Γûò      * Handle an exception that occurred during connect execution.

  1   vendor\laravel\framework\src\Illuminate\Database\Connectors\Connector.php:67
  2   vendor\laravel\framework\src\Illuminate\Database\Connectors\Connector.php:44

  ΓöÇΓöÇΓöÇΓöÇΓöÇΓöÇΓöÇΓöÇΓöÇΓöÇΓöÇΓöÇΓöÇΓöÇΓöÇΓöÇΓöÇΓöÇ  
   FΓÇª  PDOException   
  SQLSTATE[08006] [7] connection to server at "127.0.0.1", port 5432 failed: FATAL:  database "lis_db" does not exist

  at vendor\laravel\framework\src\Illuminate\Database\Connectors\Connector.php:67
     63Γûò     protected function createPdoConnection($dsn, $username, #[\SensitiveParameter] $password, $options)
     64Γûò     {
     65Γûò         return version_compare(phpversion(), '8.4.0', '<')
     66Γûò             ? new PDO($dsn, $username, $password, $options)
  Γ₧£  67Γûò             : PDO::connect($dsn, $username, $password, $options); /** @phpstan-ignore staticMethod.notFound (PHP 8.4) */
     68Γûò     }
     69Γûò 
     70Γûò     /**
     71Γûò      * Handle an exception that occurred during connect execution.

  1   vendor\laravel\framework\src\Illuminate\Database\Connectors\Connector.php:67
  2   vendor\laravel\framework\src\Illuminate\Database\Connectors\Connector.php:44

  ΓöÇΓöÇΓöÇΓöÇΓöÇΓöÇΓöÇΓöÇΓöÇΓöÇΓöÇΓöÇΓöÇΓöÇΓöÇΓöÇΓöÇΓöÇ  
   FΓÇª  PDOException   
  SQLSTATE[08006] [7] connection to server at "127.0.0.1", port 5432 failed: FATAL:  database "lis_db" does not exist

  at vendor\laravel\framework\src\Illuminate\Database\Connectors\Connector.php:67
     63Γûò     protected function createPdoConnection($dsn, $username, #[\SensitiveParameter] $password, $options)
     64Γûò     {
     65Γûò         return version_compare(phpversion(), '8.4.0', '<')
     66Γûò             ? new PDO($dsn, $username, $password, $options)
  Γ₧£  67Γûò             : PDO::connect($dsn, $username, $password, $options); /** @phpstan-ignore staticMethod.notFound (PHP 8.4) */
     68Γûò     }
     69Γûò 
     70Γûò     /**
     71Γûò      * Handle an exception that occurred during connect execution.

  1   vendor\laravel\framework\src\Illuminate\Database\Connectors\Connector.php:67
  2   vendor\laravel\framework\src\Illuminate\Database\Connectors\Connector.php:44

  ΓöÇΓöÇΓöÇΓöÇΓöÇΓöÇΓöÇΓöÇΓöÇΓöÇΓöÇΓöÇΓöÇΓöÇΓöÇΓöÇΓöÇΓöÇ  
   FΓÇª  PDOException   
  SQLSTATE[08006] [7] connection to server at "127.0.0.1", port 5432 failed: FATAL:  database "lis_db" does not exist

  at vendor\laravel\framework\src\Illuminate\Database\Connectors\Connector.php:67
     63Γûò     protected function createPdoConnection($dsn, $username, #[\SensitiveParameter] $password, $options)
     64Γûò     {
     65Γûò         return version_compare(phpversion(), '8.4.0', '<')
     66Γûò             ? new PDO($dsn, $username, $password, $options)
  Γ₧£  67Γûò             : PDO::connect($dsn, $username, $password, $options); /** @phpstan-ignore staticMethod.notFound (PHP 8.4) */
     68Γûò     }
     69Γûò 
     70Γûò     /**
     71Γûò      * Handle an exception that occurred during connect execution.

  1   vendor\laravel\framework\src\Illuminate\Database\Connectors\Connector.php:67
  2   vendor\laravel\framework\src\Illuminate\Database\Connectors\Connector.php:44

  ΓöÇΓöÇΓöÇΓöÇΓöÇΓöÇΓöÇΓöÇΓöÇΓöÇΓöÇΓöÇΓöÇΓöÇΓöÇΓöÇΓöÇΓöÇ  
   FΓÇª  PDOException   
  SQLSTATE[08006] [7] connection to server at "127.0.0.1", port 5432 failed: FATAL:  database "lis_db" does not exist

  at vendor\laravel\framework\src\Illuminate\Database\Connectors\Connector.php:67
     63Γûò     protected function createPdoConnection($dsn, $username, #[\SensitiveParameter] $password, $options)
     64Γûò     {
     65Γûò         return version_compare(phpversion(), '8.4.0', '<')
     66Γûò             ? new PDO($dsn, $username, $password, $options)
  Γ₧£  67Γûò             : PDO::connect($dsn, $username, $password, $options); /** @phpstan-ignore staticMethod.notFound (PHP 8.4) */
     68Γûò     }
     69Γûò 
     70Γûò     /**
     71Γûò      * Handle an exception that occurred during connect execution.

  1   vendor\laravel\framework\src\Illuminate\Database\Connectors\Connector.php:67
  2   vendor\laravel\framework\src\Illuminate\Database\Connectors\Connector.php:44

  ΓöÇΓöÇΓöÇΓöÇΓöÇΓöÇΓöÇΓöÇΓöÇΓöÇΓöÇΓöÇΓöÇΓöÇΓöÇΓöÇΓöÇΓöÇ  
   FΓÇª  PDOException   
  SQLSTATE[08006] [7] connection to server at "127.0.0.1", port 5432 failed: FATAL:  database "lis_db" does not exist

  at vendor\laravel\framework\src\Illuminate\Database\Connectors\Connector.php:67
     63Γûò     protected function createPdoConnection($dsn, $username, #[\SensitiveParameter] $password, $options)
     64Γûò     {
     65Γûò         return version_compare(phpversion(), '8.4.0', '<')
     66Γûò             ? new PDO($dsn, $username, $password, $options)
  Γ₧£  67Γûò             : PDO::connect($dsn, $username, $password, $options); /** @phpstan-ignore staticMethod.notFound (PHP 8.4) */
     68Γûò     }
     69Γûò 
     70Γûò     /**
     71Γûò      * Handle an exception that occurred during connect execution.

  1   vendor\laravel\framework\src\Illuminate\Database\Connectors\Connector.php:67
  2   vendor\laravel\framework\src\Illuminate\Database\Connectors\Connector.php:44

  ΓöÇΓöÇΓöÇΓöÇΓöÇΓöÇΓöÇΓöÇΓöÇΓöÇΓöÇΓöÇΓöÇΓöÇΓöÇΓöÇΓöÇΓöÇ  
   FΓÇª  PDOException   
  SQLSTATE[08006] [7] connection to server at "127.0.0.1", port 5432 failed: FATAL:  database "lis_db" does not exist

  at vendor\laravel\framework\src\Illuminate\Database\Connectors\Connector.php:67
     63Γûò     protected function createPdoConnection($dsn, $username, #[\SensitiveParameter] $password, $options)
     64Γûò     {
     65Γûò         return version_compare(phpversion(), '8.4.0', '<')
     66Γûò             ? new PDO($dsn, $username, $password, $options)
  Γ₧£  67Γûò             : PDO::connect($dsn, $username, $password, $options); /** @phpstan-ignore staticMethod.notFound (PHP 8.4) */
     68Γûò     }
     69Γûò 
     70Γûò     /**
     71Γûò      * Handle an exception that occurred during connect execution.

  1   vendor\laravel\framework\src\Illuminate\Database\Connectors\Connector.php:67
  2   vendor\laravel\framework\src\Illuminate\Database\Connectors\Connector.php:44

  ΓöÇΓöÇΓöÇΓöÇΓöÇΓöÇΓöÇΓöÇΓöÇΓöÇΓöÇΓöÇΓöÇΓöÇΓöÇΓöÇΓöÇΓöÇ  
   FΓÇª  PDOException   
  SQLSTATE[08006] [7] connection to server at "127.0.0.1", port 5432 failed: FATAL:  database "lis_db" does not exist

  at vendor\laravel\framework\src\Illuminate\Database\Connectors\Connector.php:67
     63Γûò     protected function createPdoConnection($dsn, $username, #[\SensitiveParameter] $password, $options)
     64Γûò     {
     65Γûò         return version_compare(phpversion(), '8.4.0', '<')
     66Γûò             ? new PDO($dsn, $username, $password, $options)
  Γ₧£  67Γûò             : PDO::connect($dsn, $username, $password, $options); /** @phpstan-ignore staticMethod.notFound (PHP 8.4) */
     68Γûò     }
     69Γûò 
     70Γûò     /**
     71Γûò      * Handle an exception that occurred during connect execution.

  1   vendor\laravel\framework\src\Illuminate\Database\Connectors\Connector.php:67
  2   vendor\laravel\framework\src\Illuminate\Database\Connectors\Connector.php:44

  ΓöÇΓöÇΓöÇΓöÇΓöÇΓöÇΓöÇΓöÇΓöÇΓöÇΓöÇΓöÇΓöÇΓöÇΓöÇΓöÇΓöÇΓöÇ  
   FΓÇª  PDOException   
  SQLSTATE[08006] [7] connection to server at "127.0.0.1", port 5432 failed: FATAL:  database "lis_db" does not exist

  at vendor\laravel\framework\src\Illuminate\Database\Connectors\Connector.php:67
     63Γûò     protected function createPdoConnection($dsn, $username, #[\SensitiveParameter] $password, $options)
     64Γûò     {
     65Γûò         return version_compare(phpversion(), '8.4.0', '<')
     66Γûò             ? new PDO($dsn, $username, $password, $options)
  Γ₧£  67Γûò             : PDO::connect($dsn, $username, $password, $options); /** @phpstan-ignore staticMethod.notFound (PHP 8.4) */
     68Γûò     }
     69Γûò 
     70Γûò     /**
     71Γûò      * Handle an exception that occurred during connect execution.

  1   vendor\laravel\framework\src\Illuminate\Database\Connectors\Connector.php:67
  2   vendor\laravel\framework\src\Illuminate\Database\Connectors\Connector.php:44

  ΓöÇΓöÇΓöÇΓöÇΓöÇΓöÇΓöÇΓöÇΓöÇΓöÇΓöÇΓöÇΓöÇΓöÇΓöÇΓöÇΓöÇΓöÇ  
   FΓÇª  PDOException   
  SQLSTATE[08006] [7] connection to server at "127.0.0.1", port 5432 failed: FATAL:  database "lis_db" does not exist

  at vendor\laravel\framework\src\Illuminate\Database\Connectors\Connector.php:67
     63Γûò     protected function createPdoConnection($dsn, $username, #[\SensitiveParameter] $password, $options)
     64Γûò     {
     65Γûò         return version_compare(phpversion(), '8.4.0', '<')
     66Γûò             ? new PDO($dsn, $username, $password, $options)
  Γ₧£  67Γûò             : PDO::connect($dsn, $username, $password, $options); /** @phpstan-ignore staticMethod.notFound (PHP 8.4) */
     68Γûò     }
     69Γûò 
     70Γûò     /**
     71Γûò      * Handle an exception that occurred during connect execution.

  1   vendor\laravel\framework\src\Illuminate\Database\Connectors\Connector.php:67
  2   vendor\laravel\framework\src\Illuminate\Database\Connectors\Connector.php:44

  ΓöÇΓöÇΓöÇΓöÇΓöÇΓöÇΓöÇΓöÇΓöÇΓöÇΓöÇΓöÇΓöÇΓöÇΓöÇΓöÇΓöÇΓöÇ  
   FΓÇª  PDOException   
  SQLSTATE[08006] [7] connection to server at "127.0.0.1", port 5432 failed: FATAL:  database "lis_db" does not exist

  at vendor\laravel\framework\src\Illuminate\Database\Connectors\Connector.php:67
     63Γûò     protected function createPdoConnection($dsn, $username, #[\SensitiveParameter] $password, $options)
     64Γûò     {
     65Γûò         return version_compare(phpversion(), '8.4.0', '<')
     66Γûò             ? new PDO($dsn, $username, $password, $options)
  Γ₧£  67Γûò             : PDO::connect($dsn, $username, $password, $options); /** @phpstan-ignore staticMethod.notFound (PHP 8.4) */
     68Γûò     }
     69Γûò 
     70Γûò     /**
     71Γûò      * Handle an exception that occurred during connect execution.

  1   vendor\laravel\framework\src\Illuminate\Database\Connectors\Connector.php:67
  2   vendor\laravel\framework\src\Illuminate\Database\Connectors\Connector.php:44

  ΓöÇΓöÇΓöÇΓöÇΓöÇΓöÇΓöÇΓöÇΓöÇΓöÇΓöÇΓöÇΓöÇΓöÇΓöÇΓöÇΓöÇΓöÇ  
   FΓÇª  PDOException   
  SQLSTATE[08006] [7] connection to server at "127.0.0.1", port 5432 failed: FATAL:  database "lis_db" does not exist

  at vendor\laravel\framework\src\Illuminate\Database\Connectors\Connector.php:67
     63Γûò     protected function createPdoConnection($dsn, $username, #[\SensitiveParameter] $password, $options)
     64Γûò     {
     65Γûò         return version_compare(phpversion(), '8.4.0', '<')
     66Γûò             ? new PDO($dsn, $username, $password, $options)
  Γ₧£  67Γûò             : PDO::connect($dsn, $username, $password, $options); /** @phpstan-ignore staticMethod.notFound (PHP 8.4) */
     68Γûò     }
     69Γûò 
     70Γûò     /**
     71Γûò      * Handle an exception that occurred during connect execution.

  1   vendor\laravel\framework\src\Illuminate\Database\Connectors\Connector.php:67
  2   vendor\laravel\framework\src\Illuminate\Database\Connectors\Connector.php:44

  ΓöÇΓöÇΓöÇΓöÇΓöÇΓöÇΓöÇΓöÇΓöÇΓöÇΓöÇΓöÇΓöÇΓöÇΓöÇΓöÇΓöÇΓöÇ  
   FΓÇª  PDOException   
  SQLSTATE[08006] [7] connection to server at "127.0.0.1", port 5432 failed: FATAL:  database "lis_db" does not exist

  at vendor\laravel\framework\src\Illuminate\Database\Connectors\Connector.php:67
     63Γûò     protected function createPdoConnection($dsn, $username, #[\SensitiveParameter] $password, $options)
     64Γûò     {
     65Γûò         return version_compare(phpversion(), '8.4.0', '<')
     66Γûò             ? new PDO($dsn, $username, $password, $options)
  Γ₧£  67Γûò             : PDO::connect($dsn, $username, $password, $options); /** @phpstan-ignore staticMethod.notFound (PHP 8.4) */
     68Γûò     }
     69Γûò 
     70Γûò     /**
     71Γûò      * Handle an exception that occurred during connect execution.

  1   vendor\laravel\framework\src\Illuminate\Database\Connectors\Connector.php:67
  2   vendor\laravel\framework\src\Illuminate\Database\Connectors\Connector.php:44

  ΓöÇΓöÇΓöÇΓöÇΓöÇΓöÇΓöÇΓöÇΓöÇΓöÇΓöÇΓöÇΓöÇΓöÇΓöÇΓöÇΓöÇΓöÇ  
   FΓÇª  PDOException   
  SQLSTATE[08006] [7] connection to server at "127.0.0.1", port 5432 failed: FATAL:  database "lis_db" does not exist

  at vendor\laravel\framework\src\Illuminate\Database\Connectors\Connector.php:67
     63Γûò     protected function createPdoConnection($dsn, $username, #[\SensitiveParameter] $password, $options)
     64Γûò     {
     65Γûò         return version_compare(phpversion(), '8.4.0', '<')
     66Γûò             ? new PDO($dsn, $username, $password, $options)
  Γ₧£  67Γûò             : PDO::connect($dsn, $username, $password, $options); /** @phpstan-ignore staticMethod.notFound (PHP 8.4) */
     68Γûò     }
     69Γûò 
     70Γûò     /**
     71Γûò      * Handle an exception that occurred during connect execution.

  1   vendor\laravel\framework\src\Illuminate\Database\Connectors\Connector.php:67
  2   vendor\laravel\framework\src\Illuminate\Database\Connectors\Connector.php:44

  ΓöÇΓöÇΓöÇΓöÇΓöÇΓöÇΓöÇΓöÇΓöÇΓöÇΓöÇΓöÇΓöÇΓöÇΓöÇΓöÇΓöÇΓöÇ  
   FΓÇª  PDOException   
  SQLSTATE[08006] [7] connection to server at "127.0.0.1", port 5432 failed: FATAL:  database "lis_db" does not exist

  at vendor\laravel\framework\src\Illuminate\Database\Connectors\Connector.php:67
     63Γûò     protected function createPdoConnection($dsn, $username, #[\SensitiveParameter] $password, $options)
     64Γûò     {
     65Γûò         return version_compare(phpversion(), '8.4.0', '<')
     66Γûò             ? new PDO($dsn, $username, $password, $options)
  Γ₧£  67Γûò             : PDO::connect($dsn, $username, $password, $options); /** @phpstan-ignore staticMethod.notFound (PHP 8.4) */
     68Γûò     }
     69Γûò 
     70Γûò     /**
     71Γûò      * Handle an exception that occurred during connect execution.

  1   vendor\laravel\framework\src\Illuminate\Database\Connectors\Connector.php:67
  2   vendor\laravel\framework\src\Illuminate\Database\Connectors\Connector.php:44

  ΓöÇΓöÇΓöÇΓöÇΓöÇΓöÇΓöÇΓöÇΓöÇΓöÇΓöÇΓöÇΓöÇΓöÇΓöÇΓöÇΓöÇΓöÇ  
   FΓÇª  PDOException   
  SQLSTATE[08006] [7] connection to server at "127.0.0.1", port 5432 failed: FATAL:  database "lis_db" does not exist

  at vendor\laravel\framework\src\Illuminate\Database\Connectors\Connector.php:67
     63Γûò     protected function createPdoConnection($dsn, $username, #[\SensitiveParameter] $password, $options)
     64Γûò     {
     65Γûò         return version_compare(phpversion(), '8.4.0', '<')
     66Γûò             ? new PDO($dsn, $username, $password, $options)
  Γ₧£  67Γûò             : PDO::connect($dsn, $username, $password, $options); /** @phpstan-ignore staticMethod.notFound (PHP 8.4) */
     68Γûò     }
     69Γûò 
     70Γûò     /**
     71Γûò      * Handle an exception that occurred during connect execution.

  1   vendor\laravel\framework\src\Illuminate\Database\Connectors\Connector.php:67
  2   vendor\laravel\framework\src\Illuminate\Database\Connectors\Connector.php:44

  ΓöÇΓöÇΓöÇΓöÇΓöÇΓöÇΓöÇΓöÇΓöÇΓöÇΓöÇΓöÇΓöÇΓöÇΓöÇΓöÇΓöÇΓöÇ  
   FΓÇª  PDOException   
  SQLSTATE[08006] [7] connection to server at "127.0.0.1", port 5432 failed: FATAL:  database "lis_db" does not exist

  at vendor\laravel\framework\src\Illuminate\Database\Connectors\Connector.php:67
     63Γûò     protected function createPdoConnection($dsn, $username, #[\SensitiveParameter] $password, $options)
     64Γûò     {
     65Γûò         return version_compare(phpversion(), '8.4.0', '<')
     66Γûò             ? new PDO($dsn, $username, $password, $options)
  Γ₧£  67Γûò             : PDO::connect($dsn, $username, $password, $options); /** @phpstan-ignore staticMethod.notFound (PHP 8.4) */
     68Γûò     }
     69Γûò 
     70Γûò     /**
     71Γûò      * Handle an exception that occurred during connect execution.

  1   vendor\laravel\framework\src\Illuminate\Database\Connectors\Connector.php:67
  2   vendor\laravel\framework\src\Illuminate\Database\Connectors\Connector.php:44

  ΓöÇΓöÇΓöÇΓöÇΓöÇΓöÇΓöÇΓöÇΓöÇΓöÇΓöÇΓöÇΓöÇΓöÇΓöÇΓöÇΓöÇΓöÇ  
   FΓÇª  PDOException   
  SQLSTATE[08006] [7] connection to server at "127.0.0.1", port 5432 failed: FATAL:  database "lis_db" does not exist

  at vendor\laravel\framework\src\Illuminate\Database\Connectors\Connector.php:67
     63Γûò     protected function createPdoConnection($dsn, $username, #[\SensitiveParameter] $password, $options)
     64Γûò     {
     65Γûò         return version_compare(phpversion(), '8.4.0', '<')
     66Γûò             ? new PDO($dsn, $username, $password, $options)
  Γ₧£  67Γûò             : PDO::connect($dsn, $username, $password, $options); /** @phpstan-ignore staticMethod.notFound (PHP 8.4) */
     68Γûò     }
     69Γûò 
     70Γûò     /**
     71Γûò      * Handle an exception that occurred during connect execution.

  1   vendor\laravel\framework\src\Illuminate\Database\Connectors\Connector.php:67
  2   vendor\laravel\framework\src\Illuminate\Database\Connectors\Connector.php:44

  ΓöÇΓöÇΓöÇΓöÇΓöÇΓöÇΓöÇΓöÇΓöÇΓöÇΓöÇΓöÇΓöÇΓöÇΓöÇΓöÇΓöÇΓöÇ  
   FΓÇª  PDOException   
  SQLSTATE[08006] [7] connection to server at "127.0.0.1", port 5432 failed: FATAL:  database "lis_db" does not exist

  at vendor\laravel\framework\src\Illuminate\Database\Connectors\Connector.php:67
     63Γûò     protected function createPdoConnection($dsn, $username, #[\SensitiveParameter] $password, $options)
     64Γûò     {
     65Γûò         return version_compare(phpversion(), '8.4.0', '<')
     66Γûò             ? new PDO($dsn, $username, $password, $options)
  Γ₧£  67Γûò             : PDO::connect($dsn, $username, $password, $options); /** @phpstan-ignore staticMethod.notFound (PHP 8.4) */
     68Γûò     }
     69Γûò 
     70Γûò     /**
     71Γûò      * Handle an exception that occurred during connect execution.

  1   vendor\laravel\framework\src\Illuminate\Database\Connectors\Connector.php:67
  2   vendor\laravel\framework\src\Illuminate\Database\Connectors\Connector.php:44

  ΓöÇΓöÇΓöÇΓöÇΓöÇΓöÇΓöÇΓöÇΓöÇΓöÇΓöÇΓöÇΓöÇΓöÇΓöÇΓöÇΓöÇΓöÇ  
   FΓÇª  PDOException   
  SQLSTATE[08006] [7] connection to server at "127.0.0.1", port 5432 failed: FATAL:  database "lis_db" does not exist

  at vendor\laravel\framework\src\Illuminate\Database\Connectors\Connector.php:67
     63Γûò     protected function createPdoConnection($dsn, $username, #[\SensitiveParameter] $password, $options)
     64Γûò     {
     65Γûò         return version_compare(phpversion(), '8.4.0', '<')
     66Γûò             ? new PDO($dsn, $username, $password, $options)
  Γ₧£  67Γûò             : PDO::connect($dsn, $username, $password, $options); /** @phpstan-ignore staticMethod.notFound (PHP 8.4) */
     68Γûò     }
     69Γûò 
     70Γûò     /**
     71Γûò      * Handle an exception that occurred during connect execution.

  1   vendor\laravel\framework\src\Illuminate\Database\Connectors\Connector.php:67
  2   vendor\laravel\framework\src\Illuminate\Database\Connectors\Connector.php:44

  ΓöÇΓöÇΓöÇΓöÇΓöÇΓöÇΓöÇΓöÇΓöÇΓöÇΓöÇΓöÇΓöÇΓöÇΓöÇΓöÇΓöÇΓöÇ  
   FΓÇª  PDOException   
  SQLSTATE[08006] [7] connection to server at "127.0.0.1", port 5432 failed: FATAL:  database "lis_db" does not exist

  at vendor\laravel\framework\src\Illuminate\Database\Connectors\Connector.php:67
     63Γûò     protected function createPdoConnection($dsn, $username, #[\SensitiveParameter] $password, $options)
     64Γûò     {
     65Γûò         return version_compare(phpversion(), '8.4.0', '<')
     66Γûò             ? new PDO($dsn, $username, $password, $options)
  Γ₧£  67Γûò             : PDO::connect($dsn, $username, $password, $options); /** @phpstan-ignore staticMethod.notFound (PHP 8.4) */
     68Γûò     }
     69Γûò 
     70Γûò     /**
     71Γûò      * Handle an exception that occurred during connect execution.

  1   vendor\laravel\framework\src\Illuminate\Database\Connectors\Connector.php:67
  2   vendor\laravel\framework\src\Illuminate\Database\Connectors\Connector.php:44

  ΓöÇΓöÇΓöÇΓöÇΓöÇΓöÇΓöÇΓöÇΓöÇΓöÇΓöÇΓöÇΓöÇΓöÇΓöÇΓöÇΓöÇΓöÇ  
   FΓÇª  PDOException   
  SQLSTATE[08006] [7] connection to server at "127.0.0.1", port 5432 failed: FATAL:  database "lis_db" does not exist

  at vendor\laravel\framework\src\Illuminate\Database\Connectors\Connector.php:67
     63Γûò     protected function createPdoConnection($dsn, $username, #[\SensitiveParameter] $password, $options)
     64Γûò     {
     65Γûò         return version_compare(phpversion(), '8.4.0', '<')
     66Γûò             ? new PDO($dsn, $username, $password, $options)
  Γ₧£  67Γûò             : PDO::connect($dsn, $username, $password, $options); /** @phpstan-ignore staticMethod.notFound (PHP 8.4) */
     68Γûò     }
     69Γûò 
     70Γûò     /**
     71Γûò      * Handle an exception that occurred during connect execution.

  1   vendor\laravel\framework\src\Illuminate\Database\Connectors\Connector.php:67
  2   vendor\laravel\framework\src\Illuminate\Database\Connectors\Connector.php:44

  ΓöÇΓöÇΓöÇΓöÇΓöÇΓöÇΓöÇΓöÇΓöÇΓöÇΓöÇΓöÇΓöÇΓöÇΓöÇΓöÇΓöÇΓöÇ  
   FΓÇª  PDOException   
  SQLSTATE[08006] [7] connection to server at "127.0.0.1", port 5432 failed: FATAL:  database "lis_db" does not exist

  at vendor\laravel\framework\src\Illuminate\Database\Connectors\Connector.php:67
     63Γûò     protected function createPdoConnection($dsn, $username, #[\SensitiveParameter] $password, $options)
     64Γûò     {
     65Γûò         return version_compare(phpversion(), '8.4.0', '<')
     66Γûò             ? new PDO($dsn, $username, $password, $options)
  Γ₧£  67Γûò             : PDO::connect($dsn, $username, $password, $options); /** @phpstan-ignore staticMethod.notFound (PHP 8.4) */
     68Γûò     }
     69Γûò 
     70Γûò     /**
     71Γûò      * Handle an exception that occurred during connect execution.

  1   vendor\laravel\framework\src\Illuminate\Database\Connectors\Connector.php:67
  2   vendor\laravel\framework\src\Illuminate\Database\Connectors\Connector.php:44

  ΓöÇΓöÇΓöÇΓöÇΓöÇΓöÇΓöÇΓöÇΓöÇΓöÇΓöÇΓöÇΓöÇΓöÇΓöÇΓöÇΓöÇΓöÇ  
   FΓÇª  PDOException   
  SQLSTATE[08006] [7] connection to server at "127.0.0.1", port 5432 failed: FATAL:  database "lis_db" does not exist

  at vendor\laravel\framework\src\Illuminate\Database\Connectors\Connector.php:67
     63Γûò     protected function createPdoConnection($dsn, $username, #[\SensitiveParameter] $password, $options)
     64Γûò     {
     65Γûò         return version_compare(phpversion(), '8.4.0', '<')
     66Γûò             ? new PDO($dsn, $username, $password, $options)
  Γ₧£  67Γûò             : PDO::connect($dsn, $username, $password, $options); /** @phpstan-ignore staticMethod.notFound (PHP 8.4) */
     68Γûò     }
     69Γûò 
     70Γûò     /**
     71Γûò      * Handle an exception that occurred during connect execution.

  1   vendor\laravel\framework\src\Illuminate\Database\Connectors\Connector.php:67
  2   vendor\laravel\framework\src\Illuminate\Database\Connectors\Connector.php:44

  ΓöÇΓöÇΓöÇΓöÇΓöÇΓöÇΓöÇΓöÇΓöÇΓöÇΓöÇΓöÇΓöÇΓöÇΓöÇΓöÇΓöÇΓöÇ  
   FΓÇª  PDOException   
  SQLSTATE[08006] [7] connection to server at "127.0.0.1", port 5432 failed: FATAL:  database "lis_db" does not exist

  at vendor\laravel\framework\src\Illuminate\Database\Connectors\Connector.php:67
     63Γûò     protected function createPdoConnection($dsn, $username, #[\SensitiveParameter] $password, $options)
     64Γûò     {
     65Γûò         return version_compare(phpversion(), '8.4.0', '<')
     66Γûò             ? new PDO($dsn, $username, $password, $options)
  Γ₧£  67Γûò             : PDO::connect($dsn, $username, $password, $options); /** @phpstan-ignore staticMethod.notFound (PHP 8.4) */
     68Γûò     }
     69Γûò 
     70Γûò     /**
     71Γûò      * Handle an exception that occurred during connect execution.

  1   vendor\laravel\framework\src\Illuminate\Database\Connectors\Connector.php:67
  2   vendor\laravel\framework\src\Illuminate\Database\Connectors\Connector.php:44

  ΓöÇΓöÇΓöÇΓöÇΓöÇΓöÇΓöÇΓöÇΓöÇΓöÇΓöÇΓöÇΓöÇΓöÇΓöÇΓöÇΓöÇΓöÇ  
   FΓÇª  PDOException   
  SQLSTATE[08006] [7] connection to server at "127.0.0.1", port 5432 failed: FATAL:  database "lis_db" does not exist

  at vendor\laravel\framework\src\Illuminate\Database\Connectors\Connector.php:67
     63Γûò     protected function createPdoConnection($dsn, $username, #[\SensitiveParameter] $password, $options)
     64Γûò     {
     65Γûò         return version_compare(phpversion(), '8.4.0', '<')
     66Γûò             ? new PDO($dsn, $username, $password, $options)
  Γ₧£  67Γûò             : PDO::connect($dsn, $username, $password, $options); /** @phpstan-ignore staticMethod.notFound (PHP 8.4) */
     68Γûò     }
     69Γûò 
     70Γûò     /**
     71Γûò      * Handle an exception that occurred during connect execution.

  1   vendor\laravel\framework\src\Illuminate\Database\Connectors\Connector.php:67
  2   vendor\laravel\framework\src\Illuminate\Database\Connectors\Connector.php:44

  ΓöÇΓöÇΓöÇΓöÇΓöÇΓöÇΓöÇΓöÇΓöÇΓöÇΓöÇΓöÇΓöÇΓöÇΓöÇΓöÇΓöÇΓöÇ  
   FΓÇª  PDOException   
  SQLSTATE[08006] [7] connection to server at "127.0.0.1", port 5432 failed: FATAL:  database "lis_db" does not exist

  at vendor\laravel\framework\src\Illuminate\Database\Connectors\Connector.php:67
     63Γûò     protected function createPdoConnection($dsn, $username, #[\SensitiveParameter] $password, $options)
     64Γûò     {
     65Γûò         return version_compare(phpversion(), '8.4.0', '<')
     66Γûò             ? new PDO($dsn, $username, $password, $options)
  Γ₧£  67Γûò             : PDO::connect($dsn, $username, $password, $options); /** @phpstan-ignore staticMethod.notFound (PHP 8.4) */
     68Γûò     }
     69Γûò 
     70Γûò     /**
     71Γûò      * Handle an exception that occurred during connect execution.

  1   vendor\laravel\framework\src\Illuminate\Database\Connectors\Connector.php:67
  2   vendor\laravel\framework\src\Illuminate\Database\Connectors\Connector.php:44

  ΓöÇΓöÇΓöÇΓöÇΓöÇΓöÇΓöÇΓöÇΓöÇΓöÇΓöÇΓöÇΓöÇΓöÇΓöÇΓöÇΓöÇΓöÇ  
   FΓÇª  PDOException   
  SQLSTATE[08006] [7] connection to server at "127.0.0.1", port 5432 failed: FATAL:  database "lis_db" does not exist

  at vendor\laravel\framework\src\Illuminate\Database\Connectors\Connector.php:67
     63Γûò     protected function createPdoConnection($dsn, $username, #[\SensitiveParameter] $password, $options)
     64Γûò     {
     65Γûò         return version_compare(phpversion(), '8.4.0', '<')
     66Γûò             ? new PDO($dsn, $username, $password, $options)
  Γ₧£  67Γûò             : PDO::connect($dsn, $username, $password, $options); /** @phpstan-ignore staticMethod.notFound (PHP 8.4) */
     68Γûò     }
     69Γûò 
     70Γûò     /**
     71Γûò      * Handle an exception that occurred during connect execution.

  1   vendor\laravel\framework\src\Illuminate\Database\Connectors\Connector.php:67
  2   vendor\laravel\framework\src\Illuminate\Database\Connectors\Connector.php:44

  ΓöÇΓöÇΓöÇΓöÇΓöÇΓöÇΓöÇΓöÇΓöÇΓöÇΓöÇΓöÇΓöÇΓöÇΓöÇΓöÇΓöÇΓöÇ  
   FΓÇª  PDOException   
  SQLSTATE[08006] [7] connection to server at "127.0.0.1", port 5432 failed: FATAL:  database "lis_db" does not exist

  at vendor\laravel\framework\src\Illuminate\Database\Connectors\Connector.php:67
     63Γûò     protected function createPdoConnection($dsn, $username, #[\SensitiveParameter] $password, $options)
     64Γûò     {
     65Γûò         return version_compare(phpversion(), '8.4.0', '<')
     66Γûò             ? new PDO($dsn, $username, $password, $options)
  Γ₧£  67Γûò             : PDO::connect($dsn, $username, $password, $options); /** @phpstan-ignore staticMethod.notFound (PHP 8.4) */
     68Γûò     }
     69Γûò 
     70Γûò     /**
     71Γûò      * Handle an exception that occurred during connect execution.

  1   vendor\laravel\framework\src\Illuminate\Database\Connectors\Connector.php:67
  2   vendor\laravel\framework\src\Illuminate\Database\Connectors\Connector.php:44

  ΓöÇΓöÇΓöÇΓöÇΓöÇΓöÇΓöÇΓöÇΓöÇΓöÇΓöÇΓöÇΓöÇΓöÇΓöÇΓöÇΓöÇΓöÇ  
   FΓÇª  PDOException   
  SQLSTATE[08006] [7] connection to server at "127.0.0.1", port 5432 failed: FATAL:  database "lis_db" does not exist

  at vendor\laravel\framework\src\Illuminate\Database\Connectors\Connector.php:67
     63Γûò     protected function createPdoConnection($dsn, $username, #[\SensitiveParameter] $password, $options)
     64Γûò     {
     65Γûò         return version_compare(phpversion(), '8.4.0', '<')
     66Γûò             ? new PDO($dsn, $username, $password, $options)
  Γ₧£  67Γûò             : PDO::connect($dsn, $username, $password, $options); /** @phpstan-ignore staticMethod.notFound (PHP 8.4) */
     68Γûò     }
     69Γûò 
     70Γûò     /**
     71Γûò      * Handle an exception that occurred during connect execution.

  1   vendor\laravel\framework\src\Illuminate\Database\Connectors\Connector.php:67
  2   vendor\laravel\framework\src\Illuminate\Database\Connectors\Connector.php:44

  ΓöÇΓöÇΓöÇΓöÇΓöÇΓöÇΓöÇΓöÇΓöÇΓöÇΓöÇΓöÇΓöÇΓöÇΓöÇΓöÇΓöÇΓöÇ  
   FΓÇª  PDOException   
  SQLSTATE[08006] [7] connection to server at "127.0.0.1", port 5432 failed: FATAL:  database "lis_db" does not exist

  at vendor\laravel\framework\src\Illuminate\Database\Connectors\Connector.php:67
     63Γûò     protected function createPdoConnection($dsn, $username, #[\SensitiveParameter] $password, $options)
     64Γûò     {
     65Γûò         return version_compare(phpversion(), '8.4.0', '<')
     66Γûò             ? new PDO($dsn, $username, $password, $options)
  Γ₧£  67Γûò             : PDO::connect($dsn, $username, $password, $options); /** @phpstan-ignore staticMethod.notFound (PHP 8.4) */
     68Γûò     }
     69Γûò 
     70Γûò     /**
     71Γûò      * Handle an exception that occurred during connect execution.

  1   vendor\laravel\framework\src\Illuminate\Database\Connectors\Connector.php:67
  2   vendor\laravel\framework\src\Illuminate\Database\Connectors\Connector.php:44

  ΓöÇΓöÇΓöÇΓöÇΓöÇΓöÇΓöÇΓöÇΓöÇΓöÇΓöÇΓöÇΓöÇΓöÇΓöÇΓöÇΓöÇΓöÇ  
   FΓÇª  PDOException   
  SQLSTATE[08006] [7] connection to server at "127.0.0.1", port 5432 failed: FATAL:  database "lis_db" does not exist

  at vendor\laravel\framework\src\Illuminate\Database\Connectors\Connector.php:67
     63Γûò     protected function createPdoConnection($dsn, $username, #[\SensitiveParameter] $password, $options)
     64Γûò     {
     65Γûò         return version_compare(phpversion(), '8.4.0', '<')
     66Γûò             ? new PDO($dsn, $username, $password, $options)
  Γ₧£  67Γûò             : PDO::connect($dsn, $username, $password, $options); /** @phpstan-ignore staticMethod.notFound (PHP 8.4) */
     68Γûò     }
     69Γûò 
     70Γûò     /**
     71Γûò      * Handle an exception that occurred during connect execution.

  1   vendor\laravel\framework\src\Illuminate\Database\Connectors\Connector.php:67
  2   vendor\laravel\framework\src\Illuminate\Database\Connectors\Connector.php:44

  ΓöÇΓöÇΓöÇΓöÇΓöÇΓöÇΓöÇΓöÇΓöÇΓöÇΓöÇΓöÇΓöÇΓöÇΓöÇΓöÇΓöÇΓöÇ  
   FΓÇª  PDOException   
  SQLSTATE[08006] [7] connection to server at "127.0.0.1", port 5432 failed: FATAL:  database "lis_db" does not exist

  at vendor\laravel\framework\src\Illuminate\Database\Connectors\Connector.php:67
     63Γûò     protected function createPdoConnection($dsn, $username, #[\SensitiveParameter] $password, $options)
     64Γûò     {
     65Γûò         return version_compare(phpversion(), '8.4.0', '<')
     66Γûò             ? new PDO($dsn, $username, $password, $options)
  Γ₧£  67Γûò             : PDO::connect($dsn, $username, $password, $options); /** @phpstan-ignore staticMethod.notFound (PHP 8.4) */
     68Γûò     }
     69Γûò 
     70Γûò     /**
     71Γûò      * Handle an exception that occurred during connect execution.

  1   vendor\laravel\framework\src\Illuminate\Database\Connectors\Connector.php:67
  2   vendor\laravel\framework\src\Illuminate\Database\Connectors\Connector.php:44

  ΓöÇΓöÇΓöÇΓöÇΓöÇΓöÇΓöÇΓöÇΓöÇΓöÇΓöÇΓöÇΓöÇΓöÇΓöÇΓöÇΓöÇΓöÇ  
   FΓÇª  PDOException   
  SQLSTATE[08006] [7] connection to server at "127.0.0.1", port 5432 failed: FATAL:  database "lis_db" does not exist

  at vendor\laravel\framework\src\Illuminate\Database\Connectors\Connector.php:67
     63Γûò     protected function createPdoConnection($dsn, $username, #[\SensitiveParameter] $password, $options)
     64Γûò     {
     65Γûò         return version_compare(phpversion(), '8.4.0', '<')
     66Γûò             ? new PDO($dsn, $username, $password, $options)
  Γ₧£  67Γûò             : PDO::connect($dsn, $username, $password, $options); /** @phpstan-ignore staticMethod.notFound (PHP 8.4) */
     68Γûò     }
     69Γûò 
     70Γûò     /**
     71Γûò      * Handle an exception that occurred during connect execution.

  1   vendor\laravel\framework\src\Illuminate\Database\Connectors\Connector.php:67
  2   vendor\laravel\framework\src\Illuminate\Database\Connectors\Connector.php:44

  ΓöÇΓöÇΓöÇΓöÇΓöÇΓöÇΓöÇΓöÇΓöÇΓöÇΓöÇΓöÇΓöÇΓöÇΓöÇΓöÇΓöÇΓöÇ  
   FΓÇª  PDOException   
  SQLSTATE[08006] [7] connection to server at "127.0.0.1", port 5432 failed: FATAL:  database "lis_db" does not exist

  at vendor\laravel\framework\src\Illuminate\Database\Connectors\Connector.php:67
     63Γûò     protected function createPdoConnection($dsn, $username, #[\SensitiveParameter] $password, $options)
     64Γûò     {
     65Γûò         return version_compare(phpversion(), '8.4.0', '<')
     66Γûò             ? new PDO($dsn, $username, $password, $options)
  Γ₧£  67Γûò             : PDO::connect($dsn, $username, $password, $options); /** @phpstan-ignore staticMethod.notFound (PHP 8.4) */
     68Γûò     }
     69Γûò 
     70Γûò     /**
     71Γûò      * Handle an exception that occurred during connect execution.

  1   vendor\laravel\framework\src\Illuminate\Database\Connectors\Connector.php:67
  2   vendor\laravel\framework\src\Illuminate\Database\Connectors\Connector.php:44

  ΓöÇΓöÇΓöÇΓöÇΓöÇΓöÇΓöÇΓöÇΓöÇΓöÇΓöÇΓöÇΓöÇΓöÇΓöÇΓöÇΓöÇΓöÇ  
   FΓÇª  PDOException   
  SQLSTATE[08006] [7] connection to server at "127.0.0.1", port 5432 failed: FATAL:  database "lis_db" does not exist

  at vendor\laravel\framework\src\Illuminate\Database\Connectors\Connector.php:67
     63Γûò     protected function createPdoConnection($dsn, $username, #[\SensitiveParameter] $password, $options)
     64Γûò     {
     65Γûò         return version_compare(phpversion(), '8.4.0', '<')
     66Γûò             ? new PDO($dsn, $username, $password, $options)
  Γ₧£  67Γûò             : PDO::connect($dsn, $username, $password, $options); /** @phpstan-ignore staticMethod.notFound (PHP 8.4) */
     68Γûò     }
     69Γûò 
     70Γûò     /**
     71Γûò      * Handle an exception that occurred during connect execution.

  1   vendor\laravel\framework\src\Illuminate\Database\Connectors\Connector.php:67
  2   vendor\laravel\framework\src\Illuminate\Database\Connectors\Connector.php:44

  ΓöÇΓöÇΓöÇΓöÇΓöÇΓöÇΓöÇΓöÇΓöÇΓöÇΓöÇΓöÇΓöÇΓöÇΓöÇΓöÇΓöÇΓöÇ  
   FΓÇª  PDOException   
  SQLSTATE[08006] [7] connection to server at "127.0.0.1", port 5432 failed: FATAL:  database "lis_db" does not exist

  at vendor\laravel\framework\src\Illuminate\Database\Connectors\Connector.php:67
     63Γûò     protected function createPdoConnection($dsn, $username, #[\SensitiveParameter] $password, $options)
     64Γûò     {
     65Γûò         return version_compare(phpversion(), '8.4.0', '<')
     66Γûò             ? new PDO($dsn, $username, $password, $options)
  Γ₧£  67Γûò             : PDO::connect($dsn, $username, $password, $options); /** @phpstan-ignore staticMethod.notFound (PHP 8.4) */
     68Γûò     }
     69Γûò 
     70Γûò     /**
     71Γûò      * Handle an exception that occurred during connect execution.

  1   vendor\laravel\framework\src\Illuminate\Database\Connectors\Connector.php:67
  2   vendor\laravel\framework\src\Illuminate\Database\Connectors\Connector.php:44

  ΓöÇΓöÇΓöÇΓöÇΓöÇΓöÇΓöÇΓöÇΓöÇΓöÇΓöÇΓöÇΓöÇΓöÇΓöÇΓöÇΓöÇΓöÇ  
   FΓÇª  PDOException   
  SQLSTATE[08006] [7] connection to server at "127.0.0.1", port 5432 failed: FATAL:  database "lis_db" does not exist

  at vendor\laravel\framework\src\Illuminate\Database\Connectors\Connector.php:67
     63Γûò     protected function createPdoConnection($dsn, $username, #[\SensitiveParameter] $password, $options)
     64Γûò     {
     65Γûò         return version_compare(phpversion(), '8.4.0', '<')
     66Γûò             ? new PDO($dsn, $username, $password, $options)
  Γ₧£  67Γûò             : PDO::connect($dsn, $username, $password, $options); /** @phpstan-ignore staticMethod.notFound (PHP 8.4) */
     68Γûò     }
     69Γûò 
     70Γûò     /**
     71Γûò      * Handle an exception that occurred during connect execution.

  1   vendor\laravel\framework\src\Illuminate\Database\Connectors\Connector.php:67
  2   vendor\laravel\framework\src\Illuminate\Database\Connectors\Connector.php:44

  ΓöÇΓöÇΓöÇΓöÇΓöÇΓöÇΓöÇΓöÇΓöÇΓöÇΓöÇΓöÇΓöÇΓöÇΓöÇΓöÇΓöÇΓöÇ  
   FΓÇª  PDOException   
  SQLSTATE[08006] [7] connection to server at "127.0.0.1", port 5432 failed: FATAL:  database "lis_db" does not exist

  at vendor\laravel\framework\src\Illuminate\Database\Connectors\Connector.php:67
     63Γûò     protected function createPdoConnection($dsn, $username, #[\SensitiveParameter] $password, $options)
     64Γûò     {
     65Γûò         return version_compare(phpversion(), '8.4.0', '<')
     66Γûò             ? new PDO($dsn, $username, $password, $options)
  Γ₧£  67Γûò             : PDO::connect($dsn, $username, $password, $options); /** @phpstan-ignore staticMethod.notFound (PHP 8.4) */
     68Γûò     }
     69Γûò 
     70Γûò     /**
     71Γûò      * Handle an exception that occurred during connect execution.

  1   vendor\laravel\framework\src\Illuminate\Database\Connectors\Connector.php:67
  2   vendor\laravel\framework\src\Illuminate\Database\Connectors\Connector.php:44

  ΓöÇΓöÇΓöÇΓöÇΓöÇΓöÇΓöÇΓöÇΓöÇΓöÇΓöÇΓöÇΓöÇΓöÇΓöÇΓöÇΓöÇΓöÇ  
   FΓÇª  PDOException   
  SQLSTATE[08006] [7] connection to server at "127.0.0.1", port 5432 failed: FATAL:  database "lis_db" does not exist

  at vendor\laravel\framework\src\Illuminate\Database\Connectors\Connector.php:67
     63Γûò     protected function createPdoConnection($dsn, $username, #[\SensitiveParameter] $password, $options)
     64Γûò     {
     65Γûò         return version_compare(phpversion(), '8.4.0', '<')
     66Γûò             ? new PDO($dsn, $username, $password, $options)
  Γ₧£  67Γûò             : PDO::connect($dsn, $username, $password, $options); /** @phpstan-ignore staticMethod.notFound (PHP 8.4) */
     68Γûò     }
     69Γûò 
     70Γûò     /**
     71Γûò      * Handle an exception that occurred during connect execution.

  1   vendor\laravel\framework\src\Illuminate\Database\Connectors\Connector.php:67
  2   vendor\laravel\framework\src\Illuminate\Database\Connectors\Connector.php:44

  ΓöÇΓöÇΓöÇΓöÇΓöÇΓöÇΓöÇΓöÇΓöÇΓöÇΓöÇΓöÇΓöÇΓöÇΓöÇΓöÇΓöÇΓöÇ  
   FΓÇª  PDOException   
  SQLSTATE[08006] [7] connection to server at "127.0.0.1", port 5432 failed: FATAL:  database "lis_db" does not exist

  at vendor\laravel\framework\src\Illuminate\Database\Connectors\Connector.php:67
     63Γûò     protected function createPdoConnection($dsn, $username, #[\SensitiveParameter] $password, $options)
     64Γûò     {
     65Γûò         return version_compare(phpversion(), '8.4.0', '<')
     66Γûò             ? new PDO($dsn, $username, $password, $options)
  Γ₧£  67Γûò             : PDO::connect($dsn, $username, $password, $options); /** @phpstan-ignore staticMethod.notFound (PHP 8.4) */
     68Γûò     }
     69Γûò 
     70Γûò     /**
     71Γûò      * Handle an exception that occurred during connect execution.

  1   vendor\laravel\framework\src\Illuminate\Database\Connectors\Connector.php:67
  2   vendor\laravel\framework\src\Illuminate\Database\Connectors\Connector.php:44

  ΓöÇΓöÇΓöÇΓöÇΓöÇΓöÇΓöÇΓöÇΓöÇΓöÇΓöÇΓöÇΓöÇΓöÇΓöÇΓöÇΓöÇΓöÇ  
   FΓÇª  PDOException   
  SQLSTATE[08006] [7] connection to server at "127.0.0.1", port 5432 failed: FATAL:  database "lis_db" does not exist

  at vendor\laravel\framework\src\Illuminate\Database\Connectors\Connector.php:67
     63Γûò     protected function createPdoConnection($dsn, $username, #[\SensitiveParameter] $password, $options)
     64Γûò     {
     65Γûò         return version_compare(phpversion(), '8.4.0', '<')
     66Γûò             ? new PDO($dsn, $username, $password, $options)
  Γ₧£  67Γûò             : PDO::connect($dsn, $username, $password, $options); /** @phpstan-ignore staticMethod.notFound (PHP 8.4) */
     68Γûò     }
     69Γûò 
     70Γûò     /**
     71Γûò      * Handle an exception that occurred during connect execution.

  1   vendor\laravel\framework\src\Illuminate\Database\Connectors\Connector.php:67
  2   vendor\laravel\framework\src\Illuminate\Database\Connectors\Connector.php:44

  ΓöÇΓöÇΓöÇΓöÇΓöÇΓöÇΓöÇΓöÇΓöÇΓöÇΓöÇΓöÇΓöÇΓöÇΓöÇΓöÇΓöÇΓöÇ  
   FΓÇª  PDOException   
  SQLSTATE[08006] [7] connection to server at "127.0.0.1", port 5432 failed: FATAL:  database "lis_db" does not exist

  at vendor\laravel\framework\src\Illuminate\Database\Connectors\Connector.php:67
     63Γûò     protected function createPdoConnection($dsn, $username, #[\SensitiveParameter] $password, $options)
     64Γûò     {
     65Γûò         return version_compare(phpversion(), '8.4.0', '<')
     66Γûò             ? new PDO($dsn, $username, $password, $options)
  Γ₧£  67Γûò             : PDO::connect($dsn, $username, $password, $options); /** @phpstan-ignore staticMethod.notFound (PHP 8.4) */
     68Γûò     }
     69Γûò 
     70Γûò     /**
     71Γûò      * Handle an exception that occurred during connect execution.

  1   vendor\laravel\framework\src\Illuminate\Database\Connectors\Connector.php:67
  2   vendor\laravel\framework\src\Illuminate\Database\Connectors\Connector.php:44

  ΓöÇΓöÇΓöÇΓöÇΓöÇΓöÇΓöÇΓöÇΓöÇΓöÇΓöÇΓöÇΓöÇΓöÇΓöÇΓöÇΓöÇΓöÇ  
   FΓÇª  PDOException   
  SQLSTATE[08006] [7] connection to server at "127.0.0.1", port 5432 failed: FATAL:  database "lis_db" does not exist

  at vendor\laravel\framework\src\Illuminate\Database\Connectors\Connector.php:67
     63Γûò     protected function createPdoConnection($dsn, $username, #[\SensitiveParameter] $password, $options)
     64Γûò     {
     65Γûò         return version_compare(phpversion(), '8.4.0', '<')
     66Γûò             ? new PDO($dsn, $username, $password, $options)
  Γ₧£  67Γûò             : PDO::connect($dsn, $username, $password, $options); /** @phpstan-ignore staticMethod.notFound (PHP 8.4) */
     68Γûò     }
     69Γûò 
     70Γûò     /**
     71Γûò      * Handle an exception that occurred during connect execution.

  1   vendor\laravel\framework\src\Illuminate\Database\Connectors\Connector.php:67
  2   vendor\laravel\framework\src\Illuminate\Database\Connectors\Connector.php:44

  ΓöÇΓöÇΓöÇΓöÇΓöÇΓöÇΓöÇΓöÇΓöÇΓöÇΓöÇΓöÇΓöÇΓöÇΓöÇΓöÇΓöÇΓöÇ  
   FΓÇª  PDOException   
  SQLSTATE[08006] [7] connection to server at "127.0.0.1", port 5432 failed: FATAL:  database "lis_db" does not exist

  at vendor\laravel\framework\src\Illuminate\Database\Connectors\Connector.php:67
     63Γûò     protected function createPdoConnection($dsn, $username, #[\SensitiveParameter] $password, $options)
     64Γûò     {
     65Γûò         return version_compare(phpversion(), '8.4.0', '<')
     66Γûò             ? new PDO($dsn, $username, $password, $options)
  Γ₧£  67Γûò             : PDO::connect($dsn, $username, $password, $options); /** @phpstan-ignore staticMethod.notFound (PHP 8.4) */
     68Γûò     }
     69Γûò 
     70Γûò     /**
     71Γûò      * Handle an exception that occurred during connect execution.

  1   vendor\laravel\framework\src\Illuminate\Database\Connectors\Connector.php:67
  2   vendor\laravel\framework\src\Illuminate\Database\Connectors\Connector.php:44

  ΓöÇΓöÇΓöÇΓöÇΓöÇΓöÇΓöÇΓöÇΓöÇΓöÇΓöÇΓöÇΓöÇΓöÇΓöÇΓöÇΓöÇΓöÇ  
   FΓÇª  PDOException   
  SQLSTATE[08006] [7] connection to server at "127.0.0.1", port 5432 failed: FATAL:  database "lis_db" does not exist

  at vendor\laravel\framework\src\Illuminate\Database\Connectors\Connector.php:67
     63Γûò     protected function createPdoConnection($dsn, $username, #[\SensitiveParameter] $password, $options)
     64Γûò     {
     65Γûò         return version_compare(phpversion(), '8.4.0', '<')
     66Γûò             ? new PDO($dsn, $username, $password, $options)
  Γ₧£  67Γûò             : PDO::connect($dsn, $username, $password, $options); /** @phpstan-ignore staticMethod.notFound (PHP 8.4) */
     68Γûò     }
     69Γûò 
     70Γûò     /**
     71Γûò      * Handle an exception that occurred during connect execution.

  1   vendor\laravel\framework\src\Illuminate\Database\Connectors\Connector.php:67
  2   vendor\laravel\framework\src\Illuminate\Database\Connectors\Connector.php:44

  ΓöÇΓöÇΓöÇΓöÇΓöÇΓöÇΓöÇΓöÇΓöÇΓöÇΓöÇΓöÇΓöÇΓöÇΓöÇΓöÇΓöÇΓöÇ  
   FΓÇª  PDOException   
  SQLSTATE[08006] [7] connection to server at "127.0.0.1", port 5432 failed: FATAL:  database "lis_db" does not exist

  at vendor\laravel\framework\src\Illuminate\Database\Connectors\Connector.php:67
     63Γûò     protected function createPdoConnection($dsn, $username, #[\SensitiveParameter] $password, $options)
     64Γûò     {
     65Γûò         return version_compare(phpversion(), '8.4.0', '<')
     66Γûò             ? new PDO($dsn, $username, $password, $options)
  Γ₧£  67Γûò             : PDO::connect($dsn, $username, $password, $options); /** @phpstan-ignore staticMethod.notFound (PHP 8.4) */
     68Γûò     }
     69Γûò 
     70Γûò     /**
     71Γûò      * Handle an exception that occurred during connect execution.

  1   vendor\laravel\framework\src\Illuminate\Database\Connectors\Connector.php:67
  2   vendor\laravel\framework\src\Illuminate\Database\Connectors\Connector.php:44

  ΓöÇΓöÇΓöÇΓöÇΓöÇΓöÇΓöÇΓöÇΓöÇΓöÇΓöÇΓöÇΓöÇΓöÇΓöÇΓöÇΓöÇΓöÇ  
   FΓÇª  PDOException   
  SQLSTATE[08006] [7] connection to server at "127.0.0.1", port 5432 failed: FATAL:  database "lis_db" does not exist

  at vendor\laravel\framework\src\Illuminate\Database\Connectors\Connector.php:67
     63Γûò     protected function createPdoConnection($dsn, $username, #[\SensitiveParameter] $password, $options)
     64Γûò     {
     65Γûò         return version_compare(phpversion(), '8.4.0', '<')
     66Γûò             ? new PDO($dsn, $username, $password, $options)
  Γ₧£  67Γûò             : PDO::connect($dsn, $username, $password, $options); /** @phpstan-ignore staticMethod.notFound (PHP 8.4) */
     68Γûò     }
     69Γûò 
     70Γûò     /**
     71Γûò      * Handle an exception that occurred during connect execution.

  1   vendor\laravel\framework\src\Illuminate\Database\Connectors\Connector.php:67
  2   vendor\laravel\framework\src\Illuminate\Database\Connectors\Connector.php:44

  ΓöÇΓöÇΓöÇΓöÇΓöÇΓöÇΓöÇΓöÇΓöÇΓöÇΓöÇΓöÇΓöÇΓöÇΓöÇΓöÇΓöÇΓöÇ  
   FΓÇª  PDOException   
  SQLSTATE[08006] [7] connection to server at "127.0.0.1", port 5432 failed: FATAL:  database "lis_db" does not exist

  at vendor\laravel\framework\src\Illuminate\Database\Connectors\Connector.php:67
     63Γûò     protected function createPdoConnection($dsn, $username, #[\SensitiveParameter] $password, $options)
     64Γûò     {
     65Γûò         return version_compare(phpversion(), '8.4.0', '<')
     66Γûò             ? new PDO($dsn, $username, $password, $options)
  Γ₧£  67Γûò             : PDO::connect($dsn, $username, $password, $options); /** @phpstan-ignore staticMethod.notFound (PHP 8.4) */
     68Γûò     }
     69Γûò 
     70Γûò     /**
     71Γûò      * Handle an exception that occurred during connect execution.

  1   vendor\laravel\framework\src\Illuminate\Database\Connectors\Connector.php:67
  2   vendor\laravel\framework\src\Illuminate\Database\Connectors\Connector.php:44

  ΓöÇΓöÇΓöÇΓöÇΓöÇΓöÇΓöÇΓöÇΓöÇΓöÇΓöÇΓöÇΓöÇΓöÇΓöÇΓöÇΓöÇΓöÇ  
   FΓÇª  PDOException   
  SQLSTATE[08006] [7] connection to server at "127.0.0.1", port 5432 failed: FATAL:  database "lis_db" does not exist

  at vendor\laravel\framework\src\Illuminate\Database\Connectors\Connector.php:67
     63Γûò     protected function createPdoConnection($dsn, $username, #[\SensitiveParameter] $password, $options)
     64Γûò     {
     65Γûò         return version_compare(phpversion(), '8.4.0', '<')
     66Γûò             ? new PDO($dsn, $username, $password, $options)
  Γ₧£  67Γûò             : PDO::connect($dsn, $username, $password, $options); /** @phpstan-ignore staticMethod.notFound (PHP 8.4) */
     68Γûò     }
     69Γûò 
     70Γûò     /**
     71Γûò      * Handle an exception that occurred during connect execution.

  1   vendor\laravel\framework\src\Illuminate\Database\Connectors\Connector.php:67
  2   vendor\laravel\framework\src\Illuminate\Database\Connectors\Connector.php:44

  ΓöÇΓöÇΓöÇΓöÇΓöÇΓöÇΓöÇΓöÇΓöÇΓöÇΓöÇΓöÇΓöÇΓöÇΓöÇΓöÇΓöÇΓöÇ  
   FΓÇª  PDOException   
  SQLSTATE[08006] [7] connection to server at "127.0.0.1", port 5432 failed: FATAL:  database "lis_db" does not exist

  at vendor\laravel\framework\src\Illuminate\Database\Connectors\Connector.php:67
     63Γûò     protected function createPdoConnection($dsn, $username, #[\SensitiveParameter] $password, $options)
     64Γûò     {
     65Γûò         return version_compare(phpversion(), '8.4.0', '<')
     66Γûò             ? new PDO($dsn, $username, $password, $options)
  Γ₧£  67Γûò             : PDO::connect($dsn, $username, $password, $options); /** @phpstan-ignore staticMethod.notFound (PHP 8.4) */
     68Γûò     }
     69Γûò 
     70Γûò     /**
     71Γûò      * Handle an exception that occurred during connect execution.

  1   vendor\laravel\framework\src\Illuminate\Database\Connectors\Connector.php:67
  2   vendor\laravel\framework\src\Illuminate\Database\Connectors\Connector.php:44

  ΓöÇΓöÇΓöÇΓöÇΓöÇΓöÇΓöÇΓöÇΓöÇΓöÇΓöÇΓöÇΓöÇΓöÇΓöÇΓöÇΓöÇΓöÇ  
   FΓÇª  PDOException   
  SQLSTATE[08006] [7] connection to server at "127.0.0.1", port 5432 failed: FATAL:  database "lis_db" does not exist

  at vendor\laravel\framework\src\Illuminate\Database\Connectors\Connector.php:67
     63Γûò     protected function createPdoConnection($dsn, $username, #[\SensitiveParameter] $password, $options)
     64Γûò     {
     65Γûò         return version_compare(phpversion(), '8.4.0', '<')
     66Γûò             ? new PDO($dsn, $username, $password, $options)
  Γ₧£  67Γûò             : PDO::connect($dsn, $username, $password, $options); /** @phpstan-ignore staticMethod.notFound (PHP 8.4) */
     68Γûò     }
     69Γûò 
     70Γûò     /**
     71Γûò      * Handle an exception that occurred during connect execution.

  1   vendor\laravel\framework\src\Illuminate\Database\Connectors\Connector.php:67
  2   vendor\laravel\framework\src\Illuminate\Database\Connectors\Connector.php:44

  ΓöÇΓöÇΓöÇΓöÇΓöÇΓöÇΓöÇΓöÇΓöÇΓöÇΓöÇΓöÇΓöÇΓöÇΓöÇΓöÇΓöÇΓöÇ  
   FΓÇª  PDOException   
  SQLSTATE[08006] [7] connection to server at "127.0.0.1", port 5432 failed: FATAL:  database "lis_db" does not exist

  at vendor\laravel\framework\src\Illuminate\Database\Connectors\Connector.php:67
     63Γûò     protected function createPdoConnection($dsn, $username, #[\SensitiveParameter] $password, $options)
     64Γûò     {
     65Γûò         return version_compare(phpversion(), '8.4.0', '<')
     66Γûò             ? new PDO($dsn, $username, $password, $options)
  Γ₧£  67Γûò             : PDO::connect($dsn, $username, $password, $options); /** @phpstan-ignore staticMethod.notFound (PHP 8.4) */
     68Γûò     }
     69Γûò 
     70Γûò     /**
     71Γûò      * Handle an exception that occurred during connect execution.

  1   vendor\laravel\framework\src\Illuminate\Database\Connectors\Connector.php:67
  2   vendor\laravel\framework\src\Illuminate\Database\Connectors\Connector.php:44

  ΓöÇΓöÇΓöÇΓöÇΓöÇΓöÇΓöÇΓöÇΓöÇΓöÇΓöÇΓöÇΓöÇΓöÇΓöÇΓöÇΓöÇΓöÇ  
   FΓÇª  PDOException   
  SQLSTATE[08006] [7] connection to server at "127.0.0.1", port 5432 failed: FATAL:  database "lis_db" does not exist

  at vendor\laravel\framework\src\Illuminate\Database\Connectors\Connector.php:67
     63Γûò     protected function createPdoConnection($dsn, $username, #[\SensitiveParameter] $password, $options)
     64Γûò     {
     65Γûò         return version_compare(phpversion(), '8.4.0', '<')
     66Γûò             ? new PDO($dsn, $username, $password, $options)
  Γ₧£  67Γûò             : PDO::connect($dsn, $username, $password, $options); /** @phpstan-ignore staticMethod.notFound (PHP 8.4) */
     68Γûò     }
     69Γûò 
     70Γûò     /**
     71Γûò      * Handle an exception that occurred during connect execution.

  1   vendor\laravel\framework\src\Illuminate\Database\Connectors\Connector.php:67
  2   vendor\laravel\framework\src\Illuminate\Database\Connectors\Connector.php:44

  ΓöÇΓöÇΓöÇΓöÇΓöÇΓöÇΓöÇΓöÇΓöÇΓöÇΓöÇΓöÇΓöÇΓöÇΓöÇΓöÇΓöÇΓöÇ  
   FΓÇª  PDOException   
  SQLSTATE[08006] [7] connection to server at "127.0.0.1", port 5432 failed: FATAL:  database "lis_db" does not exist

  at vendor\laravel\framework\src\Illuminate\Database\Connectors\Connector.php:67
     63Γûò     protected function createPdoConnection($dsn, $username, #[\SensitiveParameter] $password, $options)
     64Γûò     {
     65Γûò         return version_compare(phpversion(), '8.4.0', '<')
     66Γûò             ? new PDO($dsn, $username, $password, $options)
  Γ₧£  67Γûò             : PDO::connect($dsn, $username, $password, $options); /** @phpstan-ignore staticMethod.notFound (PHP 8.4) */
     68Γûò     }
     69Γûò 
     70Γûò     /**
     71Γûò      * Handle an exception that occurred during connect execution.

  1   vendor\laravel\framework\src\Illuminate\Database\Connectors\Connector.php:67
  2   vendor\laravel\framework\src\Illuminate\Database\Connectors\Connector.php:44

  ΓöÇΓöÇΓöÇΓöÇΓöÇΓöÇΓöÇΓöÇΓöÇΓöÇΓöÇΓöÇΓöÇΓöÇΓöÇΓöÇΓöÇΓöÇ  
   FΓÇª  PDOException   
  SQLSTATE[08006] [7] connection to server at "127.0.0.1", port 5432 failed: FATAL:  database "lis_db" does not exist

  at vendor\laravel\framework\src\Illuminate\Database\Connectors\Connector.php:67
     63Γûò     protected function createPdoConnection($dsn, $username, #[\SensitiveParameter] $password, $options)
     64Γûò     {
     65Γûò         return version_compare(phpversion(), '8.4.0', '<')
     66Γûò             ? new PDO($dsn, $username, $password, $options)
  Γ₧£  67Γûò             : PDO::connect($dsn, $username, $password, $options); /** @phpstan-ignore staticMethod.notFound (PHP 8.4) */
     68Γûò     }
     69Γûò 
     70Γûò     /**
     71Γûò      * Handle an exception that occurred during connect execution.

  1   vendor\laravel\framework\src\Illuminate\Database\Connectors\Connector.php:67
  2   vendor\laravel\framework\src\Illuminate\Database\Connectors\Connector.php:44

  ΓöÇΓöÇΓöÇΓöÇΓöÇΓöÇΓöÇΓöÇΓöÇΓöÇΓöÇΓöÇΓöÇΓöÇΓöÇΓöÇΓöÇΓöÇ  
   FΓÇª  PDOException   
  SQLSTATE[08006] [7] connection to server at "127.0.0.1", port 5432 failed: FATAL:  database "lis_db" does not exist

  at vendor\laravel\framework\src\Illuminate\Database\Connectors\Connector.php:67
     63Γûò     protected function createPdoConnection($dsn, $username, #[\SensitiveParameter] $password, $options)
     64Γûò     {
     65Γûò         return version_compare(phpversion(), '8.4.0', '<')
     66Γûò             ? new PDO($dsn, $username, $password, $options)
  Γ₧£  67Γûò             : PDO::connect($dsn, $username, $password, $options); /** @phpstan-ignore staticMethod.notFound (PHP 8.4) */
     68Γûò     }
     69Γûò 
     70Γûò     /**
     71Γûò      * Handle an exception that occurred during connect execution.

  1   vendor\laravel\framework\src\Illuminate\Database\Connectors\Connector.php:67
  2   vendor\laravel\framework\src\Illuminate\Database\Connectors\Connector.php:44

  ΓöÇΓöÇΓöÇΓöÇΓöÇΓöÇΓöÇΓöÇΓöÇΓöÇΓöÇΓöÇΓöÇΓöÇΓöÇΓöÇΓöÇΓöÇ  
   FΓÇª  PDOException   
  SQLSTATE[08006] [7] connection to server at "127.0.0.1", port 5432 failed: FATAL:  database "lis_db" does not exist

  at vendor\laravel\framework\src\Illuminate\Database\Connectors\Connector.php:67
     63Γûò     protected function createPdoConnection($dsn, $username, #[\SensitiveParameter] $password, $options)
     64Γûò     {
     65Γûò         return version_compare(phpversion(), '8.4.0', '<')
     66Γûò             ? new PDO($dsn, $username, $password, $options)
  Γ₧£  67Γûò             : PDO::connect($dsn, $username, $password, $options); /** @phpstan-ignore staticMethod.notFound (PHP 8.4) */
     68Γûò     }
     69Γûò 
     70Γûò     /**
     71Γûò      * Handle an exception that occurred during connect execution.

  1   vendor\laravel\framework\src\Illuminate\Database\Connectors\Connector.php:67
  2   vendor\laravel\framework\src\Illuminate\Database\Connectors\Connector.php:44

  ΓöÇΓöÇΓöÇΓöÇΓöÇΓöÇΓöÇΓöÇΓöÇΓöÇΓöÇΓöÇΓöÇΓöÇΓöÇΓöÇΓöÇΓöÇ  
   FΓÇª  PDOException   
  SQLSTATE[08006] [7] connection to server at "127.0.0.1", port 5432 failed: FATAL:  database "lis_db" does not exist

  at vendor\laravel\framework\src\Illuminate\Database\Connectors\Connector.php:67
     63Γûò     protected function createPdoConnection($dsn, $username, #[\SensitiveParameter] $password, $options)
     64Γûò     {
     65Γûò         return version_compare(phpversion(), '8.4.0', '<')
     66Γûò             ? new PDO($dsn, $username, $password, $options)
  Γ₧£  67Γûò             : PDO::connect($dsn, $username, $password, $options); /** @phpstan-ignore staticMethod.notFound (PHP 8.4) */
     68Γûò     }
     69Γûò 
     70Γûò     /**
     71Γûò      * Handle an exception that occurred during connect execution.

  1   vendor\laravel\framework\src\Illuminate\Database\Connectors\Connector.php:67
  2   vendor\laravel\framework\src\Illuminate\Database\Connectors\Connector.php:44

  ΓöÇΓöÇΓöÇΓöÇΓöÇΓöÇΓöÇΓöÇΓöÇΓöÇΓöÇΓöÇΓöÇΓöÇΓöÇΓöÇΓöÇΓöÇ  
   FΓÇª  PDOException   
  SQLSTATE[08006] [7] connection to server at "127.0.0.1", port 5432 failed: FATAL:  database "lis_db" does not exist

  at vendor\laravel\framework\src\Illuminate\Database\Connectors\Connector.php:67
     63Γûò     protected function createPdoConnection($dsn, $username, #[\SensitiveParameter] $password, $options)
     64Γûò     {
     65Γûò         return version_compare(phpversion(), '8.4.0', '<')
     66Γûò             ? new PDO($dsn, $username, $password, $options)
  Γ₧£  67Γûò             : PDO::connect($dsn, $username, $password, $options); /** @phpstan-ignore staticMethod.notFound (PHP 8.4) */
     68Γûò     }
     69Γûò 
     70Γûò     /**
     71Γûò      * Handle an exception that occurred during connect execution.

  1   vendor\laravel\framework\src\Illuminate\Database\Connectors\Connector.php:67
  2   vendor\laravel\framework\src\Illuminate\Database\Connectors\Connector.php:44

  ΓöÇΓöÇΓöÇΓöÇΓöÇΓöÇΓöÇΓöÇΓöÇΓöÇΓöÇΓöÇΓöÇΓöÇΓöÇΓöÇΓöÇΓöÇ  
   FΓÇª  PDOException   
  SQLSTATE[08006] [7] connection to server at "127.0.0.1", port 5432 failed: FATAL:  database "lis_db" does not exist

  at vendor\laravel\framework\src\Illuminate\Database\Connectors\Connector.php:67
     63Γûò     protected function createPdoConnection($dsn, $username, #[\SensitiveParameter] $password, $options)
     64Γûò     {
     65Γûò         return version_compare(phpversion(), '8.4.0', '<')
     66Γûò             ? new PDO($dsn, $username, $password, $options)
  Γ₧£  67Γûò             : PDO::connect($dsn, $username, $password, $options); /** @phpstan-ignore staticMethod.notFound (PHP 8.4) */
     68Γûò     }
     69Γûò 
     70Γûò     /**
     71Γûò      * Handle an exception that occurred during connect execution.

  1   vendor\laravel\framework\src\Illuminate\Database\Connectors\Connector.php:67
  2   vendor\laravel\framework\src\Illuminate\Database\Connectors\Connector.php:44

  ΓöÇΓöÇΓöÇΓöÇΓöÇΓöÇΓöÇΓöÇΓöÇΓöÇΓöÇΓöÇΓöÇΓöÇΓöÇΓöÇΓöÇΓöÇ  
   FΓÇª  PDOException   
  SQLSTATE[08006] [7] connection to server at "127.0.0.1", port 5432 failed: FATAL:  database "lis_db" does not exist

  at vendor\laravel\framework\src\Illuminate\Database\Connectors\Connector.php:67
     63Γûò     protected function createPdoConnection($dsn, $username, #[\SensitiveParameter] $password, $options)
     64Γûò     {
     65Γûò         return version_compare(phpversion(), '8.4.0', '<')
     66Γûò             ? new PDO($dsn, $username, $password, $options)
  Γ₧£  67Γûò             : PDO::connect($dsn, $username, $password, $options); /** @phpstan-ignore staticMethod.notFound (PHP 8.4) */
     68Γûò     }
     69Γûò 
     70Γûò     /**
     71Γûò      * Handle an exception that occurred during connect execution.

  1   vendor\laravel\framework\src\Illuminate\Database\Connectors\Connector.php:67
  2   vendor\laravel\framework\src\Illuminate\Database\Connectors\Connector.php:44

  ΓöÇΓöÇΓöÇΓöÇΓöÇΓöÇΓöÇΓöÇΓöÇΓöÇΓöÇΓöÇΓöÇΓöÇΓöÇΓöÇΓöÇΓöÇ  
   FΓÇª  PDOException   
  SQLSTATE[08006] [7] connection to server at "127.0.0.1", port 5432 failed: FATAL:  database "lis_db" does not exist

  at vendor\laravel\framework\src\Illuminate\Database\Connectors\Connector.php:67
     63Γûò     protected function createPdoConnection($dsn, $username, #[\SensitiveParameter] $password, $options)
     64Γûò     {
     65Γûò         return version_compare(phpversion(), '8.4.0', '<')
     66Γûò             ? new PDO($dsn, $username, $password, $options)
  Γ₧£  67Γûò             : PDO::connect($dsn, $username, $password, $options); /** @phpstan-ignore staticMethod.notFound (PHP 8.4) */
     68Γûò     }
     69Γûò 
     70Γûò     /**
     71Γûò      * Handle an exception that occurred during connect execution.

  1   vendor\laravel\framework\src\Illuminate\Database\Connectors\Connector.php:67
  2   vendor\laravel\framework\src\Illuminate\Database\Connectors\Connector.php:44

  ΓöÇΓöÇΓöÇΓöÇΓöÇΓöÇΓöÇΓöÇΓöÇΓöÇΓöÇΓöÇΓöÇΓöÇΓöÇΓöÇΓöÇΓöÇ  
   FΓÇª  PDOException   
  SQLSTATE[08006] [7] connection to server at "127.0.0.1", port 5432 failed: FATAL:  database "lis_db" does not exist

  at vendor\laravel\framework\src\Illuminate\Database\Connectors\Connector.php:67
     63Γûò     protected function createPdoConnection($dsn, $username, #[\SensitiveParameter] $password, $options)
     64Γûò     {
     65Γûò         return version_compare(phpversion(), '8.4.0', '<')
     66Γûò             ? new PDO($dsn, $username, $password, $options)
  Γ₧£  67Γûò             : PDO::connect($dsn, $username, $password, $options); /** @phpstan-ignore staticMethod.notFound (PHP 8.4) */
     68Γûò     }
     69Γûò 
     70Γûò     /**
     71Γûò      * Handle an exception that occurred during connect execution.

  1   vendor\laravel\framework\src\Illuminate\Database\Connectors\Connector.php:67
  2   vendor\laravel\framework\src\Illuminate\Database\Connectors\Connector.php:44

  ΓöÇΓöÇΓöÇΓöÇΓöÇΓöÇΓöÇΓöÇΓöÇΓöÇΓöÇΓöÇΓöÇΓöÇΓöÇΓöÇΓöÇΓöÇ  
   FΓÇª  PDOException   
  SQLSTATE[08006] [7] connection to server at "127.0.0.1", port 5432 failed: FATAL:  database "lis_db" does not exist

  at vendor\laravel\framework\src\Illuminate\Database\Connectors\Connector.php:67
     63Γûò     protected function createPdoConnection($dsn, $username, #[\SensitiveParameter] $password, $options)
     64Γûò     {
     65Γûò         return version_compare(phpversion(), '8.4.0', '<')
     66Γûò             ? new PDO($dsn, $username, $password, $options)
  Γ₧£  67Γûò             : PDO::connect($dsn, $username, $password, $options); /** @phpstan-ignore staticMethod.notFound (PHP 8.4) */
     68Γûò     }
     69Γûò 
     70Γûò     /**
     71Γûò      * Handle an exception that occurred during connect execution.

  1   vendor\laravel\framework\src\Illuminate\Database\Connectors\Connector.php:67
  2   vendor\laravel\framework\src\Illuminate\Database\Connectors\Connector.php:44

  ΓöÇΓöÇΓöÇΓöÇΓöÇΓöÇΓöÇΓöÇΓöÇΓöÇΓöÇΓöÇΓöÇΓöÇΓöÇΓöÇΓöÇΓöÇ  
   FΓÇª  PDOException   
  SQLSTATE[08006] [7] connection to server at "127.0.0.1", port 5432 failed: FATAL:  database "lis_db" does not exist

  at vendor\laravel\framework\src\Illuminate\Database\Connectors\Connector.php:67
     63Γûò     protected function createPdoConnection($dsn, $username, #[\SensitiveParameter] $password, $options)
     64Γûò     {
     65Γûò         return version_compare(phpversion(), '8.4.0', '<')
     66Γûò             ? new PDO($dsn, $username, $password, $options)
  Γ₧£  67Γûò             : PDO::connect($dsn, $username, $password, $options); /** @phpstan-ignore staticMethod.notFound (PHP 8.4) */
     68Γûò     }
     69Γûò 
     70Γûò     /**
     71Γûò      * Handle an exception that occurred during connect execution.

  1   vendor\laravel\framework\src\Illuminate\Database\Connectors\Connector.php:67
  2   vendor\laravel\framework\src\Illuminate\Database\Connectors\Connector.php:44

  ΓöÇΓöÇΓöÇΓöÇΓöÇΓöÇΓöÇΓöÇΓöÇΓöÇΓöÇΓöÇΓöÇΓöÇΓöÇΓöÇΓöÇΓöÇ  
   FΓÇª  PDOException   
  SQLSTATE[08006] [7] connection to server at "127.0.0.1", port 5432 failed: FATAL:  database "lis_db" does not exist

  at vendor\laravel\framework\src\Illuminate\Database\Connectors\Connector.php:67
     63Γûò     protected function createPdoConnection($dsn, $username, #[\SensitiveParameter] $password, $options)
     64Γûò     {
     65Γûò         return version_compare(phpversion(), '8.4.0', '<')
     66Γûò             ? new PDO($dsn, $username, $password, $options)
  Γ₧£  67Γûò             : PDO::connect($dsn, $username, $password, $options); /** @phpstan-ignore staticMethod.notFound (PHP 8.4) */
     68Γûò     }
     69Γûò 
     70Γûò     /**
     71Γûò      * Handle an exception that occurred during connect execution.

  1   vendor\laravel\framework\src\Illuminate\Database\Connectors\Connector.php:67
  2   vendor\laravel\framework\src\Illuminate\Database\Connectors\Connector.php:44

  ΓöÇΓöÇΓöÇΓöÇΓöÇΓöÇΓöÇΓöÇΓöÇΓöÇΓöÇΓöÇΓöÇΓöÇΓöÇΓöÇΓöÇΓöÇ  
   FΓÇª  PDOException   
  SQLSTATE[08006] [7] connection to server at "127.0.0.1", port 5432 failed: FATAL:  database "lis_db" does not exist

  at vendor\laravel\framework\src\Illuminate\Database\Connectors\Connector.php:67
     63Γûò     protected function createPdoConnection($dsn, $username, #[\SensitiveParameter] $password, $options)
     64Γûò     {
     65Γûò         return version_compare(phpversion(), '8.4.0', '<')
     66Γûò             ? new PDO($dsn, $username, $password, $options)
  Γ₧£  67Γûò             : PDO::connect($dsn, $username, $password, $options); /** @phpstan-ignore staticMethod.notFound (PHP 8.4) */
     68Γûò     }
     69Γûò 
     70Γûò     /**
     71Γûò      * Handle an exception that occurred during connect execution.

  1   vendor\laravel\framework\src\Illuminate\Database\Connectors\Connector.php:67
  2   vendor\laravel\framework\src\Illuminate\Database\Connectors\Connector.php:44

  ΓöÇΓöÇΓöÇΓöÇΓöÇΓöÇΓöÇΓöÇΓöÇΓöÇΓöÇΓöÇΓöÇΓöÇΓöÇΓöÇΓöÇΓöÇ  
   FΓÇª  PDOException   
  SQLSTATE[08006] [7] connection to server at "127.0.0.1", port 5432 failed: FATAL:  database "lis_db" does not exist

  at vendor\laravel\framework\src\Illuminate\Database\Connectors\Connector.php:67
     63Γûò     protected function createPdoConnection($dsn, $username, #[\SensitiveParameter] $password, $options)
     64Γûò     {
     65Γûò         return version_compare(phpversion(), '8.4.0', '<')
     66Γûò             ? new PDO($dsn, $username, $password, $options)
  Γ₧£  67Γûò             : PDO::connect($dsn, $username, $password, $options); /** @phpstan-ignore staticMethod.notFound (PHP 8.4) */
     68Γûò     }
     69Γûò 
     70Γûò     /**
     71Γûò      * Handle an exception that occurred during connect execution.

  1   vendor\laravel\framework\src\Illuminate\Database\Connectors\Connector.php:67
  2   vendor\laravel\framework\src\Illuminate\Database\Connectors\Connector.php:44

  ΓöÇΓöÇΓöÇΓöÇΓöÇΓöÇΓöÇΓöÇΓöÇΓöÇΓöÇΓöÇΓöÇΓöÇΓöÇΓöÇΓöÇΓöÇ  
   FΓÇª  PDOException   
  SQLSTATE[08006] [7] connection to server at "127.0.0.1", port 5432 failed: FATAL:  database "lis_db" does not exist

  at vendor\laravel\framework\src\Illuminate\Database\Connectors\Connector.php:67
     63Γûò     protected function createPdoConnection($dsn, $username, #[\SensitiveParameter] $password, $options)
     64Γûò     {
     65Γûò         return version_compare(phpversion(), '8.4.0', '<')
     66Γûò             ? new PDO($dsn, $username, $password, $options)
  Γ₧£  67Γûò             : PDO::connect($dsn, $username, $password, $options); /** @phpstan-ignore staticMethod.notFound (PHP 8.4) */
     68Γûò     }
     69Γûò 
     70Γûò     /**
     71Γûò      * Handle an exception that occurred during connect execution.

  1   vendor\laravel\framework\src\Illuminate\Database\Connectors\Connector.php:67
  2   vendor\laravel\framework\src\Illuminate\Database\Connectors\Connector.php:44

  ΓöÇΓöÇΓöÇΓöÇΓöÇΓöÇΓöÇΓöÇΓöÇΓöÇΓöÇΓöÇΓöÇΓöÇΓöÇΓöÇΓöÇΓöÇ  
   FΓÇª  PDOException   
  SQLSTATE[08006] [7] connection to server at "127.0.0.1", port 5432 failed: FATAL:  database "lis_db" does not exist

  at vendor\laravel\framework\src\Illuminate\Database\Connectors\Connector.php:67
     63Γûò     protected function createPdoConnection($dsn, $username, #[\SensitiveParameter] $password, $options)
     64Γûò     {
     65Γûò         return version_compare(phpversion(), '8.4.0', '<')
     66Γûò             ? new PDO($dsn, $username, $password, $options)
  Γ₧£  67Γûò             : PDO::connect($dsn, $username, $password, $options); /** @phpstan-ignore staticMethod.notFound (PHP 8.4) */
     68Γûò     }
     69Γûò 
     70Γûò     /**
     71Γûò      * Handle an exception that occurred during connect execution.

  1   vendor\laravel\framework\src\Illuminate\Database\Connectors\Connector.php:67
  2   vendor\laravel\framework\src\Illuminate\Database\Connectors\Connector.php:44

  ΓöÇΓöÇΓöÇΓöÇΓöÇΓöÇΓöÇΓöÇΓöÇΓöÇΓöÇΓöÇΓöÇΓöÇΓöÇΓöÇΓöÇΓöÇ  
   FΓÇª  PDOException   
  SQLSTATE[08006] [7] connection to server at "127.0.0.1", port 5432 failed: FATAL:  database "lis_db" does not exist

  at vendor\laravel\framework\src\Illuminate\Database\Connectors\Connector.php:67
     63Γûò     protected function createPdoConnection($dsn, $username, #[\SensitiveParameter] $password, $options)
     64Γûò     {
     65Γûò         return version_compare(phpversion(), '8.4.0', '<')
     66Γûò             ? new PDO($dsn, $username, $password, $options)
  Γ₧£  67Γûò             : PDO::connect($dsn, $username, $password, $options); /** @phpstan-ignore staticMethod.notFound (PHP 8.4) */
     68Γûò     }
     69Γûò 
     70Γûò     /**
     71Γûò      * Handle an exception that occurred during connect execution.

  1   vendor\laravel\framework\src\Illuminate\Database\Connectors\Connector.php:67
  2   vendor\laravel\framework\src\Illuminate\Database\Connectors\Connector.php:44

  ΓöÇΓöÇΓöÇΓöÇΓöÇΓöÇΓöÇΓöÇΓöÇΓöÇΓöÇΓöÇΓöÇΓöÇΓöÇΓöÇΓöÇΓöÇ  
   FΓÇª  PDOException   
  SQLSTATE[08006] [7] connection to server at "127.0.0.1", port 5432 failed: FATAL:  database "lis_db" does not exist

  at vendor\laravel\framework\src\Illuminate\Database\Connectors\Connector.php:67
     63Γûò     protected function createPdoConnection($dsn, $username, #[\SensitiveParameter] $password, $options)
     64Γûò     {
     65Γûò         return version_compare(phpversion(), '8.4.0', '<')
     66Γûò             ? new PDO($dsn, $username, $password, $options)
  Γ₧£  67Γûò             : PDO::connect($dsn, $username, $password, $options); /** @phpstan-ignore staticMethod.notFound (PHP 8.4) */
     68Γûò     }
     69Γûò 
     70Γûò     /**
     71Γûò      * Handle an exception that occurred during connect execution.

  1   vendor\laravel\framework\src\Illuminate\Database\Connectors\Connector.php:67
  2   vendor\laravel\framework\src\Illuminate\Database\Connectors\Connector.php:44

  ΓöÇΓöÇΓöÇΓöÇΓöÇΓöÇΓöÇΓöÇΓöÇΓöÇΓöÇΓöÇΓöÇΓöÇΓöÇΓöÇΓöÇΓöÇ  
   FΓÇª  PDOException   
  SQLSTATE[08006] [7] connection to server at "127.0.0.1", port 5432 failed: FATAL:  database "lis_db" does not exist

  at vendor\laravel\framework\src\Illuminate\Database\Connectors\Connector.php:67
     63Γûò     protected function createPdoConnection($dsn, $username, #[\SensitiveParameter] $password, $options)
     64Γûò     {
     65Γûò         return version_compare(phpversion(), '8.4.0', '<')
     66Γûò             ? new PDO($dsn, $username, $password, $options)
  Γ₧£  67Γûò             : PDO::connect($dsn, $username, $password, $options); /** @phpstan-ignore staticMethod.notFound (PHP 8.4) */
     68Γûò     }
     69Γûò 
     70Γûò     /**
     71Γûò      * Handle an exception that occurred during connect execution.

  1   vendor\laravel\framework\src\Illuminate\Database\Connectors\Connector.php:67
  2   vendor\laravel\framework\src\Illuminate\Database\Connectors\Connector.php:44

  ΓöÇΓöÇΓöÇΓöÇΓöÇΓöÇΓöÇΓöÇΓöÇΓöÇΓöÇΓöÇΓöÇΓöÇΓöÇΓöÇΓöÇΓöÇ  
   FΓÇª  PDOException   
  SQLSTATE[08006] [7] connection to server at "127.0.0.1", port 5432 failed: FATAL:  database "lis_db" does not exist

  at vendor\laravel\framework\src\Illuminate\Database\Connectors\Connector.php:67
     63Γûò     protected function createPdoConnection($dsn, $username, #[\SensitiveParameter] $password, $options)
     64Γûò     {
     65Γûò         return version_compare(phpversion(), '8.4.0', '<')
     66Γûò             ? new PDO($dsn, $username, $password, $options)
  Γ₧£  67Γûò             : PDO::connect($dsn, $username, $password, $options); /** @phpstan-ignore staticMethod.notFound (PHP 8.4) */
     68Γûò     }
     69Γûò 
     70Γûò     /**
     71Γûò      * Handle an exception that occurred during connect execution.

  1   vendor\laravel\framework\src\Illuminate\Database\Connectors\Connector.php:67
  2   vendor\laravel\framework\src\Illuminate\Database\Connectors\Connector.php:44

  ΓöÇΓöÇΓöÇΓöÇΓöÇΓöÇΓöÇΓöÇΓöÇΓöÇΓöÇΓöÇΓöÇΓöÇΓöÇΓöÇΓöÇΓöÇ  
   FΓÇª  PDOException   
  SQLSTATE[08006] [7] connection to server at "127.0.0.1", port 5432 failed: FATAL:  database "lis_db" does not exist

  at vendor\laravel\framework\src\Illuminate\Database\Connectors\Connector.php:67
     63Γûò     protected function createPdoConnection($dsn, $username, #[\SensitiveParameter] $password, $options)
     64Γûò     {
     65Γûò         return version_compare(phpversion(), '8.4.0', '<')
     66Γûò             ? new PDO($dsn, $username, $password, $options)
  Γ₧£  67Γûò             : PDO::connect($dsn, $username, $password, $options); /** @phpstan-ignore staticMethod.notFound (PHP 8.4) */
     68Γûò     }
     69Γûò 
     70Γûò     /**
     71Γûò      * Handle an exception that occurred during connect execution.

  1   vendor\laravel\framework\src\Illuminate\Database\Connectors\Connector.php:67
  2   vendor\laravel\framework\src\Illuminate\Database\Connectors\Connector.php:44

  ΓöÇΓöÇΓöÇΓöÇΓöÇΓöÇΓöÇΓöÇΓöÇΓöÇΓöÇΓöÇΓöÇΓöÇΓöÇΓöÇΓöÇΓöÇ  
   FΓÇª  PDOException   
  SQLSTATE[08006] [7] connection to server at "127.0.0.1", port 5432 failed: FATAL:  database "lis_db" does not exist

  at vendor\laravel\framework\src\Illuminate\Database\Connectors\Connector.php:67
     63Γûò     protected function createPdoConnection($dsn, $username, #[\SensitiveParameter] $password, $options)
     64Γûò     {
     65Γûò         return version_compare(phpversion(), '8.4.0', '<')
     66Γûò             ? new PDO($dsn, $username, $password, $options)
  Γ₧£  67Γûò             : PDO::connect($dsn, $username, $password, $options); /** @phpstan-ignore staticMethod.notFound (PHP 8.4) */
     68Γûò     }
     69Γûò 
     70Γûò     /**
     71Γûò      * Handle an exception that occurred during connect execution.

  1   vendor\laravel\framework\src\Illuminate\Database\Connectors\Connector.php:67
  2   vendor\laravel\framework\src\Illuminate\Database\Connectors\Connector.php:44

  ΓöÇΓöÇΓöÇΓöÇΓöÇΓöÇΓöÇΓöÇΓöÇΓöÇΓöÇΓöÇΓöÇΓöÇΓöÇΓöÇΓöÇΓöÇ  
   FΓÇª  PDOException   
  SQLSTATE[08006] [7] connection to server at "127.0.0.1", port 5432 failed: FATAL:  database "lis_db" does not exist

  at vendor\laravel\framework\src\Illuminate\Database\Connectors\Connector.php:67
     63Γûò     protected function createPdoConnection($dsn, $username, #[\SensitiveParameter] $password, $options)
     64Γûò     {
     65Γûò         return version_compare(phpversion(), '8.4.0', '<')
     66Γûò             ? new PDO($dsn, $username, $password, $options)
  Γ₧£  67Γûò             : PDO::connect($dsn, $username, $password, $options); /** @phpstan-ignore staticMethod.notFound (PHP 8.4) */
     68Γûò     }
     69Γûò 
     70Γûò     /**
     71Γûò      * Handle an exception that occurred during connect execution.

  1   vendor\laravel\framework\src\Illuminate\Database\Connectors\Connector.php:67
  2   vendor\laravel\framework\src\Illuminate\Database\Connectors\Connector.php:44

  ΓöÇΓöÇΓöÇΓöÇΓöÇΓöÇΓöÇΓöÇΓöÇΓöÇΓöÇΓöÇΓöÇΓöÇΓöÇΓöÇΓöÇΓöÇ  
   FΓÇª  PDOException   
  SQLSTATE[08006] [7] connection to server at "127.0.0.1", port 5432 failed: FATAL:  database "lis_db" does not exist

  at vendor\laravel\framework\src\Illuminate\Database\Connectors\Connector.php:67
     63Γûò     protected function createPdoConnection($dsn, $username, #[\SensitiveParameter] $password, $options)
     64Γûò     {
     65Γûò         return version_compare(phpversion(), '8.4.0', '<')
     66Γûò             ? new PDO($dsn, $username, $password, $options)
  Γ₧£  67Γûò             : PDO::connect($dsn, $username, $password, $options); /** @phpstan-ignore staticMethod.notFound (PHP 8.4) */
     68Γûò     }
     69Γûò 
     70Γûò     /**
     71Γûò      * Handle an exception that occurred during connect execution.

  1   vendor\laravel\framework\src\Illuminate\Database\Connectors\Connector.php:67
  2   vendor\laravel\framework\src\Illuminate\Database\Connectors\Connector.php:44

  ΓöÇΓöÇΓöÇΓöÇΓöÇΓöÇΓöÇΓöÇΓöÇΓöÇΓöÇΓöÇΓöÇΓöÇΓöÇΓöÇΓöÇΓöÇ  
   FΓÇª  PDOException   
  SQLSTATE[08006] [7] connection to server at "127.0.0.1", port 5432 failed: FATAL:  database "lis_db" does not exist

  at vendor\laravel\framework\src\Illuminate\Database\Connectors\Connector.php:67
     63Γûò     protected function createPdoConnection($dsn, $username, #[\SensitiveParameter] $password, $options)
     64Γûò     {
     65Γûò         return version_compare(phpversion(), '8.4.0', '<')
     66Γûò             ? new PDO($dsn, $username, $password, $options)
  Γ₧£  67Γûò             : PDO::connect($dsn, $username, $password, $options); /** @phpstan-ignore staticMethod.notFound (PHP 8.4) */
     68Γûò     }
     69Γûò 
     70Γûò     /**
     71Γûò      * Handle an exception that occurred during connect execution.

  1   vendor\laravel\framework\src\Illuminate\Database\Connectors\Connector.php:67
  2   vendor\laravel\framework\src\Illuminate\Database\Connectors\Connector.php:44

  ΓöÇΓöÇΓöÇΓöÇΓöÇΓöÇΓöÇΓöÇΓöÇΓöÇΓöÇΓöÇΓöÇΓöÇΓöÇΓöÇΓöÇΓöÇ  
   FΓÇª  PDOException   
  SQLSTATE[08006] [7] connection to server at "127.0.0.1", port 5432 failed: FATAL:  database "lis_db" does not exist

  at vendor\laravel\framework\src\Illuminate\Database\Connectors\Connector.php:67
     63Γûò     protected function createPdoConnection($dsn, $username, #[\SensitiveParameter] $password, $options)
     64Γûò     {
     65Γûò         return version_compare(phpversion(), '8.4.0', '<')
     66Γûò             ? new PDO($dsn, $username, $password, $options)
  Γ₧£  67Γûò             : PDO::connect($dsn, $username, $password, $options); /** @phpstan-ignore staticMethod.notFound (PHP 8.4) */
     68Γûò     }
     69Γûò 
     70Γûò     /**
     71Γûò      * Handle an exception that occurred during connect execution.

  1   vendor\laravel\framework\src\Illuminate\Database\Connectors\Connector.php:67
  2   vendor\laravel\framework\src\Illuminate\Database\Connectors\Connector.php:44

  ΓöÇΓöÇΓöÇΓöÇΓöÇΓöÇΓöÇΓöÇΓöÇΓöÇΓöÇΓöÇΓöÇΓöÇΓöÇΓöÇΓöÇΓöÇ  
   FΓÇª  PDOException   
  SQLSTATE[08006] [7] connection to server at "127.0.0.1", port 5432 failed: FATAL:  database "lis_db" does not exist

  at vendor\laravel\framework\src\Illuminate\Database\Connectors\Connector.php:67
     63Γûò     protected function createPdoConnection($dsn, $username, #[\SensitiveParameter] $password, $options)
     64Γûò     {
     65Γûò         return version_compare(phpversion(), '8.4.0', '<')
     66Γûò             ? new PDO($dsn, $username, $password, $options)
  Γ₧£  67Γûò             : PDO::connect($dsn, $username, $password, $options); /** @phpstan-ignore staticMethod.notFound (PHP 8.4) */
     68Γûò     }
     69Γûò 
     70Γûò     /**
     71Γûò      * Handle an exception that occurred during connect execution.

  1   vendor\laravel\framework\src\Illuminate\Database\Connectors\Connector.php:67
  2   vendor\laravel\framework\src\Illuminate\Database\Connectors\Connector.php:44

  ΓöÇΓöÇΓöÇΓöÇΓöÇΓöÇΓöÇΓöÇΓöÇΓöÇΓöÇΓöÇΓöÇΓöÇΓöÇΓöÇΓöÇΓöÇ  
   FΓÇª  PDOException   
  SQLSTATE[08006] [7] connection to server at "127.0.0.1", port 5432 failed: FATAL:  database "lis_db" does not exist

  at vendor\laravel\framework\src\Illuminate\Database\Connectors\Connector.php:67
     63Γûò     protected function createPdoConnection($dsn, $username, #[\SensitiveParameter] $password, $options)
     64Γûò     {
     65Γûò         return version_compare(phpversion(), '8.4.0', '<')
     66Γûò             ? new PDO($dsn, $username, $password, $options)
  Γ₧£  67Γûò             : PDO::connect($dsn, $username, $password, $options); /** @phpstan-ignore staticMethod.notFound (PHP 8.4) */
     68Γûò     }
     69Γûò 
     70Γûò     /**
     71Γûò      * Handle an exception that occurred during connect execution.

  1   vendor\laravel\framework\src\Illuminate\Database\Connectors\Connector.php:67
  2   vendor\laravel\framework\src\Illuminate\Database\Connectors\Connector.php:44

  ΓöÇΓöÇΓöÇΓöÇΓöÇΓöÇΓöÇΓöÇΓöÇΓöÇΓöÇΓöÇΓöÇΓöÇΓöÇΓöÇΓöÇΓöÇ  
   FΓÇª  PDOException   
  SQLSTATE[08006] [7] connection to server at "127.0.0.1", port 5432 failed: FATAL:  database "lis_db" does not exist

  at vendor\laravel\framework\src\Illuminate\Database\Connectors\Connector.php:67
     63Γûò     protected function createPdoConnection($dsn, $username, #[\SensitiveParameter] $password, $options)
     64Γûò     {
     65Γûò         return version_compare(phpversion(), '8.4.0', '<')
     66Γûò             ? new PDO($dsn, $username, $password, $options)
  Γ₧£  67Γûò             : PDO::connect($dsn, $username, $password, $options); /** @phpstan-ignore staticMethod.notFound (PHP 8.4) */
     68Γûò     }
     69Γûò 
     70Γûò     /**
     71Γûò      * Handle an exception that occurred during connect execution.

  1   vendor\laravel\framework\src\Illuminate\Database\Connectors\Connector.php:67
  2   vendor\laravel\framework\src\Illuminate\Database\Connectors\Connector.php:44

  ΓöÇΓöÇΓöÇΓöÇΓöÇΓöÇΓöÇΓöÇΓöÇΓöÇΓöÇΓöÇΓöÇΓöÇΓöÇΓöÇΓöÇΓöÇ  
   FΓÇª  PDOException   
  SQLSTATE[08006] [7] connection to server at "127.0.0.1", port 5432 failed: FATAL:  database "lis_db" does not exist

  at vendor\laravel\framework\src\Illuminate\Database\Connectors\Connector.php:67
     63Γûò     protected function createPdoConnection($dsn, $username, #[\SensitiveParameter] $password, $options)
     64Γûò     {
     65Γûò         return version_compare(phpversion(), '8.4.0', '<')
     66Γûò             ? new PDO($dsn, $username, $password, $options)
  Γ₧£  67Γûò             : PDO::connect($dsn, $username, $password, $options); /** @phpstan-ignore staticMethod.notFound (PHP 8.4) */
     68Γûò     }
     69Γûò 
     70Γûò     /**
     71Γûò      * Handle an exception that occurred during connect execution.

  1   vendor\laravel\framework\src\Illuminate\Database\Connectors\Connector.php:67
  2   vendor\laravel\framework\src\Illuminate\Database\Connectors\Connector.php:44

  ΓöÇΓöÇΓöÇΓöÇΓöÇΓöÇΓöÇΓöÇΓöÇΓöÇΓöÇΓöÇΓöÇΓöÇΓöÇΓöÇΓöÇΓöÇ  
   FΓÇª  PDOException   
  SQLSTATE[08006] [7] connection to server at "127.0.0.1", port 5432 failed: FATAL:  database "lis_db" does not exist

  at vendor\laravel\framework\src\Illuminate\Database\Connectors\Connector.php:67
     63Γûò     protected function createPdoConnection($dsn, $username, #[\SensitiveParameter] $password, $options)
     64Γûò     {
     65Γûò         return version_compare(phpversion(), '8.4.0', '<')
     66Γûò             ? new PDO($dsn, $username, $password, $options)
  Γ₧£  67Γûò             : PDO::connect($dsn, $username, $password, $options); /** @phpstan-ignore staticMethod.notFound (PHP 8.4) */
     68Γûò     }
     69Γûò 
     70Γûò     /**
     71Γûò      * Handle an exception that occurred during connect execution.

  1   vendor\laravel\framework\src\Illuminate\Database\Connectors\Connector.php:67
  2   vendor\laravel\framework\src\Illuminate\Database\Connectors\Connector.php:44

  ΓöÇΓöÇΓöÇΓöÇΓöÇΓöÇΓöÇΓöÇΓöÇΓöÇΓöÇΓöÇΓöÇΓöÇΓöÇΓöÇΓöÇΓöÇ  
   FΓÇª  PDOException   
  SQLSTATE[08006] [7] connection to server at "127.0.0.1", port 5432 failed: FATAL:  database "lis_db" does not exist

  at vendor\laravel\framework\src\Illuminate\Database\Connectors\Connector.php:67
     63Γûò     protected function createPdoConnection($dsn, $username, #[\SensitiveParameter] $password, $options)
     64Γûò     {
     65Γûò         return version_compare(phpversion(), '8.4.0', '<')
     66Γûò             ? new PDO($dsn, $username, $password, $options)
  Γ₧£  67Γûò             : PDO::connect($dsn, $username, $password, $options); /** @phpstan-ignore staticMethod.notFound (PHP 8.4) */
     68Γûò     }
     69Γûò 
     70Γûò     /**
     71Γûò      * Handle an exception that occurred during connect execution.

  1   vendor\laravel\framework\src\Illuminate\Database\Connectors\Connector.php:67
  2   vendor\laravel\framework\src\Illuminate\Database\Connectors\Connector.php:44

  ΓöÇΓöÇΓöÇΓöÇΓöÇΓöÇΓöÇΓöÇΓöÇΓöÇΓöÇΓöÇΓöÇΓöÇΓöÇΓöÇΓöÇΓöÇ  
   FΓÇª  PDOException   
  SQLSTATE[08006] [7] connection to server at "127.0.0.1", port 5432 failed: FATAL:  database "lis_db" does not exist

  at vendor\laravel\framework\src\Illuminate\Database\Connectors\Connector.php:67
     63Γûò     protected function createPdoConnection($dsn, $username, #[\SensitiveParameter] $password, $options)
     64Γûò     {
     65Γûò         return version_compare(phpversion(), '8.4.0', '<')
     66Γûò             ? new PDO($dsn, $username, $password, $options)
  Γ₧£  67Γûò             : PDO::connect($dsn, $username, $password, $options); /** @phpstan-ignore staticMethod.notFound (PHP 8.4) */
     68Γûò     }
     69Γûò 
     70Γûò     /**
     71Γûò      * Handle an exception that occurred during connect execution.

  1   vendor\laravel\framework\src\Illuminate\Database\Connectors\Connector.php:67
  2   vendor\laravel\framework\src\Illuminate\Database\Connectors\Connector.php:44

  ΓöÇΓöÇΓöÇΓöÇΓöÇΓöÇΓöÇΓöÇΓöÇΓöÇΓöÇΓöÇΓöÇΓöÇΓöÇΓöÇΓöÇΓöÇ  
   FΓÇª  PDOException   
  SQLSTATE[08006] [7] connection to server at "127.0.0.1", port 5432 failed: FATAL:  database "lis_db" does not exist

  at vendor\laravel\framework\src\Illuminate\Database\Connectors\Connector.php:67
     63Γûò     protected function createPdoConnection($dsn, $username, #[\SensitiveParameter] $password, $options)
     64Γûò     {
     65Γûò         return version_compare(phpversion(), '8.4.0', '<')
     66Γûò             ? new PDO($dsn, $username, $password, $options)
  Γ₧£  67Γûò             : PDO::connect($dsn, $username, $password, $options); /** @phpstan-ignore staticMethod.notFound (PHP 8.4) */
     68Γûò     }
     69Γûò 
     70Γûò     /**
     71Γûò      * Handle an exception that occurred during connect execution.

  1   vendor\laravel\framework\src\Illuminate\Database\Connectors\Connector.php:67
  2   vendor\laravel\framework\src\Illuminate\Database\Connectors\Connector.php:44

  ΓöÇΓöÇΓöÇΓöÇΓöÇΓöÇΓöÇΓöÇΓöÇΓöÇΓöÇΓöÇΓöÇΓöÇΓöÇΓöÇΓöÇΓöÇ  
   FΓÇª  PDOException   
  SQLSTATE[08006] [7] connection to server at "127.0.0.1", port 5432 failed: FATAL:  database "lis_db" does not exist

  at vendor\laravel\framework\src\Illuminate\Database\Connectors\Connector.php:67
     63Γûò     protected function createPdoConnection($dsn, $username, #[\SensitiveParameter] $password, $options)
     64Γûò     {
     65Γûò         return version_compare(phpversion(), '8.4.0', '<')
     66Γûò             ? new PDO($dsn, $username, $password, $options)
  Γ₧£  67Γûò             : PDO::connect($dsn, $username, $password, $options); /** @phpstan-ignore staticMethod.notFound (PHP 8.4) */
     68Γûò     }
     69Γûò 
     70Γûò     /**
     71Γûò      * Handle an exception that occurred during connect execution.

  1   vendor\laravel\framework\src\Illuminate\Database\Connectors\Connector.php:67
  2   vendor\laravel\framework\src\Illuminate\Database\Connectors\Connector.php:44

  ΓöÇΓöÇΓöÇΓöÇΓöÇΓöÇΓöÇΓöÇΓöÇΓöÇΓöÇΓöÇΓöÇΓöÇΓöÇΓöÇΓöÇΓöÇ  
   FΓÇª  PDOException   
  SQLSTATE[08006] [7] connection to server at "127.0.0.1", port 5432 failed: FATAL:  database "lis_db" does not exist

  at vendor\laravel\framework\src\Illuminate\Database\Connectors\Connector.php:67
     63Γûò     protected function createPdoConnection($dsn, $username, #[\SensitiveParameter] $password, $options)
     64Γûò     {
     65Γûò         return version_compare(phpversion(), '8.4.0', '<')
     66Γûò             ? new PDO($dsn, $username, $password, $options)
  Γ₧£  67Γûò             : PDO::connect($dsn, $username, $password, $options); /** @phpstan-ignore staticMethod.notFound (PHP 8.4) */
     68Γûò     }
     69Γûò 
     70Γûò     /**
     71Γûò      * Handle an exception that occurred during connect execution.

  1   vendor\laravel\framework\src\Illuminate\Database\Connectors\Connector.php:67
  2   vendor\laravel\framework\src\Illuminate\Database\Connectors\Connector.php:44

  ΓöÇΓöÇΓöÇΓöÇΓöÇΓöÇΓöÇΓöÇΓöÇΓöÇΓöÇΓöÇΓöÇΓöÇΓöÇΓöÇΓöÇΓöÇ  
   FΓÇª  PDOException   
  SQLSTATE[08006] [7] connection to server at "127.0.0.1", port 5432 failed: FATAL:  database "lis_db" does not exist

  at vendor\laravel\framework\src\Illuminate\Database\Connectors\Connector.php:67
     63Γûò     protected function createPdoConnection($dsn, $username, #[\SensitiveParameter] $password, $options)
     64Γûò     {
     65Γûò         return version_compare(phpversion(), '8.4.0', '<')
     66Γûò             ? new PDO($dsn, $username, $password, $options)
  Γ₧£  67Γûò             : PDO::connect($dsn, $username, $password, $options); /** @phpstan-ignore staticMethod.notFound (PHP 8.4) */
     68Γûò     }
     69Γûò 
     70Γûò     /**
     71Γûò      * Handle an exception that occurred during connect execution.

  1   vendor\laravel\framework\src\Illuminate\Database\Connectors\Connector.php:67
  2   vendor\laravel\framework\src\Illuminate\Database\Connectors\Connector.php:44

  ΓöÇΓöÇΓöÇΓöÇΓöÇΓöÇΓöÇΓöÇΓöÇΓöÇΓöÇΓöÇΓöÇΓöÇΓöÇΓöÇΓöÇΓöÇ  
   FΓÇª  PDOException   
  SQLSTATE[08006] [7] connection to server at "127.0.0.1", port 5432 failed: FATAL:  database "lis_db" does not exist

  at vendor\laravel\framework\src\Illuminate\Database\Connectors\Connector.php:67
     63Γûò     protected function createPdoConnection($dsn, $username, #[\SensitiveParameter] $password, $options)
     64Γûò     {
     65Γûò         return version_compare(phpversion(), '8.4.0', '<')
     66Γûò             ? new PDO($dsn, $username, $password, $options)
  Γ₧£  67Γûò             : PDO::connect($dsn, $username, $password, $options); /** @phpstan-ignore staticMethod.notFound (PHP 8.4) */
     68Γûò     }
     69Γûò 
     70Γûò     /**
     71Γûò      * Handle an exception that occurred during connect execution.

  1   vendor\laravel\framework\src\Illuminate\Database\Connectors\Connector.php:67
  2   vendor\laravel\framework\src\Illuminate\Database\Connectors\Connector.php:44

  ΓöÇΓöÇΓöÇΓöÇΓöÇΓöÇΓöÇΓöÇΓöÇΓöÇΓöÇΓöÇΓöÇΓöÇΓöÇΓöÇΓöÇΓöÇ  
   FΓÇª  PDOException   
  SQLSTATE[08006] [7] connection to server at "127.0.0.1", port 5432 failed: FATAL:  database "lis_db" does not exist

  at vendor\laravel\framework\src\Illuminate\Database\Connectors\Connector.php:67
     63Γûò     protected function createPdoConnection($dsn, $username, #[\SensitiveParameter] $password, $options)
     64Γûò     {
     65Γûò         return version_compare(phpversion(), '8.4.0', '<')
     66Γûò             ? new PDO($dsn, $username, $password, $options)
  Γ₧£  67Γûò             : PDO::connect($dsn, $username, $password, $options); /** @phpstan-ignore staticMethod.notFound (PHP 8.4) */
     68Γûò     }
     69Γûò 
     70Γûò     /**
     71Γûò      * Handle an exception that occurred during connect execution.

  1   vendor\laravel\framework\src\Illuminate\Database\Connectors\Connector.php:67
  2   vendor\laravel\framework\src\Illuminate\Database\Connectors\Connector.php:44

  ΓöÇΓöÇΓöÇΓöÇΓöÇΓöÇΓöÇΓöÇΓöÇΓöÇΓöÇΓöÇΓöÇΓöÇΓöÇΓöÇΓöÇΓöÇ  
   FΓÇª  PDOException   
  SQLSTATE[08006] [7] connection to server at "127.0.0.1", port 5432 failed: FATAL:  database "lis_db" does not exist

  at vendor\laravel\framework\src\Illuminate\Database\Connectors\Connector.php:67
     63Γûò     protected function createPdoConnection($dsn, $username, #[\SensitiveParameter] $password, $options)
     64Γûò     {
     65Γûò         return version_compare(phpversion(), '8.4.0', '<')
     66Γûò             ? new PDO($dsn, $username, $password, $options)
  Γ₧£  67Γûò             : PDO::connect($dsn, $username, $password, $options); /** @phpstan-ignore staticMethod.notFound (PHP 8.4) */
     68Γûò     }
     69Γûò 
     70Γûò     /**
     71Γûò      * Handle an exception that occurred during connect execution.

  1   vendor\laravel\framework\src\Illuminate\Database\Connectors\Connector.php:67
  2   vendor\laravel\framework\src\Illuminate\Database\Connectors\Connector.php:44

  ΓöÇΓöÇΓöÇΓöÇΓöÇΓöÇΓöÇΓöÇΓöÇΓöÇΓöÇΓöÇΓöÇΓöÇΓöÇΓöÇΓöÇΓöÇ  
   FΓÇª  PDOException   
  SQLSTATE[08006] [7] connection to server at "127.0.0.1", port 5432 failed: FATAL:  database "lis_db" does not exist

  at vendor\laravel\framework\src\Illuminate\Database\Connectors\Connector.php:67
     63Γûò     protected function createPdoConnection($dsn, $username, #[\SensitiveParameter] $password, $options)
     64Γûò     {
     65Γûò         return version_compare(phpversion(), '8.4.0', '<')
     66Γûò             ? new PDO($dsn, $username, $password, $options)
  Γ₧£  67Γûò             : PDO::connect($dsn, $username, $password, $options); /** @phpstan-ignore staticMethod.notFound (PHP 8.4) */
     68Γûò     }
     69Γûò 
     70Γûò     /**
     71Γûò      * Handle an exception that occurred during connect execution.

  1   vendor\laravel\framework\src\Illuminate\Database\Connectors\Connector.php:67
  2   vendor\laravel\framework\src\Illuminate\Database\Connectors\Connector.php:44

  ΓöÇΓöÇΓöÇΓöÇΓöÇΓöÇΓöÇΓöÇΓöÇΓöÇΓöÇΓöÇΓöÇΓöÇΓöÇΓöÇΓöÇΓöÇ  
   FΓÇª  PDOException   
  SQLSTATE[08006] [7] connection to server at "127.0.0.1", port 5432 failed: FATAL:  database "lis_db" does not exist

  at vendor\laravel\framework\src\Illuminate\Database\Connectors\Connector.php:67
     63Γûò     protected function createPdoConnection($dsn, $username, #[\SensitiveParameter] $password, $options)
     64Γûò     {
     65Γûò         return version_compare(phpversion(), '8.4.0', '<')
     66Γûò             ? new PDO($dsn, $username, $password, $options)
  Γ₧£  67Γûò             : PDO::connect($dsn, $username, $password, $options); /** @phpstan-ignore staticMethod.notFound (PHP 8.4) */
     68Γûò     }
     69Γûò 
     70Γûò     /**
     71Γûò      * Handle an exception that occurred during connect execution.

  1   vendor\laravel\framework\src\Illuminate\Database\Connectors\Connector.php:67
  2   vendor\laravel\framework\src\Illuminate\Database\Connectors\Connector.php:44

  ΓöÇΓöÇΓöÇΓöÇΓöÇΓöÇΓöÇΓöÇΓöÇΓöÇΓöÇΓöÇΓöÇΓöÇΓöÇΓöÇΓöÇΓöÇ  
   FΓÇª  PDOException   
  SQLSTATE[08006] [7] connection to server at "127.0.0.1", port 5432 failed: FATAL:  database "lis_db" does not exist

  at vendor\laravel\framework\src\Illuminate\Database\Connectors\Connector.php:67
     63Γûò     protected function createPdoConnection($dsn, $username, #[\SensitiveParameter] $password, $options)
     64Γûò     {
     65Γûò         return version_compare(phpversion(), '8.4.0', '<')
     66Γûò             ? new PDO($dsn, $username, $password, $options)
  Γ₧£  67Γûò             : PDO::connect($dsn, $username, $password, $options); /** @phpstan-ignore staticMethod.notFound (PHP 8.4) */
     68Γûò     }
     69Γûò 
     70Γûò     /**
     71Γûò      * Handle an exception that occurred during connect execution.

  1   vendor\laravel\framework\src\Illuminate\Database\Connectors\Connector.php:67
  2   vendor\laravel\framework\src\Illuminate\Database\Connectors\Connector.php:44

  ΓöÇΓöÇΓöÇΓöÇΓöÇΓöÇΓöÇΓöÇΓöÇΓöÇΓöÇΓöÇΓöÇΓöÇΓöÇΓöÇΓöÇΓöÇ  
   FΓÇª  PDOException   
  SQLSTATE[08006] [7] connection to server at "127.0.0.1", port 5432 failed: FATAL:  database "lis_db" does not exist

  at vendor\laravel\framework\src\Illuminate\Database\Connectors\Connector.php:67
     63Γûò     protected function createPdoConnection($dsn, $username, #[\SensitiveParameter] $password, $options)
     64Γûò     {
     65Γûò         return version_compare(phpversion(), '8.4.0', '<')
     66Γûò             ? new PDO($dsn, $username, $password, $options)
  Γ₧£  67Γûò             : PDO::connect($dsn, $username, $password, $options); /** @phpstan-ignore staticMethod.notFound (PHP 8.4) */
     68Γûò     }
     69Γûò 
     70Γûò     /**
     71Γûò      * Handle an exception that occurred during connect execution.

  1   vendor\laravel\framework\src\Illuminate\Database\Connectors\Connector.php:67
  2   vendor\laravel\framework\src\Illuminate\Database\Connectors\Connector.php:44

  ΓöÇΓöÇΓöÇΓöÇΓöÇΓöÇΓöÇΓöÇΓöÇΓöÇΓöÇΓöÇΓöÇΓöÇΓöÇΓöÇΓöÇΓöÇ  
   FΓÇª  PDOException   
  SQLSTATE[08006] [7] connection to server at "127.0.0.1", port 5432 failed: FATAL:  database "lis_db" does not exist

  at vendor\laravel\framework\src\Illuminate\Database\Connectors\Connector.php:67
     63Γûò     protected function createPdoConnection($dsn, $username, #[\SensitiveParameter] $password, $options)
     64Γûò     {
     65Γûò         return version_compare(phpversion(), '8.4.0', '<')
     66Γûò             ? new PDO($dsn, $username, $password, $options)
  Γ₧£  67Γûò             : PDO::connect($dsn, $username, $password, $options); /** @phpstan-ignore staticMethod.notFound (PHP 8.4) */
     68Γûò     }
     69Γûò 
     70Γûò     /**
     71Γûò      * Handle an exception that occurred during connect execution.

  1   vendor\laravel\framework\src\Illuminate\Database\Connectors\Connector.php:67
  2   vendor\laravel\framework\src\Illuminate\Database\Connectors\Connector.php:44

  ΓöÇΓöÇΓöÇΓöÇΓöÇΓöÇΓöÇΓöÇΓöÇΓöÇΓöÇΓöÇΓöÇΓöÇΓöÇΓöÇΓöÇΓöÇ  
   FΓÇª  PDOException   
  SQLSTATE[08006] [7] connection to server at "127.0.0.1", port 5432 failed: FATAL:  database "lis_db" does not exist

  at vendor\laravel\framework\src\Illuminate\Database\Connectors\Connector.php:67
     63Γûò     protected function createPdoConnection($dsn, $username, #[\SensitiveParameter] $password, $options)
     64Γûò     {
     65Γûò         return version_compare(phpversion(), '8.4.0', '<')
     66Γûò             ? new PDO($dsn, $username, $password, $options)
  Γ₧£  67Γûò             : PDO::connect($dsn, $username, $password, $options); /** @phpstan-ignore staticMethod.notFound (PHP 8.4) */
     68Γûò     }
     69Γûò 
     70Γûò     /**
     71Γûò      * Handle an exception that occurred during connect execution.

  1   vendor\laravel\framework\src\Illuminate\Database\Connectors\Connector.php:67
  2   vendor\laravel\framework\src\Illuminate\Database\Connectors\Connector.php:44

  ΓöÇΓöÇΓöÇΓöÇΓöÇΓöÇΓöÇΓöÇΓöÇΓöÇΓöÇΓöÇΓöÇΓöÇΓöÇΓöÇΓöÇΓöÇ  
   FΓÇª  PDOException   
  SQLSTATE[08006] [7] connection to server at "127.0.0.1", port 5432 failed: FATAL:  database "lis_db" does not exist

  at vendor\laravel\framework\src\Illuminate\Database\Connectors\Connector.php:67
     63Γûò     protected function createPdoConnection($dsn, $username, #[\SensitiveParameter] $password, $options)
     64Γûò     {
     65Γûò         return version_compare(phpversion(), '8.4.0', '<')
     66Γûò             ? new PDO($dsn, $username, $password, $options)
  Γ₧£  67Γûò             : PDO::connect($dsn, $username, $password, $options); /** @phpstan-ignore staticMethod.notFound (PHP 8.4) */
     68Γûò     }
     69Γûò 
     70Γûò     /**
     71Γûò      * Handle an exception that occurred during connect execution.

  1   vendor\laravel\framework\src\Illuminate\Database\Connectors\Connector.php:67
  2   vendor\laravel\framework\src\Illuminate\Database\Connectors\Connector.php:44

  ΓöÇΓöÇΓöÇΓöÇΓöÇΓöÇΓöÇΓöÇΓöÇΓöÇΓöÇΓöÇΓöÇΓöÇΓöÇΓöÇΓöÇΓöÇ  
   FΓÇª  PDOException   
  SQLSTATE[08006] [7] connection to server at "127.0.0.1", port 5432 failed: FATAL:  database "lis_db" does not exist

  at vendor\laravel\framework\src\Illuminate\Database\Connectors\Connector.php:67
     63Γûò     protected function createPdoConnection($dsn, $username, #[\SensitiveParameter] $password, $options)
     64Γûò     {
     65Γûò         return version_compare(phpversion(), '8.4.0', '<')
     66Γûò             ? new PDO($dsn, $username, $password, $options)
  Γ₧£  67Γûò             : PDO::connect($dsn, $username, $password, $options); /** @phpstan-ignore staticMethod.notFound (PHP 8.4) */
     68Γûò     }
     69Γûò 
     70Γûò     /**
     71Γûò      * Handle an exception that occurred during connect execution.

  1   vendor\laravel\framework\src\Illuminate\Database\Connectors\Connector.php:67
  2   vendor\laravel\framework\src\Illuminate\Database\Connectors\Connector.php:44

  ΓöÇΓöÇΓöÇΓöÇΓöÇΓöÇΓöÇΓöÇΓöÇΓöÇΓöÇΓöÇΓöÇΓöÇΓöÇΓöÇΓöÇΓöÇ  
   FΓÇª  PDOException   
  SQLSTATE[08006] [7] connection to server at "127.0.0.1", port 5432 failed: FATAL:  database "lis_db" does not exist

  at vendor\laravel\framework\src\Illuminate\Database\Connectors\Connector.php:67
     63Γûò     protected function createPdoConnection($dsn, $username, #[\SensitiveParameter] $password, $options)
     64Γûò     {
     65Γûò         return version_compare(phpversion(), '8.4.0', '<')
     66Γûò             ? new PDO($dsn, $username, $password, $options)
  Γ₧£  67Γûò             : PDO::connect($dsn, $username, $password, $options); /** @phpstan-ignore staticMethod.notFound (PHP 8.4) */
     68Γûò     }
     69Γûò 
     70Γûò     /**
     71Γûò      * Handle an exception that occurred during connect execution.

  1   vendor\laravel\framework\src\Illuminate\Database\Connectors\Connector.php:67
  2   vendor\laravel\framework\src\Illuminate\Database\Connectors\Connector.php:44

  ΓöÇΓöÇΓöÇΓöÇΓöÇΓöÇΓöÇΓöÇΓöÇΓöÇΓöÇΓöÇΓöÇΓöÇΓöÇΓöÇΓöÇΓöÇ  
   FΓÇª  PDOException   
  SQLSTATE[08006] [7] connection to server at "127.0.0.1", port 5432 failed: FATAL:  database "lis_db" does not exist

  at vendor\laravel\framework\src\Illuminate\Database\Connectors\Connector.php:67
     63Γûò     protected function createPdoConnection($dsn, $username, #[\SensitiveParameter] $password, $options)
     64Γûò     {
     65Γûò         return version_compare(phpversion(), '8.4.0', '<')
     66Γûò             ? new PDO($dsn, $username, $password, $options)
  Γ₧£  67Γûò             : PDO::connect($dsn, $username, $password, $options); /** @phpstan-ignore staticMethod.notFound (PHP 8.4) */
     68Γûò     }
     69Γûò 
     70Γûò     /**
     71Γûò      * Handle an exception that occurred during connect execution.

  1   vendor\laravel\framework\src\Illuminate\Database\Connectors\Connector.php:67
  2   vendor\laravel\framework\src\Illuminate\Database\Connectors\Connector.php:44

  ΓöÇΓöÇΓöÇΓöÇΓöÇΓöÇΓöÇΓöÇΓöÇΓöÇΓöÇΓöÇΓöÇΓöÇΓöÇΓöÇΓöÇΓöÇ  
   FΓÇª  PDOException   
  SQLSTATE[08006] [7] connection to server at "127.0.0.1", port 5432 failed: FATAL:  database "lis_db" does not exist

  at vendor\laravel\framework\src\Illuminate\Database\Connectors\Connector.php:67
     63Γûò     protected function createPdoConnection($dsn, $username, #[\SensitiveParameter] $password, $options)
     64Γûò     {
     65Γûò         return version_compare(phpversion(), '8.4.0', '<')
     66Γûò             ? new PDO($dsn, $username, $password, $options)
  Γ₧£  67Γûò             : PDO::connect($dsn, $username, $password, $options); /** @phpstan-ignore staticMethod.notFound (PHP 8.4) */
     68Γûò     }
     69Γûò 
     70Γûò     /**
     71Γûò      * Handle an exception that occurred during connect execution.

  1   vendor\laravel\framework\src\Illuminate\Database\Connectors\Connector.php:67
  2   vendor\laravel\framework\src\Illuminate\Database\Connectors\Connector.php:44

  ΓöÇΓöÇΓöÇΓöÇΓöÇΓöÇΓöÇΓöÇΓöÇΓöÇΓöÇΓöÇΓöÇΓöÇΓöÇΓöÇΓöÇΓöÇ  
   FΓÇª  PDOException   
  SQLSTATE[08006] [7] connection to server at "127.0.0.1", port 5432 failed: FATAL:  database "lis_db" does not exist

  at vendor\laravel\framework\src\Illuminate\Database\Connectors\Connector.php:67
     63Γûò     protected function createPdoConnection($dsn, $username, #[\SensitiveParameter] $password, $options)
     64Γûò     {
     65Γûò         return version_compare(phpversion(), '8.4.0', '<')
     66Γûò             ? new PDO($dsn, $username, $password, $options)
  Γ₧£  67Γûò             : PDO::connect($dsn, $username, $password, $options); /** @phpstan-ignore staticMethod.notFound (PHP 8.4) */
     68Γûò     }
     69Γûò 
     70Γûò     /**
     71Γûò      * Handle an exception that occurred during connect execution.

  1   vendor\laravel\framework\src\Illuminate\Database\Connectors\Connector.php:67
  2   vendor\laravel\framework\src\Illuminate\Database\Connectors\Connector.php:44

  ΓöÇΓöÇΓöÇΓöÇΓöÇΓöÇΓöÇΓöÇΓöÇΓöÇΓöÇΓöÇΓöÇΓöÇΓöÇΓöÇΓöÇΓöÇ  
   FΓÇª  PDOException   
  SQLSTATE[08006] [7] connection to server at "127.0.0.1", port 5432 failed: FATAL:  database "lis_db" does not exist

  at vendor\laravel\framework\src\Illuminate\Database\Connectors\Connector.php:67
     63Γûò     protected function createPdoConnection($dsn, $username, #[\SensitiveParameter] $password, $options)
     64Γûò     {
     65Γûò         return version_compare(phpversion(), '8.4.0', '<')
     66Γûò             ? new PDO($dsn, $username, $password, $options)
  Γ₧£  67Γûò             : PDO::connect($dsn, $username, $password, $options); /** @phpstan-ignore staticMethod.notFound (PHP 8.4) */
     68Γûò     }
     69Γûò 
     70Γûò     /**
     71Γûò      * Handle an exception that occurred during connect execution.

  1   vendor\laravel\framework\src\Illuminate\Database\Connectors\Connector.php:67
  2   vendor\laravel\framework\src\Illuminate\Database\Connectors\Connector.php:44

  ΓöÇΓöÇΓöÇΓöÇΓöÇΓöÇΓöÇΓöÇΓöÇΓöÇΓöÇΓöÇΓöÇΓöÇΓöÇΓöÇΓöÇΓöÇ  
   FΓÇª  PDOException   
  SQLSTATE[08006] [7] connection to server at "127.0.0.1", port 5432 failed: FATAL:  database "lis_db" does not exist

  at vendor\laravel\framework\src\Illuminate\Database\Connectors\Connector.php:67
     63Γûò     protected function createPdoConnection($dsn, $username, #[\SensitiveParameter] $password, $options)
     64Γûò     {
     65Γûò         return version_compare(phpversion(), '8.4.0', '<')
     66Γûò             ? new PDO($dsn, $username, $password, $options)
  Γ₧£  67Γûò             : PDO::connect($dsn, $username, $password, $options); /** @phpstan-ignore staticMethod.notFound (PHP 8.4) */
     68Γûò     }
     69Γûò 
     70Γûò     /**
     71Γûò      * Handle an exception that occurred during connect execution.

  1   vendor\laravel\framework\src\Illuminate\Database\Connectors\Connector.php:67
  2   vendor\laravel\framework\src\Illuminate\Database\Connectors\Connector.php:44

  ΓöÇΓöÇΓöÇΓöÇΓöÇΓöÇΓöÇΓöÇΓöÇΓöÇΓöÇΓöÇΓöÇΓöÇΓöÇΓöÇΓöÇΓöÇ  
   FΓÇª  PDOException   
  SQLSTATE[08006] [7] connection to server at "127.0.0.1", port 5432 failed: FATAL:  database "lis_db" does not exist

  at vendor\laravel\framework\src\Illuminate\Database\Connectors\Connector.php:67
     63Γûò     protected function createPdoConnection($dsn, $username, #[\SensitiveParameter] $password, $options)
     64Γûò     {
     65Γûò         return version_compare(phpversion(), '8.4.0', '<')
     66Γûò             ? new PDO($dsn, $username, $password, $options)
  Γ₧£  67Γûò             : PDO::connect($dsn, $username, $password, $options); /** @phpstan-ignore staticMethod.notFound (PHP 8.4) */
     68Γûò     }
     69Γûò 
     70Γûò     /**
     71Γûò      * Handle an exception that occurred during connect execution.

  1   vendor\laravel\framework\src\Illuminate\Database\Connectors\Connector.php:67
  2   vendor\laravel\framework\src\Illuminate\Database\Connectors\Connector.php:44

  ΓöÇΓöÇΓöÇΓöÇΓöÇΓöÇΓöÇΓöÇΓöÇΓöÇΓöÇΓöÇΓöÇΓöÇΓöÇΓöÇΓöÇΓöÇ  
   FΓÇª  PDOException   
  SQLSTATE[08006] [7] connection to server at "127.0.0.1", port 5432 failed: FATAL:  database "lis_db" does not exist

  at vendor\laravel\framework\src\Illuminate\Database\Connectors\Connector.php:67
     63Γûò     protected function createPdoConnection($dsn, $username, #[\SensitiveParameter] $password, $options)
     64Γûò     {
     65Γûò         return version_compare(phpversion(), '8.4.0', '<')
     66Γûò             ? new PDO($dsn, $username, $password, $options)
  Γ₧£  67Γûò             : PDO::connect($dsn, $username, $password, $options); /** @phpstan-ignore staticMethod.notFound (PHP 8.4) */
     68Γûò     }
     69Γûò 
     70Γûò     /**
     71Γûò      * Handle an exception that occurred during connect execution.

  1   vendor\laravel\framework\src\Illuminate\Database\Connectors\Connector.php:67
  2   vendor\laravel\framework\src\Illuminate\Database\Connectors\Connector.php:44

  ΓöÇΓöÇΓöÇΓöÇΓöÇΓöÇΓöÇΓöÇΓöÇΓöÇΓöÇΓöÇΓöÇΓöÇΓöÇΓöÇΓöÇΓöÇ  
   FΓÇª  PDOException   
  SQLSTATE[08006] [7] connection to server at "127.0.0.1", port 5432 failed: FATAL:  database "lis_db" does not exist

  at vendor\laravel\framework\src\Illuminate\Database\Connectors\Connector.php:67
     63Γûò     protected function createPdoConnection($dsn, $username, #[\SensitiveParameter] $password, $options)
     64Γûò     {
     65Γûò         return version_compare(phpversion(), '8.4.0', '<')
     66Γûò             ? new PDO($dsn, $username, $password, $options)
  Γ₧£  67Γûò             : PDO::connect($dsn, $username, $password, $options); /** @phpstan-ignore staticMethod.notFound (PHP 8.4) */
     68Γûò     }
     69Γûò 
     70Γûò     /**
     71Γûò      * Handle an exception that occurred during connect execution.

  1   vendor\laravel\framework\src\Illuminate\Database\Connectors\Connector.php:67
  2   vendor\laravel\framework\src\Illuminate\Database\Connectors\Connector.php:44

  ΓöÇΓöÇΓöÇΓöÇΓöÇΓöÇΓöÇΓöÇΓöÇΓöÇΓöÇΓöÇΓöÇΓöÇΓöÇΓöÇΓöÇΓöÇ  
   FΓÇª  PDOException   
  SQLSTATE[08006] [7] connection to server at "127.0.0.1", port 5432 failed: FATAL:  database "lis_db" does not exist

  at vendor\laravel\framework\src\Illuminate\Database\Connectors\Connector.php:67
     63Γûò     protected function createPdoConnection($dsn, $username, #[\SensitiveParameter] $password, $options)
     64Γûò     {
     65Γûò         return version_compare(phpversion(), '8.4.0', '<')
     66Γûò             ? new PDO($dsn, $username, $password, $options)
  Γ₧£  67Γûò             : PDO::connect($dsn, $username, $password, $options); /** @phpstan-ignore staticMethod.notFound (PHP 8.4) */
     68Γûò     }
     69Γûò 
     70Γûò     /**
     71Γûò      * Handle an exception that occurred during connect execution.

  1   vendor\laravel\framework\src\Illuminate\Database\Connectors\Connector.php:67
  2   vendor\laravel\framework\src\Illuminate\Database\Connectors\Connector.php:44

  ΓöÇΓöÇΓöÇΓöÇΓöÇΓöÇΓöÇΓöÇΓöÇΓöÇΓöÇΓöÇΓöÇΓöÇΓöÇΓöÇΓöÇΓöÇ  
   FΓÇª  PDOException   
  SQLSTATE[08006] [7] connection to server at "127.0.0.1", port 5432 failed: FATAL:  database "lis_db" does not exist

  at vendor\laravel\framework\src\Illuminate\Database\Connectors\Connector.php:67
     63Γûò     protected function createPdoConnection($dsn, $username, #[\SensitiveParameter] $password, $options)
     64Γûò     {
     65Γûò         return version_compare(phpversion(), '8.4.0', '<')
     66Γûò             ? new PDO($dsn, $username, $password, $options)
  Γ₧£  67Γûò             : PDO::connect($dsn, $username, $password, $options); /** @phpstan-ignore staticMethod.notFound (PHP 8.4) */
     68Γûò     }
     69Γûò 
     70Γûò     /**
     71Γûò      * Handle an exception that occurred during connect execution.

  1   vendor\laravel\framework\src\Illuminate\Database\Connectors\Connector.php:67
  2   vendor\laravel\framework\src\Illuminate\Database\Connectors\Connector.php:44

  ΓöÇΓöÇΓöÇΓöÇΓöÇΓöÇΓöÇΓöÇΓöÇΓöÇΓöÇΓöÇΓöÇΓöÇΓöÇΓöÇΓöÇΓöÇ  
   FΓÇª  PDOException   
  SQLSTATE[08006] [7] connection to server at "127.0.0.1", port 5432 failed: FATAL:  database "lis_db" does not exist

  at vendor\laravel\framework\src\Illuminate\Database\Connectors\Connector.php:67
     63Γûò     protected function createPdoConnection($dsn, $username, #[\SensitiveParameter] $password, $options)
     64Γûò     {
     65Γûò         return version_compare(phpversion(), '8.4.0', '<')
     66Γûò             ? new PDO($dsn, $username, $password, $options)
  Γ₧£  67Γûò             : PDO::connect($dsn, $username, $password, $options); /** @phpstan-ignore staticMethod.notFound (PHP 8.4) */
     68Γûò     }
     69Γûò 
     70Γûò     /**
     71Γûò      * Handle an exception that occurred during connect execution.

  1   vendor\laravel\framework\src\Illuminate\Database\Connectors\Connector.php:67
  2   vendor\laravel\framework\src\Illuminate\Database\Connectors\Connector.php:44

  ΓöÇΓöÇΓöÇΓöÇΓöÇΓöÇΓöÇΓöÇΓöÇΓöÇΓöÇΓöÇΓöÇΓöÇΓöÇΓöÇΓöÇΓöÇ  
   FΓÇª  PDOException   
  SQLSTATE[08006] [7] connection to server at "127.0.0.1", port 5432 failed: FATAL:  database "lis_db" does not exist

  at vendor\laravel\framework\src\Illuminate\Database\Connectors\Connector.php:67
     63Γûò     protected function createPdoConnection($dsn, $username, #[\SensitiveParameter] $password, $options)
     64Γûò     {
     65Γûò         return version_compare(phpversion(), '8.4.0', '<')
     66Γûò             ? new PDO($dsn, $username, $password, $options)
  Γ₧£  67Γûò             : PDO::connect($dsn, $username, $password, $options); /** @phpstan-ignore staticMethod.notFound (PHP 8.4) */
     68Γûò     }
     69Γûò 
     70Γûò     /**
     71Γûò      * Handle an exception that occurred during connect execution.

  1   vendor\laravel\framework\src\Illuminate\Database\Connectors\Connector.php:67
  2   vendor\laravel\framework\src\Illuminate\Database\Connectors\Connector.php:44

  ΓöÇΓöÇΓöÇΓöÇΓöÇΓöÇΓöÇΓöÇΓöÇΓöÇΓöÇΓöÇΓöÇΓöÇΓöÇΓöÇΓöÇΓöÇ  
   FΓÇª  PDOException   
  SQLSTATE[08006] [7] connection to server at "127.0.0.1", port 5432 failed: FATAL:  database "lis_db" does not exist

  at vendor\laravel\framework\src\Illuminate\Database\Connectors\Connector.php:67
     63Γûò     protected function createPdoConnection($dsn, $username, #[\SensitiveParameter] $password, $options)
     64Γûò     {
     65Γûò         return version_compare(phpversion(), '8.4.0', '<')
     66Γûò             ? new PDO($dsn, $username, $password, $options)
  Γ₧£  67Γûò             : PDO::connect($dsn, $username, $password, $options); /** @phpstan-ignore staticMethod.notFound (PHP 8.4) */
     68Γûò     }
     69Γûò 
     70Γûò     /**
     71Γûò      * Handle an exception that occurred during connect execution.

  1   vendor\laravel\framework\src\Illuminate\Database\Connectors\Connector.php:67
  2   vendor\laravel\framework\src\Illuminate\Database\Connectors\Connector.php:44

  ΓöÇΓöÇΓöÇΓöÇΓöÇΓöÇΓöÇΓöÇΓöÇΓöÇΓöÇΓöÇΓöÇΓöÇΓöÇΓöÇΓöÇΓöÇ  
   FΓÇª  PDOException   
  SQLSTATE[08006] [7] connection to server at "127.0.0.1", port 5432 failed: FATAL:  database "lis_db" does not exist

  at vendor\laravel\framework\src\Illuminate\Database\Connectors\Connector.php:67
     63Γûò     protected function createPdoConnection($dsn, $username, #[\SensitiveParameter] $password, $options)
     64Γûò     {
     65Γûò         return version_compare(phpversion(), '8.4.0', '<')
     66Γûò             ? new PDO($dsn, $username, $password, $options)
  Γ₧£  67Γûò             : PDO::connect($dsn, $username, $password, $options); /** @phpstan-ignore staticMethod.notFound (PHP 8.4) */
     68Γûò     }
     69Γûò 
     70Γûò     /**
     71Γûò      * Handle an exception that occurred during connect execution.

  1   vendor\laravel\framework\src\Illuminate\Database\Connectors\Connector.php:67
  2   vendor\laravel\framework\src\Illuminate\Database\Connectors\Connector.php:44

  ΓöÇΓöÇΓöÇΓöÇΓöÇΓöÇΓöÇΓöÇΓöÇΓöÇΓöÇΓöÇΓöÇΓöÇΓöÇΓöÇΓöÇΓöÇ  
   FΓÇª  PDOException   
  SQLSTATE[08006] [7] connection to server at "127.0.0.1", port 5432 failed: FATAL:  database "lis_db" does not exist

  at vendor\laravel\framework\src\Illuminate\Database\Connectors\Connector.php:67
     63Γûò     protected function createPdoConnection($dsn, $username, #[\SensitiveParameter] $password, $options)
     64Γûò     {
     65Γûò         return version_compare(phpversion(), '8.4.0', '<')
     66Γûò             ? new PDO($dsn, $username, $password, $options)
  Γ₧£  67Γûò             : PDO::connect($dsn, $username, $password, $options); /** @phpstan-ignore staticMethod.notFound (PHP 8.4) */
     68Γûò     }
     69Γûò 
     70Γûò     /**
     71Γûò      * Handle an exception that occurred during connect execution.

  1   vendor\laravel\framework\src\Illuminate\Database\Connectors\Connector.php:67
  2   vendor\laravel\framework\src\Illuminate\Database\Connectors\Connector.php:44

  ΓöÇΓöÇΓöÇΓöÇΓöÇΓöÇΓöÇΓöÇΓöÇΓöÇΓöÇΓöÇΓöÇΓöÇΓöÇΓöÇΓöÇΓöÇ  
   FΓÇª  PDOException   
  SQLSTATE[08006] [7] connection to server at "127.0.0.1", port 5432 failed: FATAL:  database "lis_db" does not exist

  at vendor\laravel\framework\src\Illuminate\Database\Connectors\Connector.php:67
     63Γûò     protected function createPdoConnection($dsn, $username, #[\SensitiveParameter] $password, $options)
     64Γûò     {
     65Γûò         return version_compare(phpversion(), '8.4.0', '<')
     66Γûò             ? new PDO($dsn, $username, $password, $options)
  Γ₧£  67Γûò             : PDO::connect($dsn, $username, $password, $options); /** @phpstan-ignore staticMethod.notFound (PHP 8.4) */
     68Γûò     }
     69Γûò 
     70Γûò     /**
     71Γûò      * Handle an exception that occurred during connect execution.

  1   vendor\laravel\framework\src\Illuminate\Database\Connectors\Connector.php:67
  2   vendor\laravel\framework\src\Illuminate\Database\Connectors\Connector.php:44

  ΓöÇΓöÇΓöÇΓöÇΓöÇΓöÇΓöÇΓöÇΓöÇΓöÇΓöÇΓöÇΓöÇΓöÇΓöÇΓöÇΓöÇΓöÇ  
   FΓÇª  PDOException   
  SQLSTATE[08006] [7] connection to server at "127.0.0.1", port 5432 failed: FATAL:  database "lis_db" does not exist

  at vendor\laravel\framework\src\Illuminate\Database\Connectors\Connector.php:67
     63Γûò     protected function createPdoConnection($dsn, $username, #[\SensitiveParameter] $password, $options)
     64Γûò     {
     65Γûò         return version_compare(phpversion(), '8.4.0', '<')
     66Γûò             ? new PDO($dsn, $username, $password, $options)
  Γ₧£  67Γûò             : PDO::connect($dsn, $username, $password, $options); /** @phpstan-ignore staticMethod.notFound (PHP 8.4) */
     68Γûò     }
     69Γûò 
     70Γûò     /**
     71Γûò      * Handle an exception that occurred during connect execution.

  1   vendor\laravel\framework\src\Illuminate\Database\Connectors\Connector.php:67
  2   vendor\laravel\framework\src\Illuminate\Database\Connectors\Connector.php:44

  ΓöÇΓöÇΓöÇΓöÇΓöÇΓöÇΓöÇΓöÇΓöÇΓöÇΓöÇΓöÇΓöÇΓöÇΓöÇΓöÇΓöÇΓöÇ  
   FΓÇª  PDOException   
  SQLSTATE[08006] [7] connection to server at "127.0.0.1", port 5432 failed: FATAL:  database "lis_db" does not exist

  at vendor\laravel\framework\src\Illuminate\Database\Connectors\Connector.php:67
     63Γûò     protected function createPdoConnection($dsn, $username, #[\SensitiveParameter] $password, $options)
     64Γûò     {
     65Γûò         return version_compare(phpversion(), '8.4.0', '<')
     66Γûò             ? new PDO($dsn, $username, $password, $options)
  Γ₧£  67Γûò             : PDO::connect($dsn, $username, $password, $options); /** @phpstan-ignore staticMethod.notFound (PHP 8.4) */
     68Γûò     }
     69Γûò 
     70Γûò     /**
     71Γûò      * Handle an exception that occurred during connect execution.

  1   vendor\laravel\framework\src\Illuminate\Database\Connectors\Connector.php:67
  2   vendor\laravel\framework\src\Illuminate\Database\Connectors\Connector.php:44

  ΓöÇΓöÇΓöÇΓöÇΓöÇΓöÇΓöÇΓöÇΓöÇΓöÇΓöÇΓöÇΓöÇΓöÇΓöÇΓöÇΓöÇΓöÇ  
   FΓÇª  PDOException   
  SQLSTATE[08006] [7] connection to server at "127.0.0.1", port 5432 failed: FATAL:  database "lis_db" does not exist

  at vendor\laravel\framework\src\Illuminate\Database\Connectors\Connector.php:67
     63Γûò     protected function createPdoConnection($dsn, $username, #[\SensitiveParameter] $password, $options)
     64Γûò     {
     65Γûò         return version_compare(phpversion(), '8.4.0', '<')
     66Γûò             ? new PDO($dsn, $username, $password, $options)
  Γ₧£  67Γûò             : PDO::connect($dsn, $username, $password, $options); /** @phpstan-ignore staticMethod.notFound (PHP 8.4) */
     68Γûò     }
     69Γûò 
     70Γûò     /**
     71Γûò      * Handle an exception that occurred during connect execution.

  1   vendor\laravel\framework\src\Illuminate\Database\Connectors\Connector.php:67
  2   vendor\laravel\framework\src\Illuminate\Database\Connectors\Connector.php:44

  ΓöÇΓöÇΓöÇΓöÇΓöÇΓöÇΓöÇΓöÇΓöÇΓöÇΓöÇΓöÇΓöÇΓöÇΓöÇΓöÇΓöÇΓöÇ  
   FΓÇª  PDOException   
  SQLSTATE[08006] [7] connection to server at "127.0.0.1", port 5432 failed: FATAL:  database "lis_db" does not exist

  at vendor\laravel\framework\src\Illuminate\Database\Connectors\Connector.php:67
     63Γûò     protected function createPdoConnection($dsn, $username, #[\SensitiveParameter] $password, $options)
     64Γûò     {
     65Γûò         return version_compare(phpversion(), '8.4.0', '<')
     66Γûò             ? new PDO($dsn, $username, $password, $options)
  Γ₧£  67Γûò             : PDO::connect($dsn, $username, $password, $options); /** @phpstan-ignore staticMethod.notFound (PHP 8.4) */
     68Γûò     }
     69Γûò 
     70Γûò     /**
     71Γûò      * Handle an exception that occurred during connect execution.

  1   vendor\laravel\framework\src\Illuminate\Database\Connectors\Connector.php:67
  2   vendor\laravel\framework\src\Illuminate\Database\Connectors\Connector.php:44

  ΓöÇΓöÇΓöÇΓöÇΓöÇΓöÇΓöÇΓöÇΓöÇΓöÇΓöÇΓöÇΓöÇΓöÇΓöÇΓöÇΓöÇΓöÇ  
   FΓÇª  PDOException   
  SQLSTATE[08006] [7] connection to server at "127.0.0.1", port 5432 failed: FATAL:  database "lis_db" does not exist

  at vendor\laravel\framework\src\Illuminate\Database\Connectors\Connector.php:67
     63Γûò     protected function createPdoConnection($dsn, $username, #[\SensitiveParameter] $password, $options)
     64Γûò     {
     65Γûò         return version_compare(phpversion(), '8.4.0', '<')
     66Γûò             ? new PDO($dsn, $username, $password, $options)
  Γ₧£  67Γûò             : PDO::connect($dsn, $username, $password, $options); /** @phpstan-ignore staticMethod.notFound (PHP 8.4) */
     68Γûò     }
     69Γûò 
     70Γûò     /**
     71Γûò      * Handle an exception that occurred during connect execution.

  1   vendor\laravel\framework\src\Illuminate\Database\Connectors\Connector.php:67
  2   vendor\laravel\framework\src\Illuminate\Database\Connectors\Connector.php:44

  ΓöÇΓöÇΓöÇΓöÇΓöÇΓöÇΓöÇΓöÇΓöÇΓöÇΓöÇΓöÇΓöÇΓöÇΓöÇΓöÇΓöÇΓöÇ  
   FΓÇª  PDOException   
  SQLSTATE[08006] [7] connection to server at "127.0.0.1", port 5432 failed: FATAL:  database "lis_db" does not exist

  at vendor\laravel\framework\src\Illuminate\Database\Connectors\Connector.php:67
     63Γûò     protected function createPdoConnection($dsn, $username, #[\SensitiveParameter] $password, $options)
     64Γûò     {
     65Γûò         return version_compare(phpversion(), '8.4.0', '<')
     66Γûò             ? new PDO($dsn, $username, $password, $options)
  Γ₧£  67Γûò             : PDO::connect($dsn, $username, $password, $options); /** @phpstan-ignore staticMethod.notFound (PHP 8.4) */
     68Γûò     }
     69Γûò 
     70Γûò     /**
     71Γûò      * Handle an exception that occurred during connect execution.

  1   vendor\laravel\framework\src\Illuminate\Database\Connectors\Connector.php:67
  2   vendor\laravel\framework\src\Illuminate\Database\Connectors\Connector.php:44

  ΓöÇΓöÇΓöÇΓöÇΓöÇΓöÇΓöÇΓöÇΓöÇΓöÇΓöÇΓöÇΓöÇΓöÇΓöÇΓöÇΓöÇΓöÇ  
   FΓÇª  PDOException   
  SQLSTATE[08006] [7] connection to server at "127.0.0.1", port 5432 failed: FATAL:  database "lis_db" does not exist

  at vendor\laravel\framework\src\Illuminate\Database\Connectors\Connector.php:67
     63Γûò     protected function createPdoConnection($dsn, $username, #[\SensitiveParameter] $password, $options)
     64Γûò     {
     65Γûò         return version_compare(phpversion(), '8.4.0', '<')
     66Γûò             ? new PDO($dsn, $username, $password, $options)
  Γ₧£  67Γûò             : PDO::connect($dsn, $username, $password, $options); /** @phpstan-ignore staticMethod.notFound (PHP 8.4) */
     68Γûò     }
     69Γûò 
     70Γûò     /**
     71Γûò      * Handle an exception that occurred during connect execution.

  1   vendor\laravel\framework\src\Illuminate\Database\Connectors\Connector.php:67
  2   vendor\laravel\framework\src\Illuminate\Database\Connectors\Connector.php:44

  ΓöÇΓöÇΓöÇΓöÇΓöÇΓöÇΓöÇΓöÇΓöÇΓöÇΓöÇΓöÇΓöÇΓöÇΓöÇΓöÇΓöÇΓöÇ  
   FΓÇª  PDOException   
  SQLSTATE[08006] [7] connection to server at "127.0.0.1", port 5432 failed: FATAL:  database "lis_db" does not exist

  at vendor\laravel\framework\src\Illuminate\Database\Connectors\Connector.php:67
     63Γûò     protected function createPdoConnection($dsn, $username, #[\SensitiveParameter] $password, $options)
     64Γûò     {
     65Γûò         return version_compare(phpversion(), '8.4.0', '<')
     66Γûò             ? new PDO($dsn, $username, $password, $options)
  Γ₧£  67Γûò             : PDO::connect($dsn, $username, $password, $options); /** @phpstan-ignore staticMethod.notFound (PHP 8.4) */
     68Γûò     }
     69Γûò 
     70Γûò     /**
     71Γûò      * Handle an exception that occurred during connect execution.

  1   vendor\laravel\framework\src\Illuminate\Database\Connectors\Connector.php:67
  2   vendor\laravel\framework\src\Illuminate\Database\Connectors\Connector.php:44

  ΓöÇΓöÇΓöÇΓöÇΓöÇΓöÇΓöÇΓöÇΓöÇΓöÇΓöÇΓöÇΓöÇΓöÇΓöÇΓöÇΓöÇΓöÇ  
   FΓÇª  PDOException   
  SQLSTATE[08006] [7] connection to server at "127.0.0.1", port 5432 failed: FATAL:  database "lis_db" does not exist

  at vendor\laravel\framework\src\Illuminate\Database\Connectors\Connector.php:67
     63Γûò     protected function createPdoConnection($dsn, $username, #[\SensitiveParameter] $password, $options)
     64Γûò     {
     65Γûò         return version_compare(phpversion(), '8.4.0', '<')
     66Γûò             ? new PDO($dsn, $username, $password, $options)
  Γ₧£  67Γûò             : PDO::connect($dsn, $username, $password, $options); /** @phpstan-ignore staticMethod.notFound (PHP 8.4) */
     68Γûò     }
     69Γûò 
     70Γûò     /**
     71Γûò      * Handle an exception that occurred during connect execution.

  1   vendor\laravel\framework\src\Illuminate\Database\Connectors\Connector.php:67
  2   vendor\laravel\framework\src\Illuminate\Database\Connectors\Connector.php:44

  ΓöÇΓöÇΓöÇΓöÇΓöÇΓöÇΓöÇΓöÇΓöÇΓöÇΓöÇΓöÇΓöÇΓöÇΓöÇΓöÇΓöÇΓöÇ  
   FΓÇª  PDOException   
  SQLSTATE[08006] [7] connection to server at "127.0.0.1", port 5432 failed: FATAL:  database "lis_db" does not exist

  at vendor\laravel\framework\src\Illuminate\Database\Connectors\Connector.php:67
     63Γûò     protected function createPdoConnection($dsn, $username, #[\SensitiveParameter] $password, $options)
     64Γûò     {
     65Γûò         return version_compare(phpversion(), '8.4.0', '<')
     66Γûò             ? new PDO($dsn, $username, $password, $options)
  Γ₧£  67Γûò             : PDO::connect($dsn, $username, $password, $options); /** @phpstan-ignore staticMethod.notFound (PHP 8.4) */
     68Γûò     }
     69Γûò 
     70Γûò     /**
     71Γûò      * Handle an exception that occurred during connect execution.

  1   vendor\laravel\framework\src\Illuminate\Database\Connectors\Connector.php:67
  2   vendor\laravel\framework\src\Illuminate\Database\Connectors\Connector.php:44

  ΓöÇΓöÇΓöÇΓöÇΓöÇΓöÇΓöÇΓöÇΓöÇΓöÇΓöÇΓöÇΓöÇΓöÇΓöÇΓöÇΓöÇΓöÇ  
   FΓÇª  PDOException   
  SQLSTATE[08006] [7] connection to server at "127.0.0.1", port 5432 failed: FATAL:  database "lis_db" does not exist

  at vendor\laravel\framework\src\Illuminate\Database\Connectors\Connector.php:67
     63Γûò     protected function createPdoConnection($dsn, $username, #[\SensitiveParameter] $password, $options)
     64Γûò     {
     65Γûò         return version_compare(phpversion(), '8.4.0', '<')
     66Γûò             ? new PDO($dsn, $username, $password, $options)
  Γ₧£  67Γûò             : PDO::connect($dsn, $username, $password, $options); /** @phpstan-ignore staticMethod.notFound (PHP 8.4) */
     68Γûò     }
     69Γûò 
     70Γûò     /**
     71Γûò      * Handle an exception that occurred during connect execution.

  1   vendor\laravel\framework\src\Illuminate\Database\Connectors\Connector.php:67
  2   vendor\laravel\framework\src\Illuminate\Database\Connectors\Connector.php:44

  ΓöÇΓöÇΓöÇΓöÇΓöÇΓöÇΓöÇΓöÇΓöÇΓöÇΓöÇΓöÇΓöÇΓöÇΓöÇΓöÇΓöÇΓöÇ  
   FΓÇª  PDOException   
  SQLSTATE[08006] [7] connection to server at "127.0.0.1", port 5432 failed: FATAL:  database "lis_db" does not exist

  at vendor\laravel\framework\src\Illuminate\Database\Connectors\Connector.php:67
     63Γûò     protected function createPdoConnection($dsn, $username, #[\SensitiveParameter] $password, $options)
     64Γûò     {
     65Γûò         return version_compare(phpversion(), '8.4.0', '<')
     66Γûò             ? new PDO($dsn, $username, $password, $options)
  Γ₧£  67Γûò             : PDO::connect($dsn, $username, $password, $options); /** @phpstan-ignore staticMethod.notFound (PHP 8.4) */
     68Γûò     }
     69Γûò 
     70Γûò     /**
     71Γûò      * Handle an exception that occurred during connect execution.

  1   vendor\laravel\framework\src\Illuminate\Database\Connectors\Connector.php:67
  2   vendor\laravel\framework\src\Illuminate\Database\Connectors\Connector.php:44

  ΓöÇΓöÇΓöÇΓöÇΓöÇΓöÇΓöÇΓöÇΓöÇΓöÇΓöÇΓöÇΓöÇΓöÇΓöÇΓöÇΓöÇΓöÇ  
   FΓÇª  PDOException   
  SQLSTATE[08006] [7] connection to server at "127.0.0.1", port 5432 failed: FATAL:  database "lis_db" does not exist

  at vendor\laravel\framework\src\Illuminate\Database\Connectors\Connector.php:67
     63Γûò     protected function createPdoConnection($dsn, $username, #[\SensitiveParameter] $password, $options)
     64Γûò     {
     65Γûò         return version_compare(phpversion(), '8.4.0', '<')
     66Γûò             ? new PDO($dsn, $username, $password, $options)
  Γ₧£  67Γûò             : PDO::connect($dsn, $username, $password, $options); /** @phpstan-ignore staticMethod.notFound (PHP 8.4) */
     68Γûò     }
     69Γûò 
     70Γûò     /**
     71Γûò      * Handle an exception that occurred during connect execution.

  1   vendor\laravel\framework\src\Illuminate\Database\Connectors\Connector.php:67
  2   vendor\laravel\framework\src\Illuminate\Database\Connectors\Connector.php:44

  ΓöÇΓöÇΓöÇΓöÇΓöÇΓöÇΓöÇΓöÇΓöÇΓöÇΓöÇΓöÇΓöÇΓöÇΓöÇΓöÇΓöÇΓöÇ  
   FΓÇª  PDOException   
  SQLSTATE[08006] [7] connection to server at "127.0.0.1", port 5432 failed: FATAL:  database "lis_db" does not exist

  at vendor\laravel\framework\src\Illuminate\Database\Connectors\Connector.php:67
     63Γûò     protected function createPdoConnection($dsn, $username, #[\SensitiveParameter] $password, $options)
     64Γûò     {
     65Γûò         return version_compare(phpversion(), '8.4.0', '<')
     66Γûò             ? new PDO($dsn, $username, $password, $options)
  Γ₧£  67Γûò             : PDO::connect($dsn, $username, $password, $options); /** @phpstan-ignore staticMethod.notFound (PHP 8.4) */
     68Γûò     }
     69Γûò 
     70Γûò     /**
     71Γûò      * Handle an exception that occurred during connect execution.

  1   vendor\laravel\framework\src\Illuminate\Database\Connectors\Connector.php:67
  2   vendor\laravel\framework\src\Illuminate\Database\Connectors\Connector.php:44

  ΓöÇΓöÇΓöÇΓöÇΓöÇΓöÇΓöÇΓöÇΓöÇΓöÇΓöÇΓöÇΓöÇΓöÇΓöÇΓöÇΓöÇΓöÇ  
   FΓÇª  PDOException   
  SQLSTATE[08006] [7] connection to server at "127.0.0.1", port 5432 failed: FATAL:  database "lis_db" does not exist

  at vendor\laravel\framework\src\Illuminate\Database\Connectors\Connector.php:67
     63Γûò     protected function createPdoConnection($dsn, $username, #[\SensitiveParameter] $password, $options)
     64Γûò     {
     65Γûò         return version_compare(phpversion(), '8.4.0', '<')
     66Γûò             ? new PDO($dsn, $username, $password, $options)
  Γ₧£  67Γûò             : PDO::connect($dsn, $username, $password, $options); /** @phpstan-ignore staticMethod.notFound (PHP 8.4) */
     68Γûò     }
     69Γûò 
     70Γûò     /**
     71Γûò      * Handle an exception that occurred during connect execution.

  1   vendor\laravel\framework\src\Illuminate\Database\Connectors\Connector.php:67
  2   vendor\laravel\framework\src\Illuminate\Database\Connectors\Connector.php:44

  ΓöÇΓöÇΓöÇΓöÇΓöÇΓöÇΓöÇΓöÇΓöÇΓöÇΓöÇΓöÇΓöÇΓöÇΓöÇΓöÇΓöÇΓöÇ  
   FΓÇª  PDOException   
  SQLSTATE[08006] [7] connection to server at "127.0.0.1", port 5432 failed: FATAL:  database "lis_db" does not exist

  at vendor\laravel\framework\src\Illuminate\Database\Connectors\Connector.php:67
     63Γûò     protected function createPdoConnection($dsn, $username, #[\SensitiveParameter] $password, $options)
     64Γûò     {
     65Γûò         return version_compare(phpversion(), '8.4.0', '<')
     66Γûò             ? new PDO($dsn, $username, $password, $options)
  Γ₧£  67Γûò             : PDO::connect($dsn, $username, $password, $options); /** @phpstan-ignore staticMethod.notFound (PHP 8.4) */
     68Γûò     }
     69Γûò 
     70Γûò     /**
     71Γûò      * Handle an exception that occurred during connect execution.

  1   vendor\laravel\framework\src\Illuminate\Database\Connectors\Connector.php:67
  2   vendor\laravel\framework\src\Illuminate\Database\Connectors\Connector.php:44

  ΓöÇΓöÇΓöÇΓöÇΓöÇΓöÇΓöÇΓöÇΓöÇΓöÇΓöÇΓöÇΓöÇΓöÇΓöÇΓöÇΓöÇΓöÇ  
   FΓÇª  PDOException   
  SQLSTATE[08006] [7] connection to server at "127.0.0.1", port 5432 failed: FATAL:  database "lis_db" does not exist

  at vendor\laravel\framework\src\Illuminate\Database\Connectors\Connector.php:67
     63Γûò     protected function createPdoConnection($dsn, $username, #[\SensitiveParameter] $password, $options)
     64Γûò     {
     65Γûò         return version_compare(phpversion(), '8.4.0', '<')
     66Γûò             ? new PDO($dsn, $username, $password, $options)
  Γ₧£  67Γûò             : PDO::connect($dsn, $username, $password, $options); /** @phpstan-ignore staticMethod.notFound (PHP 8.4) */
     68Γûò     }
     69Γûò 
     70Γûò     /**
     71Γûò      * Handle an exception that occurred during connect execution.

  1   vendor\laravel\framework\src\Illuminate\Database\Connectors\Connector.php:67
  2   vendor\laravel\framework\src\Illuminate\Database\Connectors\Connector.php:44

  ΓöÇΓöÇΓöÇΓöÇΓöÇΓöÇΓöÇΓöÇΓöÇΓöÇΓöÇΓöÇΓöÇΓöÇΓöÇΓöÇΓöÇΓöÇ  
   FΓÇª  PDOException   
  SQLSTATE[08006] [7] connection to server at "127.0.0.1", port 5432 failed: FATAL:  database "lis_db" does not exist

  at vendor\laravel\framework\src\Illuminate\Database\Connectors\Connector.php:67
     63Γûò     protected function createPdoConnection($dsn, $username, #[\SensitiveParameter] $password, $options)
     64Γûò     {
     65Γûò         return version_compare(phpversion(), '8.4.0', '<')
     66Γûò             ? new PDO($dsn, $username, $password, $options)
  Γ₧£  67Γûò             : PDO::connect($dsn, $username, $password, $options); /** @phpstan-ignore staticMethod.notFound (PHP 8.4) */
     68Γûò     }
     69Γûò 
     70Γûò     /**
     71Γûò      * Handle an exception that occurred during connect execution.

  1   vendor\laravel\framework\src\Illuminate\Database\Connectors\Connector.php:67
  2   vendor\laravel\framework\src\Illuminate\Database\Connectors\Connector.php:44

  ΓöÇΓöÇΓöÇΓöÇΓöÇΓöÇΓöÇΓöÇΓöÇΓöÇΓöÇΓöÇΓöÇΓöÇΓöÇΓöÇΓöÇΓöÇ  
   FΓÇª  PDOException   
  SQLSTATE[08006] [7] connection to server at "127.0.0.1", port 5432 failed: FATAL:  database "lis_db" does not exist

  at vendor\laravel\framework\src\Illuminate\Database\Connectors\Connector.php:67
     63Γûò     protected function createPdoConnection($dsn, $username, #[\SensitiveParameter] $password, $options)
     64Γûò     {
     65Γûò         return version_compare(phpversion(), '8.4.0', '<')
     66Γûò             ? new PDO($dsn, $username, $password, $options)
  Γ₧£  67Γûò             : PDO::connect($dsn, $username, $password, $options); /** @phpstan-ignore staticMethod.notFound (PHP 8.4) */
     68Γûò     }
     69Γûò 
     70Γûò     /**
     71Γûò      * Handle an exception that occurred during connect execution.

  1   vendor\laravel\framework\src\Illuminate\Database\Connectors\Connector.php:67
  2   vendor\laravel\framework\src\Illuminate\Database\Connectors\Connector.php:44

  ΓöÇΓöÇΓöÇΓöÇΓöÇΓöÇΓöÇΓöÇΓöÇΓöÇΓöÇΓöÇΓöÇΓöÇΓöÇΓöÇΓöÇΓöÇ  
   FΓÇª  PDOException   
  SQLSTATE[08006] [7] connection to server at "127.0.0.1", port 5432 failed: FATAL:  database "lis_db" does not exist

  at vendor\laravel\framework\src\Illuminate\Database\Connectors\Connector.php:67
     63Γûò     protected function createPdoConnection($dsn, $username, #[\SensitiveParameter] $password, $options)
     64Γûò     {
     65Γûò         return version_compare(phpversion(), '8.4.0', '<')
     66Γûò             ? new PDO($dsn, $username, $password, $options)
  Γ₧£  67Γûò             : PDO::connect($dsn, $username, $password, $options); /** @phpstan-ignore staticMethod.notFound (PHP 8.4) */
     68Γûò     }
     69Γûò 
     70Γûò     /**
     71Γûò      * Handle an exception that occurred during connect execution.

  1   vendor\laravel\framework\src\Illuminate\Database\Connectors\Connector.php:67
  2   vendor\laravel\framework\src\Illuminate\Database\Connectors\Connector.php:44

  ΓöÇΓöÇΓöÇΓöÇΓöÇΓöÇΓöÇΓöÇΓöÇΓöÇΓöÇΓöÇΓöÇΓöÇΓöÇΓöÇΓöÇΓöÇ  
   FΓÇª  PDOException   
  SQLSTATE[08006] [7] connection to server at "127.0.0.1", port 5432 failed: FATAL:  database "lis_db" does not exist

  at vendor\laravel\framework\src\Illuminate\Database\Connectors\Connector.php:67
     63Γûò     protected function createPdoConnection($dsn, $username, #[\SensitiveParameter] $password, $options)
     64Γûò     {
     65Γûò         return version_compare(phpversion(), '8.4.0', '<')
     66Γûò             ? new PDO($dsn, $username, $password, $options)
  Γ₧£  67Γûò             : PDO::connect($dsn, $username, $password, $options); /** @phpstan-ignore staticMethod.notFound (PHP 8.4) */
     68Γûò     }
     69Γûò 
     70Γûò     /**
     71Γûò      * Handle an exception that occurred during connect execution.

  1   vendor\laravel\framework\src\Illuminate\Database\Connectors\Connector.php:67
  2   vendor\laravel\framework\src\Illuminate\Database\Connectors\Connector.php:44

  ΓöÇΓöÇΓöÇΓöÇΓöÇΓöÇΓöÇΓöÇΓöÇΓöÇΓöÇΓöÇΓöÇΓöÇΓöÇΓöÇΓöÇΓöÇ  
   FΓÇª  PDOException   
  SQLSTATE[08006] [7] connection to server at "127.0.0.1", port 5432 failed: FATAL:  database "lis_db" does not exist

  at vendor\laravel\framework\src\Illuminate\Database\Connectors\Connector.php:67
     63Γûò     protected function createPdoConnection($dsn, $username, #[\SensitiveParameter] $password, $options)
     64Γûò     {
     65Γûò         return version_compare(phpversion(), '8.4.0', '<')
     66Γûò             ? new PDO($dsn, $username, $password, $options)
  Γ₧£  67Γûò             : PDO::connect($dsn, $username, $password, $options); /** @phpstan-ignore staticMethod.notFound (PHP 8.4) */
     68Γûò     }
     69Γûò 
     70Γûò     /**
     71Γûò      * Handle an exception that occurred during connect execution.

  1   vendor\laravel\framework\src\Illuminate\Database\Connectors\Connector.php:67
  2   vendor\laravel\framework\src\Illuminate\Database\Connectors\Connector.php:44

  ΓöÇΓöÇΓöÇΓöÇΓöÇΓöÇΓöÇΓöÇΓöÇΓöÇΓöÇΓöÇΓöÇΓöÇΓöÇΓöÇΓöÇΓöÇ  
   FΓÇª  PDOException   
  SQLSTATE[08006] [7] connection to server at "127.0.0.1", port 5432 failed: FATAL:  database "lis_db" does not exist

  at vendor\laravel\framework\src\Illuminate\Database\Connectors\Connector.php:67
     63Γûò     protected function createPdoConnection($dsn, $username, #[\SensitiveParameter] $password, $options)
     64Γûò     {
     65Γûò         return version_compare(phpversion(), '8.4.0', '<')
     66Γûò             ? new PDO($dsn, $username, $password, $options)
  Γ₧£  67Γûò             : PDO::connect($dsn, $username, $password, $options); /** @phpstan-ignore staticMethod.notFound (PHP 8.4) */
     68Γûò     }
     69Γûò 
     70Γûò     /**
     71Γûò      * Handle an exception that occurred during connect execution.

  1   vendor\laravel\framework\src\Illuminate\Database\Connectors\Connector.php:67
  2   vendor\laravel\framework\src\Illuminate\Database\Connectors\Connector.php:44

  ΓöÇΓöÇΓöÇΓöÇΓöÇΓöÇΓöÇΓöÇΓöÇΓöÇΓöÇΓöÇΓöÇΓöÇΓöÇΓöÇΓöÇΓöÇ  
   FΓÇª  PDOException   
  SQLSTATE[08006] [7] connection to server at "127.0.0.1", port 5432 failed: FATAL:  database "lis_db" does not exist

  at vendor\laravel\framework\src\Illuminate\Database\Connectors\Connector.php:67
     63Γûò     protected function createPdoConnection($dsn, $username, #[\SensitiveParameter] $password, $options)
     64Γûò     {
     65Γûò         return version_compare(phpversion(), '8.4.0', '<')
     66Γûò             ? new PDO($dsn, $username, $password, $options)
  Γ₧£  67Γûò             : PDO::connect($dsn, $username, $password, $options); /** @phpstan-ignore staticMethod.notFound (PHP 8.4) */
     68Γûò     }
     69Γûò 
     70Γûò     /**
     71Γûò      * Handle an exception that occurred during connect execution.

  1   vendor\laravel\framework\src\Illuminate\Database\Connectors\Connector.php:67
  2   vendor\laravel\framework\src\Illuminate\Database\Connectors\Connector.php:44

  ΓöÇΓöÇΓöÇΓöÇΓöÇΓöÇΓöÇΓöÇΓöÇΓöÇΓöÇΓöÇΓöÇΓöÇΓöÇΓöÇΓöÇΓöÇ  
   FΓÇª  PDOException   
  SQLSTATE[08006] [7] connection to server at "127.0.0.1", port 5432 failed: FATAL:  database "lis_db" does not exist

  at vendor\laravel\framework\src\Illuminate\Database\Connectors\Connector.php:67
     63Γûò     protected function createPdoConnection($dsn, $username, #[\SensitiveParameter] $password, $options)
     64Γûò     {
     65Γûò         return version_compare(phpversion(), '8.4.0', '<')
     66Γûò             ? new PDO($dsn, $username, $password, $options)
  Γ₧£  67Γûò             : PDO::connect($dsn, $username, $password, $options); /** @phpstan-ignore staticMethod.notFound (PHP 8.4) */
     68Γûò     }
     69Γûò 
     70Γûò     /**
     71Γûò      * Handle an exception that occurred during connect execution.

  1   vendor\laravel\framework\src\Illuminate\Database\Connectors\Connector.php:67
  2   vendor\laravel\framework\src\Illuminate\Database\Connectors\Connector.php:44

  ΓöÇΓöÇΓöÇΓöÇΓöÇΓöÇΓöÇΓöÇΓöÇΓöÇΓöÇΓöÇΓöÇΓöÇΓöÇΓöÇΓöÇΓöÇ  
   FΓÇª  PDOException   
  SQLSTATE[08006] [7] connection to server at "127.0.0.1", port 5432 failed: FATAL:  database "lis_db" does not exist

  at vendor\laravel\framework\src\Illuminate\Database\Connectors\Connector.php:67
     63Γûò     protected function createPdoConnection($dsn, $username, #[\SensitiveParameter] $password, $options)
     64Γûò     {
     65Γûò         return version_compare(phpversion(), '8.4.0', '<')
     66Γûò             ? new PDO($dsn, $username, $password, $options)
  Γ₧£  67Γûò             : PDO::connect($dsn, $username, $password, $options); /** @phpstan-ignore staticMethod.notFound (PHP 8.4) */
     68Γûò     }
     69Γûò 
     70Γûò     /**
     71Γûò      * Handle an exception that occurred during connect execution.

  1   vendor\laravel\framework\src\Illuminate\Database\Connectors\Connector.php:67
  2   vendor\laravel\framework\src\Illuminate\Database\Connectors\Connector.php:44

  ΓöÇΓöÇΓöÇΓöÇΓöÇΓöÇΓöÇΓöÇΓöÇΓöÇΓöÇΓöÇΓöÇΓöÇΓöÇΓöÇΓöÇΓöÇ  
   FΓÇª  PDOException   
  SQLSTATE[08006] [7] connection to server at "127.0.0.1", port 5432 failed: FATAL:  database "lis_db" does not exist

  at vendor\laravel\framework\src\Illuminate\Database\Connectors\Connector.php:67
     63Γûò     protected function createPdoConnection($dsn, $username, #[\SensitiveParameter] $password, $options)
     64Γûò     {
     65Γûò         return version_compare(phpversion(), '8.4.0', '<')
     66Γûò             ? new PDO($dsn, $username, $password, $options)
  Γ₧£  67Γûò             : PDO::connect($dsn, $username, $password, $options); /** @phpstan-ignore staticMethod.notFound (PHP 8.4) */
     68Γûò     }
     69Γûò 
     70Γûò     /**
     71Γûò      * Handle an exception that occurred during connect execution.

  1   vendor\laravel\framework\src\Illuminate\Database\Connectors\Connector.php:67
  2   vendor\laravel\framework\src\Illuminate\Database\Connectors\Connector.php:44

  ΓöÇΓöÇΓöÇΓöÇΓöÇΓöÇΓöÇΓöÇΓöÇΓöÇΓöÇΓöÇΓöÇΓöÇΓöÇΓöÇΓöÇΓöÇ  
   FΓÇª  PDOException   
  SQLSTATE[08006] [7] connection to server at "127.0.0.1", port 5432 failed: FATAL:  database "lis_db" does not exist

  at vendor\laravel\framework\src\Illuminate\Database\Connectors\Connector.php:67
     63Γûò     protected function createPdoConnection($dsn, $username, #[\SensitiveParameter] $password, $options)
     64Γûò     {
     65Γûò         return version_compare(phpversion(), '8.4.0', '<')
     66Γûò             ? new PDO($dsn, $username, $password, $options)
  Γ₧£  67Γûò             : PDO::connect($dsn, $username, $password, $options); /** @phpstan-ignore staticMethod.notFound (PHP 8.4) */
     68Γûò     }
     69Γûò 
     70Γûò     /**
     71Γûò      * Handle an exception that occurred during connect execution.

  1   vendor\laravel\framework\src\Illuminate\Database\Connectors\Connector.php:67
  2   vendor\laravel\framework\src\Illuminate\Database\Connectors\Connector.php:44

  ΓöÇΓöÇΓöÇΓöÇΓöÇΓöÇΓöÇΓöÇΓöÇΓöÇΓöÇΓöÇΓöÇΓöÇΓöÇΓöÇΓöÇΓöÇ  
   FΓÇª  PDOException   
  SQLSTATE[08006] [7] connection to server at "127.0.0.1", port 5432 failed: FATAL:  database "lis_db" does not exist

  at vendor\laravel\framework\src\Illuminate\Database\Connectors\Connector.php:67
     63Γûò     protected function createPdoConnection($dsn, $username, #[\SensitiveParameter] $password, $options)
     64Γûò     {
     65Γûò         return version_compare(phpversion(), '8.4.0', '<')
     66Γûò             ? new PDO($dsn, $username, $password, $options)
  Γ₧£  67Γûò             : PDO::connect($dsn, $username, $password, $options); /** @phpstan-ignore staticMethod.notFound (PHP 8.4) */
     68Γûò     }
     69Γûò 
     70Γûò     /**
     71Γûò      * Handle an exception that occurred during connect execution.

  1   vendor\laravel\framework\src\Illuminate\Database\Connectors\Connector.php:67
  2   vendor\laravel\framework\src\Illuminate\Database\Connectors\Connector.php:44

  ΓöÇΓöÇΓöÇΓöÇΓöÇΓöÇΓöÇΓöÇΓöÇΓöÇΓöÇΓöÇΓöÇΓöÇΓöÇΓöÇΓöÇΓöÇ  
   FΓÇª  PDOException   
  SQLSTATE[08006] [7] connection to server at "127.0.0.1", port 5432 failed: FATAL:  database "lis_db" does not exist

  at vendor\laravel\framework\src\Illuminate\Database\Connectors\Connector.php:67
     63Γûò     protected function createPdoConnection($dsn, $username, #[\SensitiveParameter] $password, $options)
     64Γûò     {
     65Γûò         return version_compare(phpversion(), '8.4.0', '<')
     66Γûò             ? new PDO($dsn, $username, $password, $options)
  Γ₧£  67Γûò             : PDO::connect($dsn, $username, $password, $options); /** @phpstan-ignore staticMethod.notFound (PHP 8.4) */
     68Γûò     }
     69Γûò 
     70Γûò     /**
     71Γûò      * Handle an exception that occurred during connect execution.

  1   vendor\laravel\framework\src\Illuminate\Database\Connectors\Connector.php:67
  2   vendor\laravel\framework\src\Illuminate\Database\Connectors\Connector.php:44

  ΓöÇΓöÇΓöÇΓöÇΓöÇΓöÇΓöÇΓöÇΓöÇΓöÇΓöÇΓöÇΓöÇΓöÇΓöÇΓöÇΓöÇΓöÇ  
   FΓÇª  PDOException   
  SQLSTATE[08006] [7] connection to server at "127.0.0.1", port 5432 failed: FATAL:  database "lis_db" does not exist

  at vendor\laravel\framework\src\Illuminate\Database\Connectors\Connector.php:67
     63Γûò     protected function createPdoConnection($dsn, $username, #[\SensitiveParameter] $password, $options)
     64Γûò     {
     65Γûò         return version_compare(phpversion(), '8.4.0', '<')
     66Γûò             ? new PDO($dsn, $username, $password, $options)
  Γ₧£  67Γûò             : PDO::connect($dsn, $username, $password, $options); /** @phpstan-ignore staticMethod.notFound (PHP 8.4) */
     68Γûò     }
     69Γûò 
     70Γûò     /**
     71Γûò      * Handle an exception that occurred during connect execution.

  1   vendor\laravel\framework\src\Illuminate\Database\Connectors\Connector.php:67
  2   vendor\laravel\framework\src\Illuminate\Database\Connectors\Connector.php:44

  ΓöÇΓöÇΓöÇΓöÇΓöÇΓöÇΓöÇΓöÇΓöÇΓöÇΓöÇΓöÇΓöÇΓöÇΓöÇΓöÇΓöÇΓöÇ  
   FΓÇª  PDOException   
  SQLSTATE[08006] [7] connection to server at "127.0.0.1", port 5432 failed: FATAL:  database "lis_db" does not exist

  at vendor\laravel\framework\src\Illuminate\Database\Connectors\Connector.php:67
     63Γûò     protected function createPdoConnection($dsn, $username, #[\SensitiveParameter] $password, $options)
     64Γûò     {
     65Γûò         return version_compare(phpversion(), '8.4.0', '<')
     66Γûò             ? new PDO($dsn, $username, $password, $options)
  Γ₧£  67Γûò             : PDO::connect($dsn, $username, $password, $options); /** @phpstan-ignore staticMethod.notFound (PHP 8.4) */
     68Γûò     }
     69Γûò 
     70Γûò     /**
     71Γûò      * Handle an exception that occurred during connect execution.

  1   vendor\laravel\framework\src\Illuminate\Database\Connectors\Connector.php:67
  2   vendor\laravel\framework\src\Illuminate\Database\Connectors\Connector.php:44

  ΓöÇΓöÇΓöÇΓöÇΓöÇΓöÇΓöÇΓöÇΓöÇΓöÇΓöÇΓöÇΓöÇΓöÇΓöÇΓöÇΓöÇΓöÇ  
   FΓÇª  PDOException   
  SQLSTATE[08006] [7] connection to server at "127.0.0.1", port 5432 failed: FATAL:  database "lis_db" does not exist

  at vendor\laravel\framework\src\Illuminate\Database\Connectors\Connector.php:67
     63Γûò     protected function createPdoConnection($dsn, $username, #[\SensitiveParameter] $password, $options)
     64Γûò     {
     65Γûò         return version_compare(phpversion(), '8.4.0', '<')
     66Γûò             ? new PDO($dsn, $username, $password, $options)
  Γ₧£  67Γûò             : PDO::connect($dsn, $username, $password, $options); /** @phpstan-ignore staticMethod.notFound (PHP 8.4) */
     68Γûò     }
     69Γûò 
     70Γûò     /**
     71Γûò      * Handle an exception that occurred during connect execution.

  1   vendor\laravel\framework\src\Illuminate\Database\Connectors\Connector.php:67
  2   vendor\laravel\framework\src\Illuminate\Database\Connectors\Connector.php:44

  ΓöÇΓöÇΓöÇΓöÇΓöÇΓöÇΓöÇΓöÇΓöÇΓöÇΓöÇΓöÇΓöÇΓöÇΓöÇΓöÇΓöÇΓöÇ  
   FΓÇª  PDOException   
  SQLSTATE[08006] [7] connection to server at "127.0.0.1", port 5432 failed: FATAL:  database "lis_db" does not exist

  at vendor\laravel\framework\src\Illuminate\Database\Connectors\Connector.php:67
     63Γûò     protected function createPdoConnection($dsn, $username, #[\SensitiveParameter] $password, $options)
     64Γûò     {
     65Γûò         return version_compare(phpversion(), '8.4.0', '<')
     66Γûò             ? new PDO($dsn, $username, $password, $options)
  Γ₧£  67Γûò             : PDO::connect($dsn, $username, $password, $options); /** @phpstan-ignore staticMethod.notFound (PHP 8.4) */
     68Γûò     }
     69Γûò 
     70Γûò     /**
     71Γûò      * Handle an exception that occurred during connect execution.

  1   vendor\laravel\framework\src\Illuminate\Database\Connectors\Connector.php:67
  2   vendor\laravel\framework\src\Illuminate\Database\Connectors\Connector.php:44

  ΓöÇΓöÇΓöÇΓöÇΓöÇΓöÇΓöÇΓöÇΓöÇΓöÇΓöÇΓöÇΓöÇΓöÇΓöÇΓöÇΓöÇΓöÇ  
   FΓÇª  PDOException   
  SQLSTATE[08006] [7] connection to server at "127.0.0.1", port 5432 failed: FATAL:  database "lis_db" does not exist

  at vendor\laravel\framework\src\Illuminate\Database\Connectors\Connector.php:67
     63Γûò     protected function createPdoConnection($dsn, $username, #[\SensitiveParameter] $password, $options)
     64Γûò     {
     65Γûò         return version_compare(phpversion(), '8.4.0', '<')
     66Γûò             ? new PDO($dsn, $username, $password, $options)
  Γ₧£  67Γûò             : PDO::connect($dsn, $username, $password, $options); /** @phpstan-ignore staticMethod.notFound (PHP 8.4) */
     68Γûò     }
     69Γûò 
     70Γûò     /**
     71Γûò      * Handle an exception that occurred during connect execution.

  1   vendor\laravel\framework\src\Illuminate\Database\Connectors\Connector.php:67
  2   vendor\laravel\framework\src\Illuminate\Database\Connectors\Connector.php:44

  ΓöÇΓöÇΓöÇΓöÇΓöÇΓöÇΓöÇΓöÇΓöÇΓöÇΓöÇΓöÇΓöÇΓöÇΓöÇΓöÇΓöÇΓöÇ  
   FΓÇª  PDOException   
  SQLSTATE[08006] [7] connection to server at "127.0.0.1", port 5432 failed: FATAL:  database "lis_db" does not exist

  at vendor\laravel\framework\src\Illuminate\Database\Connectors\Connector.php:67
     63Γûò     protected function createPdoConnection($dsn, $username, #[\SensitiveParameter] $password, $options)
     64Γûò     {
     65Γûò         return version_compare(phpversion(), '8.4.0', '<')
     66Γûò             ? new PDO($dsn, $username, $password, $options)
  Γ₧£  67Γûò             : PDO::connect($dsn, $username, $password, $options); /** @phpstan-ignore staticMethod.notFound (PHP 8.4) */
     68Γûò     }
     69Γûò 
     70Γûò     /**
     71Γûò      * Handle an exception that occurred during connect execution.

  1   vendor\laravel\framework\src\Illuminate\Database\Connectors\Connector.php:67
  2   vendor\laravel\framework\src\Illuminate\Database\Connectors\Connector.php:44

  ΓöÇΓöÇΓöÇΓöÇΓöÇΓöÇΓöÇΓöÇΓöÇΓöÇΓöÇΓöÇΓöÇΓöÇΓöÇΓöÇΓöÇΓöÇ  
   FΓÇª  PDOException   
  SQLSTATE[08006] [7] connection to server at "127.0.0.1", port 5432 failed: FATAL:  database "lis_db" does not exist

  at vendor\laravel\framework\src\Illuminate\Database\Connectors\Connector.php:67
     63Γûò     protected function createPdoConnection($dsn, $username, #[\SensitiveParameter] $password, $options)
     64Γûò     {
     65Γûò         return version_compare(phpversion(), '8.4.0', '<')
     66Γûò             ? new PDO($dsn, $username, $password, $options)
  Γ₧£  67Γûò             : PDO::connect($dsn, $username, $password, $options); /** @phpstan-ignore staticMethod.notFound (PHP 8.4) */
     68Γûò     }
     69Γûò 
     70Γûò     /**
     71Γûò      * Handle an exception that occurred during connect execution.

  1   vendor\laravel\framework\src\Illuminate\Database\Connectors\Connector.php:67
  2   vendor\laravel\framework\src\Illuminate\Database\Connectors\Connector.php:44

  ΓöÇΓöÇΓöÇΓöÇΓöÇΓöÇΓöÇΓöÇΓöÇΓöÇΓöÇΓöÇΓöÇΓöÇΓöÇΓöÇΓöÇΓöÇ  
   FΓÇª  PDOException   
  SQLSTATE[08006] [7] connection to server at "127.0.0.1", port 5432 failed: FATAL:  database "lis_db" does not exist

  at vendor\laravel\framework\src\Illuminate\Database\Connectors\Connector.php:67
     63Γûò     protected function createPdoConnection($dsn, $username, #[\SensitiveParameter] $password, $options)
     64Γûò     {
     65Γûò         return version_compare(phpversion(), '8.4.0', '<')
     66Γûò             ? new PDO($dsn, $username, $password, $options)
  Γ₧£  67Γûò             : PDO::connect($dsn, $username, $password, $options); /** @phpstan-ignore staticMethod.notFound (PHP 8.4) */
     68Γûò     }
     69Γûò 
     70Γûò     /**
     71Γûò      * Handle an exception that occurred during connect execution.

  1   vendor\laravel\framework\src\Illuminate\Database\Connectors\Connector.php:67
  2   vendor\laravel\framework\src\Illuminate\Database\Connectors\Connector.php:44

  ΓöÇΓöÇΓöÇΓöÇΓöÇΓöÇΓöÇΓöÇΓöÇΓöÇΓöÇΓöÇΓöÇΓöÇΓöÇΓöÇΓöÇΓöÇ  
   FAILED  Tests\FΓÇª   
  Expected response status code [200] but received 500.
Failed asserting that 500 is identical to 200.

The following exception occurred during the last request:

PDOException: SQLSTATE[08006] [7] connection to server at "127.0.0.1", port 5432 failed: FATAL:  database "lis_db" does not exist in C:\Users\Farma\pusdokkes-subunit\vendor\laravel\framework\src\Illuminate\Database\Connectors\Connector.php:67
Stack trace:
#0 C:\Users\Farma\pusdokkes-subunit\vendor\laravel\framework\src\Illuminate\Database\Connectors\Connector.php(67): PDO::connect('pgsql:host=127....', 'postgres', Object(SensitiveParameterValue), Array)
#1 C:\Users\Farma\pusdokkes-subunit\vendor\laravel\framework\src\Illuminate\Database\Connectors\Connector.php(44): Illuminate\Database\Connectors\Connector->createPdoConnection('pgsql:host=127....', 'postgres', Object(SensitiveParameterValue), Array)
#2 C:\Users\Farma\pusdokkes-subunit\vendor\laravel\framework\src\Illuminate\Database\Connectors\PostgresConnector.php(35): Illuminate\Database\Connectors\Connector->createConnection('pgsql:host=127....', Array, Array)
#3 C:\Users\Farma\pusdokkes-subunit\vendor\laravel\framework\src\Illuminate\Database\Connectors\ConnectionFactory.php(184): Illuminate\Database\Connectors\PostgresConnector->connect(Array)
#4 [internal function]: Illuminate\Database\Connectors\ConnectionFactory->{closure:Illuminate\Database\Connectors\ConnectionFactory::createPdoResolverWithHosts():179}()
#5 C:\Users\Farma\pusdokkes-subunit\vendor\laravel\framework\src\Illuminate\Database\Connection.php(1230): call_user_func(Object(Closure))
#6 C:\Users\Farma\pusdokkes-subunit\vendor\laravel\framework\src\Illuminate\Database\Connection.php(1266): Illuminate\Database\Connection->getPdo()
#7 C:\Users\Farma\pusdokkes-subunit\vendor\laravel\framework\src\Illuminate\Database\Connection.php(511): Illuminate\Database\Connection->getReadPdo()
#8 C:\Users\Farma\pusdokkes-subunit\vendor\laravel\framework\src\Illuminate\Database\Connection.php(406): Illuminate\Database\Connection->getPdoForSelect(true)
#9 C:\Users\Farma\pusdokkes-subunit\vendor\laravel\framework\src\Illuminate\Database\Connection.php(811): Illuminate\Database\Connection->{closure:Illuminate\Database\Connection::select():397}('select exists (...', Array)
#10 C:\Users\Farma\pusdokkes-subunit\vendor\laravel\framework\src\Illuminate\Database\Connection.php(778): Illuminate\Database\Connection->runQueryCallback('select exists (...', Array, Object(Closure))
#11 C:\Users\Farma\pusdokkes-subunit\vendor\laravel\framework\src\Illuminate\Database\Connection.php(397): Illuminate\Database\Connection->run('select exists (...', Array, Object(Closure))
#12 C:\Users\Farma\pusdokkes-subunit\vendor\laravel\framework\src\Illuminate\Database\Connection.php(343): Illuminate\Database\Connection->select('select exists (...', Array, true)
#13 C:\Users\Farma\pusdokkes-subunit\vendor\laravel\framework\src\Illuminate\Database\Connection.php(360): Illuminate\Database\Connection->selectOne('select exists (...', Array, true)
#14 C:\Users\Farma\pusdokkes-subunit\vendor\laravel\framework\src\Illuminate\Database\Schema\Builder.php(174): Illuminate\Database\Connection->scalar('select exists (...')
#15 C:\Users\Farma\pusdokkes-subunit\vendor\laravel\framework\src\Illuminate\Support\Facades\Facade.php(363): Illuminate\Database\Schema\Builder->hasTable('settings')
#16 C:\Users\Farma\pusdokkes-subunit\app\helpers.php(23): Illuminate\Support\Facades\Facade::__callStatic('hasTable', Array)
#17 C:\Users\Farma\pusdokkes-subunit\vendor\laravel\framework\src\Illuminate\Cache\Repository.php(431): {closure:settings():22}()
#18 C:\Users\Farma\pusdokkes-subunit\vendor\laravel\framework\src\Illuminate\Cache\CacheManager.php(509): Illuminate\Cache\Repository->remember('sys_settings_al...', 60, Object(Closure))
#19 C:\Users\Farma\pusdokkes-subunit\app\helpers.php(22): Illuminate\Cache\CacheManager->__call('remember', Array)
#20 C:\Users\Farma\pusdokkes-subunit\app\Http\Middleware\ApplyLocaleFromSettings.php(17): settings('locale.timezone', 'UTC')
#21 C:\Users\Farma\pusdokkes-subunit\vendor\laravel\framework\src\Illuminate\Pipeline\Pipeline.php(219): App\Http\Middleware\ApplyLocaleFromSettings->handle(Object(Illuminate\Http\Request), Object(Closure))
#22 C:\Users\Farma\pusdokkes-subunit\vendor\laravel\framework\src\Illuminate\Foundation\Http\Middleware\TransformsRequest.php(21): Illuminate\Pipeline\Pipeline->{closure:{closure:Illuminate\Pipeline\Pipeline::carry():194}:195}(Object(Illuminate\Http\Request))
#23 C:\Users\Farma\pusdokkes-subunit\vendor\laravel\framework\src\Illuminate\Foundation\Http\Middleware\ConvertEmptyStringsToNull.php(31): Illuminate\Foundation\Http\Middleware\TransformsRequest->handle(Object(Illuminate\Http\Request), Object(Closure))
#24 C:\Users\Farma\pusdokkes-subunit\vendor\laravel\framework\src\Illuminate\Pipeline\Pipeline.php(219): Illuminate\Foundation\Http\Middleware\ConvertEmptyStringsToNull->handle(Object(Illuminate\Http\Request), Object(Closure))
#25 C:\Users\Farma\pusdokkes-subunit\vendor\laravel\framework\src\Illuminate\Foundation\Http\Middleware\TransformsRequest.php(21): Illuminate\Pipeline\Pipeline->{closure:{closure:Illuminate\Pipeline\Pipeline::carry():194}:195}(Object(Illuminate\Http\Request))
#26 C:\Users\Farma\pusdokkes-subunit\vendor\laravel\framework\src\Illuminate\Foundation\Http\Middleware\TrimStrings.php(51): Illuminate\Foundation\Http\Middleware\TransformsRequest->handle(Object(Illuminate\Http\Request), Object(Closure))
#27 C:\Users\Farma\pusdokkes-subunit\vendor\laravel\framework\src\Illuminate\Pipeline\Pipeline.php(219): Illuminate\Foundation\Http\Middleware\TrimStrings->handle(Object(Illuminate\Http\Request), Object(Closure))
#28 C:\Users\Farma\pusdokkes-subunit\vendor\laravel\framework\src\Illuminate\Http\Middleware\ValidatePostSize.php(27): Illuminate\Pipeline\Pipeline->{closure:{closure:Illuminate\Pipeline\Pipeline::carry():194}:195}(Object(Illuminate\Http\Request))
#29 C:\Users\Farma\pusdokkes-subunit\vendor\laravel\framework\src\Illuminate\Pipeline\Pipeline.php(219): Illuminate\Http\Middleware\ValidatePostSize->handle(Object(Illuminate\Http\Request), Object(Closure))
#30 C:\Users\Farma\pusdokkes-subunit\vendor\laravel\framework\src\Illuminate\Foundation\Http\Middleware\PreventRequestsDuringMaintenance.php(109): Illuminate\Pipeline\Pipeline->{closure:{closure:Illuminate\Pipeline\Pipeline::carry():194}:195}(Object(Illuminate\Http\Request))
#31 C:\Users\Farma\pusdokkes-subunit\vendor\laravel\framework\src\Illuminate\Pipeline\Pipeline.php(219): Illuminate\Foundation\Http\Middleware\PreventRequestsDuringMaintenance->handle(Object(Illuminate\Http\Request), Object(Closure))
#32 C:\Users\Farma\pusdokkes-subunit\vendor\laravel\framework\src\Illuminate\Http\Middleware\HandleCors.php(48): Illuminate\Pipeline\Pipeline->{closure:{closure:Illuminate\Pipeline\Pipeline::carry():194}:195}(Object(Illuminate\Http\Request))
#33 C:\Users\Farma\pusdokkes-subunit\vendor\laravel\framework\src\Illuminate\Pipeline\Pipeline.php(219): Illuminate\Http\Middleware\HandleCors->handle(Object(Illuminate\Http\Request), Object(Closure))
#34 C:\Users\Farma\pusdokkes-subunit\vendor\laravel\framework\src\Illuminate\Http\Middleware\TrustProxies.php(58): Illuminate\Pipeline\Pipeline->{closure:{closure:Illuminate\Pipeline\Pipeline::carry():194}:195}(Object(Illuminate\Http\Request))
#35 C:\Users\Farma\pusdokkes-subunit\vendor\laravel\framework\src\Illuminate\Pipeline\Pipeline.php(219): Illuminate\Http\Middleware\TrustProxies->handle(Object(Illuminate\Http\Request), Object(Closure))
#36 C:\Users\Farma\pusdokkes-subunit\vendor\laravel\framework\src\Illuminate\Foundation\Http\Middleware\InvokeDeferredCallbacks.php(22): Illuminate\Pipeline\Pipeline->{closure:{closure:Illuminate\Pipeline\Pipeline::carry():194}:195}(Object(Illuminate\Http\Request))
#37 C:\Users\Farma\pusdokkes-subunit\vendor\laravel\framework\src\Illuminate\Pipeline\Pipeline.php(219): Illuminate\Foundation\Http\Middleware\InvokeDeferredCallbacks->handle(Object(Illuminate\Http\Request), Object(Closure))
#38 C:\Users\Farma\pusdokkes-subunit\vendor\laravel\framework\src\Illuminate\Http\Middleware\ValidatePathEncoding.php(26): Illuminate\Pipeline\Pipeline->{closure:{closure:Illuminate\Pipeline\Pipeline::carry():194}:195}(Object(Illuminate\Http\Request))
#39 C:\Users\Farma\pusdokkes-subunit\vendor\laravel\framework\src\Illuminate\Pipeline\Pipeline.php(219): Illuminate\Http\Middleware\ValidatePathEncoding->handle(Object(Illuminate\Http\Request), Object(Closure))
#40 C:\Users\Farma\pusdokkes-subunit\vendor\laravel\framework\src\Illuminate\Pipeline\Pipeline.php(137): Illuminate\Pipeline\Pipeline->{closure:{closure:Illuminate\Pipeline\Pipeline::carry():194}:195}(Object(Illuminate\Http\Request))
#41 C:\Users\Farma\pusdokkes-subunit\vendor\laravel\framework\src\Illuminate\Foundation\Http\Kernel.php(175): Illuminate\Pipeline\Pipeline->then(Object(Closure))
#42 C:\Users\Farma\pusdokkes-subunit\vendor\laravel\framework\src\Illuminate\Foundation\Http\Kernel.php(144): Illuminate\Foundation\Http\Kernel->sendRequestThroughRouter(Object(Illuminate\Http\Request))
#43 C:\Users\Farma\pusdokkes-subunit\vendor\laravel\framework\src\Illuminate\Foundation\Testing\Concerns\MakesHttpRequests.php(607): Illuminate\Foundation\Http\Kernel->handle(Object(Illuminate\Http\Request))
#44 C:\Users\Farma\pusdokkes-subunit\vendor\laravel\framework\src\Illuminate\Foundation\Testing\Concerns\MakesHttpRequests.php(368): Illuminate\Foundation\Testing\TestCase->call('GET', '/', Array, Array, Array, Array)
#45 C:\Users\Farma\pusdokkes-subunit\tests\Feature\ExampleTest.php(15): Illuminate\Foundation\Testing\TestCase->get('/')
#46 C:\Users\Farma\pusdokkes-subunit\vendor\phpunit\phpunit\src\Framework\TestCase.php(1656): Tests\Feature\ExampleTest->test_the_application_returns_a_successful_response()
#47 C:\Users\Farma\pusdokkes-subunit\vendor\phpunit\phpunit\src\Framework\TestCase.php(514): PHPUnit\Framework\TestCase->runTest()
#48 C:\Users\Farma\pusdokkes-subunit\vendor\phpunit\phpunit\src\Framework\TestRunner\TestRunner.php(87): PHPUnit\Framework\TestCase->runBare()
#49 C:\Users\Farma\pusdokkes-subunit\vendor\phpunit\phpunit\src\Framework\TestCase.php(361): PHPUnit\Framework\TestRunner->run(Object(Tests\Feature\ExampleTest))
#50 C:\Users\Farma\pusdokkes-subunit\vendor\phpunit\phpunit\src\Framework\TestSuite.php(369): PHPUnit\Framework\TestCase->run()
#51 C:\Users\Farma\pusdokkes-subunit\vendor\phpunit\phpunit\src\Framework\TestSuite.php(369): PHPUnit\Framework\TestSuite->run()
#52 C:\Users\Farma\pusdokkes-subunit\vendor\phpunit\phpunit\src\Framework\TestSuite.php(369): PHPUnit\Framework\TestSuite->run()
#53 C:\Users\Farma\pusdokkes-subunit\vendor\phpunit\phpunit\src\TextUI\TestRunner.php(64): PHPUnit\Framework\TestSuite->run()
#54 C:\Users\Farma\pusdokkes-subunit\vendor\phpunit\phpunit\src\TextUI\Application.php(211): PHPUnit\TextUI\TestRunner->run(Object(PHPUnit\TextUI\Configuration\Configuration), Object(PHPUnit\Runner\ResultCache\DefaultResultCache), Object(PHPUnit\Framework\TestSuite))
#55 C:\Users\Farma\pusdokkes-subunit\vendor\pestphp\pest\src\Kernel.php(103): PHPUnit\TextUI\Application->run(Array)
#56 C:\Users\Farma\pusdokkes-subunit\vendor\pestphp\pest\bin\pest(184): Pest\Kernel->handle(Array, Array)
#57 C:\Users\Farma\pusdokkes-subunit\vendor\pestphp\pest\bin\pest(192): {closure:C:\Users\Farma\pusdokkes-subunit\vendor\pestphp\pest\bin\pest:18}()
#58 {main}

Next Illuminate\Database\QueryException: SQLSTATE[08006] [7] connection to server at "127.0.0.1", port 5432 failed: FATAL:  database "lis_db" does not exist (Connection: pgsql, SQL: select exists (select 1 from pg_class c, pg_namespace n where n.nspname = current_schema() and c.relname = 'settings' and c.relkind in ('r', 'p') and n.oid = c.relnamespace)) in C:\Users\Farma\pusdokkes-subunit\vendor\laravel\framework\src\Illuminate\Database\Connection.php:824
Stack trace:
#0 C:\Users\Farma\pusdokkes-subunit\vendor\laravel\framework\src\Illuminate\Database\Connection.php(778): Illuminate\Database\Connection->runQueryCallback('select exists (...', Array, Object(Closure))
#1 C:\Users\Farma\pusdokkes-subunit\vendor\laravel\framework\src\Illuminate\Database\Connection.php(397): Illuminate\Database\Connection->run('select exists (...', Array, Object(Closure))
#2 C:\Users\Farma\pusdokkes-subunit\vendor\laravel\framework\src\Illuminate\Database\Connection.php(343): Illuminate\Database\Connection->select('select exists (...', Array, true)
#3 C:\Users\Farma\pusdokkes-subunit\vendor\laravel\framework\src\Illuminate\Database\Connection.php(360): Illuminate\Database\Connection->selectOne('select exists (...', Array, true)
#4 C:\Users\Farma\pusdokkes-subunit\vendor\laravel\framework\src\Illuminate\Database\Schema\Builder.php(174): Illuminate\Database\Connection->scalar('select exists (...')
#5 C:\Users\Farma\pusdokkes-subunit\vendor\laravel\framework\src\Illuminate\Support\Facades\Facade.php(363): Illuminate\Database\Schema\Builder->hasTable('settings')
#6 C:\Users\Farma\pusdokkes-subunit\app\helpers.php(23): Illuminate\Support\Facades\Facade::__callStatic('hasTable', Array)
#7 C:\Users\Farma\pusdokkes-subunit\vendor\laravel\framework\src\Illuminate\Cache\Repository.php(431): {closure:settings():22}()
#8 C:\Users\Farma\pusdokkes-subunit\vendor\laravel\framework\src\Illuminate\Cache\CacheManager.php(509): Illuminate\Cache\Repository->remember('sys_settings_al...', 60, Object(Closure))
#9 C:\Users\Farma\pusdokkes-subunit\app\helpers.php(22): Illuminate\Cache\CacheManager->__call('remember', Array)
#10 C:\Users\Farma\pusdokkes-subunit\app\Http\Middleware\ApplyLocaleFromSettings.php(17): settings('locale.timezone', 'UTC')
#11 C:\Users\Farma\pusdokkes-subunit\vendor\laravel\framework\src\Illuminate\Pipeline\Pipeline.php(219): App\Http\Middleware\ApplyLocaleFromSettings->handle(Object(Illuminate\Http\Request), Object(Closure))
#12 C:\Users\Farma\pusdokkes-subunit\vendor\laravel\framework\src\Illuminate\Foundation\Http\Middleware\TransformsRequest.php(21): Illuminate\Pipeline\Pipeline->{closure:{closure:Illuminate\Pipeline\Pipeline::carry():194}:195}(Object(Illuminate\Http\Request))
#13 C:\Users\Farma\pusdokkes-subunit\vendor\laravel\framework\src\Illuminate\Foundation\Http\Middleware\ConvertEmptyStringsToNull.php(31): Illuminate\Foundation\Http\Middleware\TransformsRequest->handle(Object(Illuminate\Http\Request), Object(Closure))
#14 C:\Users\Farma\pusdokkes-subunit\vendor\laravel\framework\src\Illuminate\Pipeline\Pipeline.php(219): Illuminate\Foundation\Http\Middleware\ConvertEmptyStringsToNull->handle(Object(Illuminate\Http\Request), Object(Closure))
#15 C:\Users\Farma\pusdokkes-subunit\vendor\laravel\framework\src\Illuminate\Foundation\Http\Middleware\TransformsRequest.php(21): Illuminate\Pipeline\Pipeline->{closure:{closure:Illuminate\Pipeline\Pipeline::carry():194}:195}(Object(Illuminate\Http\Request))
#16 C:\Users\Farma\pusdokkes-subunit\vendor\laravel\framework\src\Illuminate\Foundation\Http\Middleware\TrimStrings.php(51): Illuminate\Foundation\Http\Middleware\TransformsRequest->handle(Object(Illuminate\Http\Request), Object(Closure))
#17 C:\Users\Farma\pusdokkes-subunit\vendor\laravel\framework\src\Illuminate\Pipeline\Pipeline.php(219): Illuminate\Foundation\Http\Middleware\TrimStrings->handle(Object(Illuminate\Http\Request), Object(Closure))
#18 C:\Users\Farma\pusdokkes-subunit\vendor\laravel\framework\src\Illuminate\Http\Middleware\ValidatePostSize.php(27): Illuminate\Pipeline\Pipeline->{closure:{closure:Illuminate\Pipeline\Pipeline::carry():194}:195}(Object(Illuminate\Http\Request))
#19 C:\Users\Farma\pusdokkes-subunit\vendor\laravel\framework\src\Illuminate\Pipeline\Pipeline.php(219): Illuminate\Http\Middleware\ValidatePostSize->handle(Object(Illuminate\Http\Request), Object(Closure))
#20 C:\Users\Farma\pusdokkes-subunit\vendor\laravel\framework\src\Illuminate\Foundation\Http\Middleware\PreventRequestsDuringMaintenance.php(109): Illuminate\Pipeline\Pipeline->{closure:{closure:Illuminate\Pipeline\Pipeline::carry():194}:195}(Object(Illuminate\Http\Request))
#21 C:\Users\Farma\pusdokkes-subunit\vendor\laravel\framework\src\Illuminate\Pipeline\Pipeline.php(219): Illuminate\Foundation\Http\Middleware\PreventRequestsDuringMaintenance->handle(Object(Illuminate\Http\Request), Object(Closure))
#22 C:\Users\Farma\pusdokkes-subunit\vendor\laravel\framework\src\Illuminate\Http\Middleware\HandleCors.php(48): Illuminate\Pipeline\Pipeline->{closure:{closure:Illuminate\Pipeline\Pipeline::carry():194}:195}(Object(Illuminate\Http\Request))
#23 C:\Users\Farma\pusdokkes-subunit\vendor\laravel\framework\src\Illuminate\Pipeline\Pipeline.php(219): Illuminate\Http\Middleware\HandleCors->handle(Object(Illuminate\Http\Request), Object(Closure))
#24 C:\Users\Farma\pusdokkes-subunit\vendor\laravel\framework\src\Illuminate\Http\Middleware\TrustProxies.php(58): Illuminate\Pipeline\Pipeline->{closure:{closure:Illuminate\Pipeline\Pipeline::carry():194}:195}(Object(Illuminate\Http\Request))
#25 C:\Users\Farma\pusdokkes-subunit\vendor\laravel\framework\src\Illuminate\Pipeline\Pipeline.php(219): Illuminate\Http\Middleware\TrustProxies->handle(Object(Illuminate\Http\Request), Object(Closure))
#26 C:\Users\Farma\pusdokkes-subunit\vendor\laravel\framework\src\Illuminate\Foundation\Http\Middleware\InvokeDeferredCallbacks.php(22): Illuminate\Pipeline\Pipeline->{closure:{closure:Illuminate\Pipeline\Pipeline::carry():194}:195}(Object(Illuminate\Http\Request))
#27 C:\Users\Farma\pusdokkes-subunit\vendor\laravel\framework\src\Illuminate\Pipeline\Pipeline.php(219): Illuminate\Foundation\Http\Middleware\InvokeDeferredCallbacks->handle(Object(Illuminate\Http\Request), Object(Closure))
#28 C:\Users\Farma\pusdokkes-subunit\vendor\laravel\framework\src\Illuminate\Http\Middleware\ValidatePathEncoding.php(26): Illuminate\Pipeline\Pipeline->{closure:{closure:Illuminate\Pipeline\Pipeline::carry():194}:195}(Object(Illuminate\Http\Request))
#29 C:\Users\Farma\pusdokkes-subunit\vendor\laravel\framework\src\Illuminate\Pipeline\Pipeline.php(219): Illuminate\Http\Middleware\ValidatePathEncoding->handle(Object(Illuminate\Http\Request), Object(Closure))
#30 C:\Users\Farma\pusdokkes-subunit\vendor\laravel\framework\src\Illuminate\Pipeline\Pipeline.php(137): Illuminate\Pipeline\Pipeline->{closure:{closure:Illuminate\Pipeline\Pipeline::carry():194}:195}(Object(Illuminate\Http\Request))
#31 C:\Users\Farma\pusdokkes-subunit\vendor\laravel\framework\src\Illuminate\Foundation\Http\Kernel.php(175): Illuminate\Pipeline\Pipeline->then(Object(Closure))
#32 C:\Users\Farma\pusdokkes-subunit\vendor\laravel\framework\src\Illuminate\Foundation\Http\Kernel.php(144): Illuminate\Foundation\Http\Kernel->sendRequestThroughRouter(Object(Illuminate\Http\Request))
#33 C:\Users\Farma\pusdokkes-subunit\vendor\laravel\framework\src\Illuminate\Foundation\Testing\Concerns\MakesHttpRequests.php(607): Illuminate\Foundation\Http\Kernel->handle(Object(Illuminate\Http\Request))
#34 C:\Users\Farma\pusdokkes-subunit\vendor\laravel\framework\src\Illuminate\Foundation\Testing\Concerns\MakesHttpRequests.php(368): Illuminate\Foundation\Testing\TestCase->call('GET', '/', Array, Array, Array, Array)
#35 C:\Users\Farma\pusdokkes-subunit\tests\Feature\ExampleTest.php(15): Illuminate\Foundation\Testing\TestCase->get('/')
#36 C:\Users\Farma\pusdokkes-subunit\vendor\phpunit\phpunit\src\Framework\TestCase.php(1656): Tests\Feature\ExampleTest->test_the_application_returns_a_successful_response()
#37 C:\Users\Farma\pusdokkes-subunit\vendor\phpunit\phpunit\src\Framework\TestCase.php(514): PHPUnit\Framework\TestCase->runTest()
#38 C:\Users\Farma\pusdokkes-subunit\vendor\phpunit\phpunit\src\Framework\TestRunner\TestRunner.php(87): PHPUnit\Framework\TestCase->runBare()
#39 C:\Users\Farma\pusdokkes-subunit\vendor\phpunit\phpunit\src\Framework\TestCase.php(361): PHPUnit\Framework\TestRunner->run(Object(Tests\Feature\ExampleTest))
#40 C:\Users\Farma\pusdokkes-subunit\vendor\phpunit\phpunit\src\Framework\TestSuite.php(369): PHPUnit\Framework\TestCase->run()
#41 C:\Users\Farma\pusdokkes-subunit\vendor\phpunit\phpunit\src\Framework\TestSuite.php(369): PHPUnit\Framework\TestSuite->run()
#42 C:\Users\Farma\pusdokkes-subunit\vendor\phpunit\phpunit\src\Framework\TestSuite.php(369): PHPUnit\Framework\TestSuite->run()
#43 C:\Users\Farma\pusdokkes-subunit\vendor\phpunit\phpunit\src\TextUI\TestRunner.php(64): PHPUnit\Framework\TestSuite->run()
#44 C:\Users\Farma\pusdokkes-subunit\vendor\phpunit\phpunit\src\TextUI\Application.php(211): PHPUnit\TextUI\TestRunner->run(Object(PHPUnit\TextUI\Configuration\Configuration), Object(PHPUnit\Runner\ResultCache\DefaultResultCache), Object(PHPUnit\Framework\TestSuite))
#45 C:\Users\Farma\pusdokkes-subunit\vendor\pestphp\pest\src\Kernel.php(103): PHPUnit\TextUI\Application->run(Array)
#46 C:\Users\Farma\pusdokkes-subunit\vendor\pestphp\pest\bin\pest(184): Pest\Kernel->handle(Array, Array)
#47 C:\Users\Farma\pusdokkes-subunit\vendor\pestphp\pest\bin\pest(192): {closure:C:\Users\Farma\pusdokkes-subunit\vendor\pestphp\pest\bin\pest:18}()
#48 {main}

----------------------------------------------------------------------------------

SQLSTATE[08006] [7] connection to server at "127.0.0.1", port 5432 failed: FATAL:  database "lis_db" does not exist (Connection: pgsql, SQL: select exists (select 1 from pg_class c, pg_namespace n where n.nspname = current_schema() and c.relname = 'settings' and c.relkind in ('r', 'p') and n.oid = c.relnamespace))

  at tests\Feature\ExampleTest.php:17
     13Γûò     public function test_the_application_returns_a_successful_response(): void
     14Γûò     {
     15Γûò         $response = $this->get('/');
     16Γûò 
  Γ₧£  17Γûò         $response->assertStatus(200);
     18Γûò     }
     19Γûò }
     20Γûò

  ΓöÇΓöÇΓöÇΓöÇΓöÇΓöÇΓöÇΓöÇΓöÇΓöÇΓöÇΓöÇΓöÇΓöÇΓöÇΓöÇΓöÇΓöÇ  
   FΓÇª  PDOException   
  SQLSTATE[08006] [7] connection to server at "127.0.0.1", port 5432 failed: FATAL:  database "lis_db" does not exist

  at vendor\laravel\framework\src\Illuminate\Database\Connectors\Connector.php:67
     63Γûò     protected function createPdoConnection($dsn, $username, #[\SensitiveParameter] $password, $options)
     64Γûò     {
     65Γûò         return version_compare(phpversion(), '8.4.0', '<')
     66Γûò             ? new PDO($dsn, $username, $password, $options)
  Γ₧£  67Γûò             : PDO::connect($dsn, $username, $password, $options); /** @phpstan-ignore staticMethod.notFound (PHP 8.4) */
     68Γûò     }
     69Γûò 
     70Γûò     /**
     71Γûò      * Handle an exception that occurred during connect execution.

  1   vendor\laravel\framework\src\Illuminate\Database\Connectors\Connector.php:67
  2   vendor\laravel\framework\src\Illuminate\Database\Connectors\Connector.php:44

  ΓöÇΓöÇΓöÇΓöÇΓöÇΓöÇΓöÇΓöÇΓöÇΓöÇΓöÇΓöÇΓöÇΓöÇΓöÇΓöÇΓöÇΓöÇ  
   FΓÇª  PDOException   
  SQLSTATE[08006] [7] connection to server at "127.0.0.1", port 5432 failed: FATAL:  database "lis_db" does not exist

  at vendor\laravel\framework\src\Illuminate\Database\Connectors\Connector.php:67
     63Γûò     protected function createPdoConnection($dsn, $username, #[\SensitiveParameter] $password, $options)
     64Γûò     {
     65Γûò         return version_compare(phpversion(), '8.4.0', '<')
     66Γûò             ? new PDO($dsn, $username, $password, $options)
  Γ₧£  67Γûò             : PDO::connect($dsn, $username, $password, $options); /** @phpstan-ignore staticMethod.notFound (PHP 8.4) */
     68Γûò     }
     69Γûò 
     70Γûò     /**
     71Γûò      * Handle an exception that occurred during connect execution.

  1   vendor\laravel\framework\src\Illuminate\Database\Connectors\Connector.php:67
  2   vendor\laravel\framework\src\Illuminate\Database\Connectors\Connector.php:44

  ΓöÇΓöÇΓöÇΓöÇΓöÇΓöÇΓöÇΓöÇΓöÇΓöÇΓöÇΓöÇΓöÇΓöÇΓöÇΓöÇΓöÇΓöÇ  
   FΓÇª  PDOException   
  SQLSTATE[08006] [7] connection to server at "127.0.0.1", port 5432 failed: FATAL:  database "lis_db" does not exist

  at vendor\laravel\framework\src\Illuminate\Database\Connectors\Connector.php:67
     63Γûò     protected function createPdoConnection($dsn, $username, #[\SensitiveParameter] $password, $options)
     64Γûò     {
     65Γûò         return version_compare(phpversion(), '8.4.0', '<')
     66Γûò             ? new PDO($dsn, $username, $password, $options)
  Γ₧£  67Γûò             : PDO::connect($dsn, $username, $password, $options); /** @phpstan-ignore staticMethod.notFound (PHP 8.4) */
     68Γûò     }
     69Γûò 
     70Γûò     /**
     71Γûò      * Handle an exception that occurred during connect execution.

  1   vendor\laravel\framework\src\Illuminate\Database\Connectors\Connector.php:67
  2   vendor\laravel\framework\src\Illuminate\Database\Connectors\Connector.php:44

  ΓöÇΓöÇΓöÇΓöÇΓöÇΓöÇΓöÇΓöÇΓöÇΓöÇΓöÇΓöÇΓöÇΓöÇΓöÇΓöÇΓöÇΓöÇ  
   FΓÇª  PDOException   
  SQLSTATE[08006] [7] connection to server at "127.0.0.1", port 5432 failed: FATAL:  database "lis_db" does not exist

  at vendor\laravel\framework\src\Illuminate\Database\Connectors\Connector.php:67
     63Γûò     protected function createPdoConnection($dsn, $username, #[\SensitiveParameter] $password, $options)
     64Γûò     {
     65Γûò         return version_compare(phpversion(), '8.4.0', '<')
     66Γûò             ? new PDO($dsn, $username, $password, $options)
  Γ₧£  67Γûò             : PDO::connect($dsn, $username, $password, $options); /** @phpstan-ignore staticMethod.notFound (PHP 8.4) */
     68Γûò     }
     69Γûò 
     70Γûò     /**
     71Γûò      * Handle an exception that occurred during connect execution.

  1   vendor\laravel\framework\src\Illuminate\Database\Connectors\Connector.php:67
  2   vendor\laravel\framework\src\Illuminate\Database\Connectors\Connector.php:44

  ΓöÇΓöÇΓöÇΓöÇΓöÇΓöÇΓöÇΓöÇΓöÇΓöÇΓöÇΓöÇΓöÇΓöÇΓöÇΓöÇΓöÇΓöÇ  
   FΓÇª  PDOException   
  SQLSTATE[08006] [7] connection to server at "127.0.0.1", port 5432 failed: FATAL:  database "lis_db" does not exist

  at vendor\laravel\framework\src\Illuminate\Database\Connectors\Connector.php:67
     63Γûò     protected function createPdoConnection($dsn, $username, #[\SensitiveParameter] $password, $options)
     64Γûò     {
     65Γûò         return version_compare(phpversion(), '8.4.0', '<')
     66Γûò             ? new PDO($dsn, $username, $password, $options)
  Γ₧£  67Γûò             : PDO::connect($dsn, $username, $password, $options); /** @phpstan-ignore staticMethod.notFound (PHP 8.4) */
     68Γûò     }
     69Γûò 
     70Γûò     /**
     71Γûò      * Handle an exception that occurred during connect execution.

  1   vendor\laravel\framework\src\Illuminate\Database\Connectors\Connector.php:67
  2   vendor\laravel\framework\src\Illuminate\Database\Connectors\Connector.php:44

  ΓöÇΓöÇΓöÇΓöÇΓöÇΓöÇΓöÇΓöÇΓöÇΓöÇΓöÇΓöÇΓöÇΓöÇΓöÇΓöÇΓöÇΓöÇ  
   FΓÇª  PDOException   
  SQLSTATE[08006] [7] connection to server at "127.0.0.1", port 5432 failed: FATAL:  database "lis_db" does not exist

  at vendor\laravel\framework\src\Illuminate\Database\Connectors\Connector.php:67
     63Γûò     protected function createPdoConnection($dsn, $username, #[\SensitiveParameter] $password, $options)
     64Γûò     {
     65Γûò         return version_compare(phpversion(), '8.4.0', '<')
     66Γûò             ? new PDO($dsn, $username, $password, $options)
  Γ₧£  67Γûò             : PDO::connect($dsn, $username, $password, $options); /** @phpstan-ignore staticMethod.notFound (PHP 8.4) */
     68Γûò     }
     69Γûò 
     70Γûò     /**
     71Γûò      * Handle an exception that occurred during connect execution.

  1   vendor\laravel\framework\src\Illuminate\Database\Connectors\Connector.php:67
  2   vendor\laravel\framework\src\Illuminate\Database\Connectors\Connector.php:44

  ΓöÇΓöÇΓöÇΓöÇΓöÇΓöÇΓöÇΓöÇΓöÇΓöÇΓöÇΓöÇΓöÇΓöÇΓöÇΓöÇΓöÇΓöÇ  
   FΓÇª  PDOException   
  SQLSTATE[08006] [7] connection to server at "127.0.0.1", port 5432 failed: FATAL:  database "lis_db" does not exist

  at vendor\laravel\framework\src\Illuminate\Database\Connectors\Connector.php:67
     63Γûò     protected function createPdoConnection($dsn, $username, #[\SensitiveParameter] $password, $options)
     64Γûò     {
     65Γûò         return version_compare(phpversion(), '8.4.0', '<')
     66Γûò             ? new PDO($dsn, $username, $password, $options)
  Γ₧£  67Γûò             : PDO::connect($dsn, $username, $password, $options); /** @phpstan-ignore staticMethod.notFound (PHP 8.4) */
     68Γûò     }
     69Γûò 
     70Γûò     /**
     71Γûò      * Handle an exception that occurred during connect execution.

  1   vendor\laravel\framework\src\Illuminate\Database\Connectors\Connector.php:67
  2   vendor\laravel\framework\src\Illuminate\Database\Connectors\Connector.php:44

  ΓöÇΓöÇΓöÇΓöÇΓöÇΓöÇΓöÇΓöÇΓöÇΓöÇΓöÇΓöÇΓöÇΓöÇΓöÇΓöÇΓöÇΓöÇ  
   FΓÇª  PDOException   
  SQLSTATE[08006] [7] connection to server at "127.0.0.1", port 5432 failed: FATAL:  database "lis_db" does not exist

  at vendor\laravel\framework\src\Illuminate\Database\Connectors\Connector.php:67
     63Γûò     protected function createPdoConnection($dsn, $username, #[\SensitiveParameter] $password, $options)
     64Γûò     {
     65Γûò         return version_compare(phpversion(), '8.4.0', '<')
     66Γûò             ? new PDO($dsn, $username, $password, $options)
  Γ₧£  67Γûò             : PDO::connect($dsn, $username, $password, $options); /** @phpstan-ignore staticMethod.notFound (PHP 8.4) */
     68Γûò     }
     69Γûò 
     70Γûò     /**
     71Γûò      * Handle an exception that occurred during connect execution.

  1   vendor\laravel\framework\src\Illuminate\Database\Connectors\Connector.php:67
  2   vendor\laravel\framework\src\Illuminate\Database\Connectors\Connector.php:44

  ΓöÇΓöÇΓöÇΓöÇΓöÇΓöÇΓöÇΓöÇΓöÇΓöÇΓöÇΓöÇΓöÇΓöÇΓöÇΓöÇΓöÇΓöÇ  
   FAILED  Tests\FΓÇª   
  Expected response status code [200] but received 500.
Failed asserting that 500 is identical to 200.

The following exception occurred during the last request:

PDOException: SQLSTATE[08006] [7] connection to server at "127.0.0.1", port 5432 failed: FATAL:  database "lis_db" does not exist in C:\Users\Farma\pusdokkes-subunit\vendor\laravel\framework\src\Illuminate\Database\Connectors\Connector.php:67
Stack trace:
#0 C:\Users\Farma\pusdokkes-subunit\vendor\laravel\framework\src\Illuminate\Database\Connectors\Connector.php(67): PDO::connect('pgsql:host=127....', 'postgres', Object(SensitiveParameterValue), Array)
#1 C:\Users\Farma\pusdokkes-subunit\vendor\laravel\framework\src\Illuminate\Database\Connectors\Connector.php(44): Illuminate\Database\Connectors\Connector->createPdoConnection('pgsql:host=127....', 'postgres', Object(SensitiveParameterValue), Array)
#2 C:\Users\Farma\pusdokkes-subunit\vendor\laravel\framework\src\Illuminate\Database\Connectors\PostgresConnector.php(35): Illuminate\Database\Connectors\Connector->createConnection('pgsql:host=127....', Array, Array)
#3 C:\Users\Farma\pusdokkes-subunit\vendor\laravel\framework\src\Illuminate\Database\Connectors\ConnectionFactory.php(184): Illuminate\Database\Connectors\PostgresConnector->connect(Array)
#4 [internal function]: Illuminate\Database\Connectors\ConnectionFactory->{closure:Illuminate\Database\Connectors\ConnectionFactory::createPdoResolverWithHosts():179}()
#5 C:\Users\Farma\pusdokkes-subunit\vendor\laravel\framework\src\Illuminate\Database\Connection.php(1230): call_user_func(Object(Closure))
#6 C:\Users\Farma\pusdokkes-subunit\vendor\laravel\framework\src\Illuminate\Database\Connection.php(1266): Illuminate\Database\Connection->getPdo()
#7 C:\Users\Farma\pusdokkes-subunit\vendor\laravel\framework\src\Illuminate\Database\Connection.php(511): Illuminate\Database\Connection->getReadPdo()
#8 C:\Users\Farma\pusdokkes-subunit\vendor\laravel\framework\src\Illuminate\Database\Connection.php(406): Illuminate\Database\Connection->getPdoForSelect(true)
#9 C:\Users\Farma\pusdokkes-subunit\vendor\laravel\framework\src\Illuminate\Database\Connection.php(811): Illuminate\Database\Connection->{closure:Illuminate\Database\Connection::select():397}('select exists (...', Array)
#10 C:\Users\Farma\pusdokkes-subunit\vendor\laravel\framework\src\Illuminate\Database\Connection.php(778): Illuminate\Database\Connection->runQueryCallback('select exists (...', Array, Object(Closure))
#11 C:\Users\Farma\pusdokkes-subunit\vendor\laravel\framework\src\Illuminate\Database\Connection.php(397): Illuminate\Database\Connection->run('select exists (...', Array, Object(Closure))
#12 C:\Users\Farma\pusdokkes-subunit\vendor\laravel\framework\src\Illuminate\Database\Connection.php(343): Illuminate\Database\Connection->select('select exists (...', Array, true)
#13 C:\Users\Farma\pusdokkes-subunit\vendor\laravel\framework\src\Illuminate\Database\Connection.php(360): Illuminate\Database\Connection->selectOne('select exists (...', Array, true)
#14 C:\Users\Farma\pusdokkes-subunit\vendor\laravel\framework\src\Illuminate\Database\Schema\Builder.php(174): Illuminate\Database\Connection->scalar('select exists (...')
#15 C:\Users\Farma\pusdokkes-subunit\vendor\laravel\framework\src\Illuminate\Support\Facades\Facade.php(363): Illuminate\Database\Schema\Builder->hasTable('settings')
#16 C:\Users\Farma\pusdokkes-subunit\app\helpers.php(23): Illuminate\Support\Facades\Facade::__callStatic('hasTable', Array)
#17 C:\Users\Farma\pusdokkes-subunit\vendor\laravel\framework\src\Illuminate\Cache\Repository.php(431): {closure:settings():22}()
#18 C:\Users\Farma\pusdokkes-subunit\vendor\laravel\framework\src\Illuminate\Cache\CacheManager.php(509): Illuminate\Cache\Repository->remember('sys_settings_al...', 60, Object(Closure))
#19 C:\Users\Farma\pusdokkes-subunit\app\helpers.php(22): Illuminate\Cache\CacheManager->__call('remember', Array)
#20 C:\Users\Farma\pusdokkes-subunit\app\Http\Middleware\ApplyLocaleFromSettings.php(17): settings('locale.timezone', 'UTC')
#21 C:\Users\Farma\pusdokkes-subunit\vendor\laravel\framework\src\Illuminate\Pipeline\Pipeline.php(219): App\Http\Middleware\ApplyLocaleFromSettings->handle(Object(Illuminate\Http\Request), Object(Closure))
#22 C:\Users\Farma\pusdokkes-subunit\vendor\laravel\framework\src\Illuminate\Foundation\Http\Middleware\TransformsRequest.php(21): Illuminate\Pipeline\Pipeline->{closure:{closure:Illuminate\Pipeline\Pipeline::carry():194}:195}(Object(Illuminate\Http\Request))
#23 C:\Users\Farma\pusdokkes-subunit\vendor\laravel\framework\src\Illuminate\Foundation\Http\Middleware\ConvertEmptyStringsToNull.php(31): Illuminate\Foundation\Http\Middleware\TransformsRequest->handle(Object(Illuminate\Http\Request), Object(Closure))
#24 C:\Users\Farma\pusdokkes-subunit\vendor\laravel\framework\src\Illuminate\Pipeline\Pipeline.php(219): Illuminate\Foundation\Http\Middleware\ConvertEmptyStringsToNull->handle(Object(Illuminate\Http\Request), Object(Closure))
#25 C:\Users\Farma\pusdokkes-subunit\vendor\laravel\framework\src\Illuminate\Foundation\Http\Middleware\TransformsRequest.php(21): Illuminate\Pipeline\Pipeline->{closure:{closure:Illuminate\Pipeline\Pipeline::carry():194}:195}(Object(Illuminate\Http\Request))
#26 C:\Users\Farma\pusdokkes-subunit\vendor\laravel\framework\src\Illuminate\Foundation\Http\Middleware\TrimStrings.php(51): Illuminate\Foundation\Http\Middleware\TransformsRequest->handle(Object(Illuminate\Http\Request), Object(Closure))
#27 C:\Users\Farma\pusdokkes-subunit\vendor\laravel\framework\src\Illuminate\Pipeline\Pipeline.php(219): Illuminate\Foundation\Http\Middleware\TrimStrings->handle(Object(Illuminate\Http\Request), Object(Closure))
#28 C:\Users\Farma\pusdokkes-subunit\vendor\laravel\framework\src\Illuminate\Http\Middleware\ValidatePostSize.php(27): Illuminate\Pipeline\Pipeline->{closure:{closure:Illuminate\Pipeline\Pipeline::carry():194}:195}(Object(Illuminate\Http\Request))
#29 C:\Users\Farma\pusdokkes-subunit\vendor\laravel\framework\src\Illuminate\Pipeline\Pipeline.php(219): Illuminate\Http\Middleware\ValidatePostSize->handle(Object(Illuminate\Http\Request), Object(Closure))
#30 C:\Users\Farma\pusdokkes-subunit\vendor\laravel\framework\src\Illuminate\Foundation\Http\Middleware\PreventRequestsDuringMaintenance.php(109): Illuminate\Pipeline\Pipeline->{closure:{closure:Illuminate\Pipeline\Pipeline::carry():194}:195}(Object(Illuminate\Http\Request))
#31 C:\Users\Farma\pusdokkes-subunit\vendor\laravel\framework\src\Illuminate\Pipeline\Pipeline.php(219): Illuminate\Foundation\Http\Middleware\PreventRequestsDuringMaintenance->handle(Object(Illuminate\Http\Request), Object(Closure))
#32 C:\Users\Farma\pusdokkes-subunit\vendor\laravel\framework\src\Illuminate\Http\Middleware\HandleCors.php(48): Illuminate\Pipeline\Pipeline->{closure:{closure:Illuminate\Pipeline\Pipeline::carry():194}:195}(Object(Illuminate\Http\Request))
#33 C:\Users\Farma\pusdokkes-subunit\vendor\laravel\framework\src\Illuminate\Pipeline\Pipeline.php(219): Illuminate\Http\Middleware\HandleCors->handle(Object(Illuminate\Http\Request), Object(Closure))
#34 C:\Users\Farma\pusdokkes-subunit\vendor\laravel\framework\src\Illuminate\Http\Middleware\TrustProxies.php(58): Illuminate\Pipeline\Pipeline->{closure:{closure:Illuminate\Pipeline\Pipeline::carry():194}:195}(Object(Illuminate\Http\Request))
#35 C:\Users\Farma\pusdokkes-subunit\vendor\laravel\framework\src\Illuminate\Pipeline\Pipeline.php(219): Illuminate\Http\Middleware\TrustProxies->handle(Object(Illuminate\Http\Request), Object(Closure))
#36 C:\Users\Farma\pusdokkes-subunit\vendor\laravel\framework\src\Illuminate\Foundation\Http\Middleware\InvokeDeferredCallbacks.php(22): Illuminate\Pipeline\Pipeline->{closure:{closure:Illuminate\Pipeline\Pipeline::carry():194}:195}(Object(Illuminate\Http\Request))
#37 C:\Users\Farma\pusdokkes-subunit\vendor\laravel\framework\src\Illuminate\Pipeline\Pipeline.php(219): Illuminate\Foundation\Http\Middleware\InvokeDeferredCallbacks->handle(Object(Illuminate\Http\Request), Object(Closure))
#38 C:\Users\Farma\pusdokkes-subunit\vendor\laravel\framework\src\Illuminate\Http\Middleware\ValidatePathEncoding.php(26): Illuminate\Pipeline\Pipeline->{closure:{closure:Illuminate\Pipeline\Pipeline::carry():194}:195}(Object(Illuminate\Http\Request))
#39 C:\Users\Farma\pusdokkes-subunit\vendor\laravel\framework\src\Illuminate\Pipeline\Pipeline.php(219): Illuminate\Http\Middleware\ValidatePathEncoding->handle(Object(Illuminate\Http\Request), Object(Closure))
#40 C:\Users\Farma\pusdokkes-subunit\vendor\laravel\framework\src\Illuminate\Pipeline\Pipeline.php(137): Illuminate\Pipeline\Pipeline->{closure:{closure:Illuminate\Pipeline\Pipeline::carry():194}:195}(Object(Illuminate\Http\Request))
#41 C:\Users\Farma\pusdokkes-subunit\vendor\laravel\framework\src\Illuminate\Foundation\Http\Kernel.php(175): Illuminate\Pipeline\Pipeline->then(Object(Closure))
#42 C:\Users\Farma\pusdokkes-subunit\vendor\laravel\framework\src\Illuminate\Foundation\Http\Kernel.php(144): Illuminate\Foundation\Http\Kernel->sendRequestThroughRouter(Object(Illuminate\Http\Request))
#43 C:\Users\Farma\pusdokkes-subunit\vendor\laravel\framework\src\Illuminate\Foundation\Testing\Concerns\MakesHttpRequests.php(607): Illuminate\Foundation\Http\Kernel->handle(Object(Illuminate\Http\Request))
#44 C:\Users\Farma\pusdokkes-subunit\vendor\laravel\framework\src\Illuminate\Foundation\Testing\Concerns\MakesHttpRequests.php(368): Illuminate\Foundation\Testing\TestCase->call('GET', '/_locale-test', Array, Array, Array, Array)
#45 C:\Users\Farma\pusdokkes-subunit\tests\Feature\LocaleMiddlewareTest.php(25): Illuminate\Foundation\Testing\TestCase->get('/_locale-test')
#46 C:\Users\Farma\pusdokkes-subunit\vendor\phpunit\phpunit\src\Framework\TestCase.php(1656): Tests\Feature\LocaleMiddlewareTest->test_applies_timezone_and_locale_from_settings()
#47 C:\Users\Farma\pusdokkes-subunit\vendor\phpunit\phpunit\src\Framework\TestCase.php(514): PHPUnit\Framework\TestCase->runTest()
#48 C:\Users\Farma\pusdokkes-subunit\vendor\phpunit\phpunit\src\Framework\TestRunner\TestRunner.php(87): PHPUnit\Framework\TestCase->runBare()
#49 C:\Users\Farma\pusdokkes-subunit\vendor\phpunit\phpunit\src\Framework\TestCase.php(361): PHPUnit\Framework\TestRunner->run(Object(Tests\Feature\LocaleMiddlewareTest))
#50 C:\Users\Farma\pusdokkes-subunit\vendor\phpunit\phpunit\src\Framework\TestSuite.php(369): PHPUnit\Framework\TestCase->run()
#51 C:\Users\Farma\pusdokkes-subunit\vendor\phpunit\phpunit\src\Framework\TestSuite.php(369): PHPUnit\Framework\TestSuite->run()
#52 C:\Users\Farma\pusdokkes-subunit\vendor\phpunit\phpunit\src\Framework\TestSuite.php(369): PHPUnit\Framework\TestSuite->run()
#53 C:\Users\Farma\pusdokkes-subunit\vendor\phpunit\phpunit\src\TextUI\TestRunner.php(64): PHPUnit\Framework\TestSuite->run()
#54 C:\Users\Farma\pusdokkes-subunit\vendor\phpunit\phpunit\src\TextUI\Application.php(211): PHPUnit\TextUI\TestRunner->run(Object(PHPUnit\TextUI\Configuration\Configuration), Object(PHPUnit\Runner\ResultCache\DefaultResultCache), Object(PHPUnit\Framework\TestSuite))
#55 C:\Users\Farma\pusdokkes-subunit\vendor\pestphp\pest\src\Kernel.php(103): PHPUnit\TextUI\Application->run(Array)
#56 C:\Users\Farma\pusdokkes-subunit\vendor\pestphp\pest\bin\pest(184): Pest\Kernel->handle(Array, Array)
#57 C:\Users\Farma\pusdokkes-subunit\vendor\pestphp\pest\bin\pest(192): {closure:C:\Users\Farma\pusdokkes-subunit\vendor\pestphp\pest\bin\pest:18}()
#58 {main}

Next Illuminate\Database\QueryException: SQLSTATE[08006] [7] connection to server at "127.0.0.1", port 5432 failed: FATAL:  database "lis_db" does not exist (Connection: pgsql, SQL: select exists (select 1 from pg_class c, pg_namespace n where n.nspname = current_schema() and c.relname = 'settings' and c.relkind in ('r', 'p') and n.oid = c.relnamespace)) in C:\Users\Farma\pusdokkes-subunit\vendor\laravel\framework\src\Illuminate\Database\Connection.php:824
Stack trace:
#0 C:\Users\Farma\pusdokkes-subunit\vendor\laravel\framework\src\Illuminate\Database\Connection.php(778): Illuminate\Database\Connection->runQueryCallback('select exists (...', Array, Object(Closure))
#1 C:\Users\Farma\pusdokkes-subunit\vendor\laravel\framework\src\Illuminate\Database\Connection.php(397): Illuminate\Database\Connection->run('select exists (...', Array, Object(Closure))
#2 C:\Users\Farma\pusdokkes-subunit\vendor\laravel\framework\src\Illuminate\Database\Connection.php(343): Illuminate\Database\Connection->select('select exists (...', Array, true)
#3 C:\Users\Farma\pusdokkes-subunit\vendor\laravel\framework\src\Illuminate\Database\Connection.php(360): Illuminate\Database\Connection->selectOne('select exists (...', Array, true)
#4 C:\Users\Farma\pusdokkes-subunit\vendor\laravel\framework\src\Illuminate\Database\Schema\Builder.php(174): Illuminate\Database\Connection->scalar('select exists (...')
#5 C:\Users\Farma\pusdokkes-subunit\vendor\laravel\framework\src\Illuminate\Support\Facades\Facade.php(363): Illuminate\Database\Schema\Builder->hasTable('settings')
#6 C:\Users\Farma\pusdokkes-subunit\app\helpers.php(23): Illuminate\Support\Facades\Facade::__callStatic('hasTable', Array)
#7 C:\Users\Farma\pusdokkes-subunit\vendor\laravel\framework\src\Illuminate\Cache\Repository.php(431): {closure:settings():22}()
#8 C:\Users\Farma\pusdokkes-subunit\vendor\laravel\framework\src\Illuminate\Cache\CacheManager.php(509): Illuminate\Cache\Repository->remember('sys_settings_al...', 60, Object(Closure))
#9 C:\Users\Farma\pusdokkes-subunit\app\helpers.php(22): Illuminate\Cache\CacheManager->__call('remember', Array)
#10 C:\Users\Farma\pusdokkes-subunit\app\Http\Middleware\ApplyLocaleFromSettings.php(17): settings('locale.timezone', 'UTC')
#11 C:\Users\Farma\pusdokkes-subunit\vendor\laravel\framework\src\Illuminate\Pipeline\Pipeline.php(219): App\Http\Middleware\ApplyLocaleFromSettings->handle(Object(Illuminate\Http\Request), Object(Closure))
#12 C:\Users\Farma\pusdokkes-subunit\vendor\laravel\framework\src\Illuminate\Foundation\Http\Middleware\TransformsRequest.php(21): Illuminate\Pipeline\Pipeline->{closure:{closure:Illuminate\Pipeline\Pipeline::carry():194}:195}(Object(Illuminate\Http\Request))
#13 C:\Users\Farma\pusdokkes-subunit\vendor\laravel\framework\src\Illuminate\Foundation\Http\Middleware\ConvertEmptyStringsToNull.php(31): Illuminate\Foundation\Http\Middleware\TransformsRequest->handle(Object(Illuminate\Http\Request), Object(Closure))
#14 C:\Users\Farma\pusdokkes-subunit\vendor\laravel\framework\src\Illuminate\Pipeline\Pipeline.php(219): Illuminate\Foundation\Http\Middleware\ConvertEmptyStringsToNull->handle(Object(Illuminate\Http\Request), Object(Closure))
#15 C:\Users\Farma\pusdokkes-subunit\vendor\laravel\framework\src\Illuminate\Foundation\Http\Middleware\TransformsRequest.php(21): Illuminate\Pipeline\Pipeline->{closure:{closure:Illuminate\Pipeline\Pipeline::carry():194}:195}(Object(Illuminate\Http\Request))
#16 C:\Users\Farma\pusdokkes-subunit\vendor\laravel\framework\src\Illuminate\Foundation\Http\Middleware\TrimStrings.php(51): Illuminate\Foundation\Http\Middleware\TransformsRequest->handle(Object(Illuminate\Http\Request), Object(Closure))
#17 C:\Users\Farma\pusdokkes-subunit\vendor\laravel\framework\src\Illuminate\Pipeline\Pipeline.php(219): Illuminate\Foundation\Http\Middleware\TrimStrings->handle(Object(Illuminate\Http\Request), Object(Closure))
#18 C:\Users\Farma\pusdokkes-subunit\vendor\laravel\framework\src\Illuminate\Http\Middleware\ValidatePostSize.php(27): Illuminate\Pipeline\Pipeline->{closure:{closure:Illuminate\Pipeline\Pipeline::carry():194}:195}(Object(Illuminate\Http\Request))
#19 C:\Users\Farma\pusdokkes-subunit\vendor\laravel\framework\src\Illuminate\Pipeline\Pipeline.php(219): Illuminate\Http\Middleware\ValidatePostSize->handle(Object(Illuminate\Http\Request), Object(Closure))
#20 C:\Users\Farma\pusdokkes-subunit\vendor\laravel\framework\src\Illuminate\Foundation\Http\Middleware\PreventRequestsDuringMaintenance.php(109): Illuminate\Pipeline\Pipeline->{closure:{closure:Illuminate\Pipeline\Pipeline::carry():194}:195}(Object(Illuminate\Http\Request))
#21 C:\Users\Farma\pusdokkes-subunit\vendor\laravel\framework\src\Illuminate\Pipeline\Pipeline.php(219): Illuminate\Foundation\Http\Middleware\PreventRequestsDuringMaintenance->handle(Object(Illuminate\Http\Request), Object(Closure))
#22 C:\Users\Farma\pusdokkes-subunit\vendor\laravel\framework\src\Illuminate\Http\Middleware\HandleCors.php(48): Illuminate\Pipeline\Pipeline->{closure:{closure:Illuminate\Pipeline\Pipeline::carry():194}:195}(Object(Illuminate\Http\Request))
#23 C:\Users\Farma\pusdokkes-subunit\vendor\laravel\framework\src\Illuminate\Pipeline\Pipeline.php(219): Illuminate\Http\Middleware\HandleCors->handle(Object(Illuminate\Http\Request), Object(Closure))
#24 C:\Users\Farma\pusdokkes-subunit\vendor\laravel\framework\src\Illuminate\Http\Middleware\TrustProxies.php(58): Illuminate\Pipeline\Pipeline->{closure:{closure:Illuminate\Pipeline\Pipeline::carry():194}:195}(Object(Illuminate\Http\Request))
#25 C:\Users\Farma\pusdokkes-subunit\vendor\laravel\framework\src\Illuminate\Pipeline\Pipeline.php(219): Illuminate\Http\Middleware\TrustProxies->handle(Object(Illuminate\Http\Request), Object(Closure))
#26 C:\Users\Farma\pusdokkes-subunit\vendor\laravel\framework\src\Illuminate\Foundation\Http\Middleware\InvokeDeferredCallbacks.php(22): Illuminate\Pipeline\Pipeline->{closure:{closure:Illuminate\Pipeline\Pipeline::carry():194}:195}(Object(Illuminate\Http\Request))
#27 C:\Users\Farma\pusdokkes-subunit\vendor\laravel\framework\src\Illuminate\Pipeline\Pipeline.php(219): Illuminate\Foundation\Http\Middleware\InvokeDeferredCallbacks->handle(Object(Illuminate\Http\Request), Object(Closure))
#28 C:\Users\Farma\pusdokkes-subunit\vendor\laravel\framework\src\Illuminate\Http\Middleware\ValidatePathEncoding.php(26): Illuminate\Pipeline\Pipeline->{closure:{closure:Illuminate\Pipeline\Pipeline::carry():194}:195}(Object(Illuminate\Http\Request))
#29 C:\Users\Farma\pusdokkes-subunit\vendor\laravel\framework\src\Illuminate\Pipeline\Pipeline.php(219): Illuminate\Http\Middleware\ValidatePathEncoding->handle(Object(Illuminate\Http\Request), Object(Closure))
#30 C:\Users\Farma\pusdokkes-subunit\vendor\laravel\framework\src\Illuminate\Pipeline\Pipeline.php(137): Illuminate\Pipeline\Pipeline->{closure:{closure:Illuminate\Pipeline\Pipeline::carry():194}:195}(Object(Illuminate\Http\Request))
#31 C:\Users\Farma\pusdokkes-subunit\vendor\laravel\framework\src\Illuminate\Foundation\Http\Kernel.php(175): Illuminate\Pipeline\Pipeline->then(Object(Closure))
#32 C:\Users\Farma\pusdokkes-subunit\vendor\laravel\framework\src\Illuminate\Foundation\Http\Kernel.php(144): Illuminate\Foundation\Http\Kernel->sendRequestThroughRouter(Object(Illuminate\Http\Request))
#33 C:\Users\Farma\pusdokkes-subunit\vendor\laravel\framework\src\Illuminate\Foundation\Testing\Concerns\MakesHttpRequests.php(607): Illuminate\Foundation\Http\Kernel->handle(Object(Illuminate\Http\Request))
#34 C:\Users\Farma\pusdokkes-subunit\vendor\laravel\framework\src\Illuminate\Foundation\Testing\Concerns\MakesHttpRequests.php(368): Illuminate\Foundation\Testing\TestCase->call('GET', '/_locale-test', Array, Array, Array, Array)
#35 C:\Users\Farma\pusdokkes-subunit\tests\Feature\LocaleMiddlewareTest.php(25): Illuminate\Foundation\Testing\TestCase->get('/_locale-test')
#36 C:\Users\Farma\pusdokkes-subunit\vendor\phpunit\phpunit\src\Framework\TestCase.php(1656): Tests\Feature\LocaleMiddlewareTest->test_applies_timezone_and_locale_from_settings()
#37 C:\Users\Farma\pusdokkes-subunit\vendor\phpunit\phpunit\src\Framework\TestCase.php(514): PHPUnit\Framework\TestCase->runTest()
#38 C:\Users\Farma\pusdokkes-subunit\vendor\phpunit\phpunit\src\Framework\TestRunner\TestRunner.php(87): PHPUnit\Framework\TestCase->runBare()
#39 C:\Users\Farma\pusdokkes-subunit\vendor\phpunit\phpunit\src\Framework\TestCase.php(361): PHPUnit\Framework\TestRunner->run(Object(Tests\Feature\LocaleMiddlewareTest))
#40 C:\Users\Farma\pusdokkes-subunit\vendor\phpunit\phpunit\src\Framework\TestSuite.php(369): PHPUnit\Framework\TestCase->run()
#41 C:\Users\Farma\pusdokkes-subunit\vendor\phpunit\phpunit\src\Framework\TestSuite.php(369): PHPUnit\Framework\TestSuite->run()
#42 C:\Users\Farma\pusdokkes-subunit\vendor\phpunit\phpunit\src\Framework\TestSuite.php(369): PHPUnit\Framework\TestSuite->run()
#43 C:\Users\Farma\pusdokkes-subunit\vendor\phpunit\phpunit\src\TextUI\TestRunner.php(64): PHPUnit\Framework\TestSuite->run()
#44 C:\Users\Farma\pusdokkes-subunit\vendor\phpunit\phpunit\src\TextUI\Application.php(211): PHPUnit\TextUI\TestRunner->run(Object(PHPUnit\TextUI\Configuration\Configuration), Object(PHPUnit\Runner\ResultCache\DefaultResultCache), Object(PHPUnit\Framework\TestSuite))
#45 C:\Users\Farma\pusdokkes-subunit\vendor\pestphp\pest\src\Kernel.php(103): PHPUnit\TextUI\Application->run(Array)
#46 C:\Users\Farma\pusdokkes-subunit\vendor\pestphp\pest\bin\pest(184): Pest\Kernel->handle(Array, Array)
#47 C:\Users\Farma\pusdokkes-subunit\vendor\pestphp\pest\bin\pest(192): {closure:C:\Users\Farma\pusdokkes-subunit\vendor\pestphp\pest\bin\pest:18}()
#48 {main}

----------------------------------------------------------------------------------

SQLSTATE[08006] [7] connection to server at "127.0.0.1", port 5432 failed: FATAL:  database "lis_db" does not exist (Connection: pgsql, SQL: select exists (select 1 from pg_class c, pg_namespace n where n.nspname = current_schema() and c.relname = 'settings' and c.relkind in ('r', 'p') and n.oid = c.relnamespace))

  at tests\Feature\LocaleMiddlewareTest.php:25
     21Γûò             'locale.language' => 'id',
     22Γûò         ], replace: true);
     23Γûò 
     24Γûò         Route::get('/_locale-test', fn () => 'OK');
  Γ₧£  25Γûò         $this->get('/_locale-test')->assertOk();
     26Γûò 
     27Γûò         // Middleware should have run via bootstrap; ensure fallback by manual invocation too
     28Γûò         (new \App\Http\Middleware\ApplyLocaleFromSettings())->handle(request(), fn($r) => $r);
     29Γûò

  ΓöÇΓöÇΓöÇΓöÇΓöÇΓöÇΓöÇΓöÇΓöÇΓöÇΓöÇΓöÇΓöÇΓöÇΓöÇΓöÇΓöÇΓöÇ  
  ΓÇª  QueryException   
  SQLSTATE[08006] [7] connection to server at "127.0.0.1", port 5432 failed: FATAL:  database "lis_db" does not exist (Connection: pgsql, SQL: select exists (select 1 from pg_class c, pg_namespace n where n.nspname = current_schema() and c.relname = 'settings' and c.relkind in ('r', 'p') and n.oid = c.relnamespace))

  at vendor\laravel\framework\src\Illuminate\Database\Connectors\Connector.php:67
     63Γûò     protected function createPdoConnection($dsn, $username, #[\SensitiveParameter] $password, $options)
     64Γûò     {
     65Γûò         return version_compare(phpversion(), '8.4.0', '<')
     66Γûò             ? new PDO($dsn, $username, $password, $options)
  Γ₧£  67Γûò             : PDO::connect($dsn, $username, $password, $options); /** @phpstan-ignore staticMethod.notFound (PHP 8.4) */
     68Γûò     }
     69Γûò 
     70Γûò     /**
     71Γûò      * Handle an exception that occurred during connect execution.

  1   vendor\laravel\framework\src\Illuminate\Database\Connectors\Connector.php:67
  2   vendor\laravel\framework\src\Illuminate\Database\Connectors\Connector.php:44

  ΓöÇΓöÇΓöÇΓöÇΓöÇΓöÇΓöÇΓöÇΓöÇΓöÇΓöÇΓöÇΓöÇΓöÇΓöÇΓöÇΓöÇΓöÇ  
   FΓÇª  PDOException   
  SQLSTATE[08006] [7] connection to server at "127.0.0.1", port 5432 failed: FATAL:  database "lis_db" does not exist

  at vendor\laravel\framework\src\Illuminate\Database\Connectors\Connector.php:67
     63Γûò     protected function createPdoConnection($dsn, $username, #[\SensitiveParameter] $password, $options)
     64Γûò     {
     65Γûò         return version_compare(phpversion(), '8.4.0', '<')
     66Γûò             ? new PDO($dsn, $username, $password, $options)
  Γ₧£  67Γûò             : PDO::connect($dsn, $username, $password, $options); /** @phpstan-ignore staticMethod.notFound (PHP 8.4) */
     68Γûò     }
     69Γûò 
     70Γûò     /**
     71Γûò      * Handle an exception that occurred during connect execution.

  1   vendor\laravel\framework\src\Illuminate\Database\Connectors\Connector.php:67
  2   vendor\laravel\framework\src\Illuminate\Database\Connectors\Connector.php:44

  ΓöÇΓöÇΓöÇΓöÇΓöÇΓöÇΓöÇΓöÇΓöÇΓöÇΓöÇΓöÇΓöÇΓöÇΓöÇΓöÇΓöÇΓöÇ  
   FΓÇª  PDOException   
  SQLSTATE[08006] [7] connection to server at "127.0.0.1", port 5432 failed: FATAL:  database "lis_db" does not exist

  at vendor\laravel\framework\src\Illuminate\Database\Connectors\Connector.php:67
     63Γûò     protected function createPdoConnection($dsn, $username, #[\SensitiveParameter] $password, $options)
     64Γûò     {
     65Γûò         return version_compare(phpversion(), '8.4.0', '<')
     66Γûò             ? new PDO($dsn, $username, $password, $options)
  Γ₧£  67Γûò             : PDO::connect($dsn, $username, $password, $options); /** @phpstan-ignore staticMethod.notFound (PHP 8.4) */
     68Γûò     }
     69Γûò 
     70Γûò     /**
     71Γûò      * Handle an exception that occurred during connect execution.

  1   vendor\laravel\framework\src\Illuminate\Database\Connectors\Connector.php:67
  2   vendor\laravel\framework\src\Illuminate\Database\Connectors\Connector.php:44

  ΓöÇΓöÇΓöÇΓöÇΓöÇΓöÇΓöÇΓöÇΓöÇΓöÇΓöÇΓöÇΓöÇΓöÇΓöÇΓöÇΓöÇΓöÇ  
   FΓÇª  PDOException   
  SQLSTATE[08006] [7] connection to server at "127.0.0.1", port 5432 failed: FATAL:  database "lis_db" does not exist

  at vendor\laravel\framework\src\Illuminate\Database\Connectors\Connector.php:67
     63Γûò     protected function createPdoConnection($dsn, $username, #[\SensitiveParameter] $password, $options)
     64Γûò     {
     65Γûò         return version_compare(phpversion(), '8.4.0', '<')
     66Γûò             ? new PDO($dsn, $username, $password, $options)
  Γ₧£  67Γûò             : PDO::connect($dsn, $username, $password, $options); /** @phpstan-ignore staticMethod.notFound (PHP 8.4) */
     68Γûò     }
     69Γûò 
     70Γûò     /**
     71Γûò      * Handle an exception that occurred during connect execution.

  1   vendor\laravel\framework\src\Illuminate\Database\Connectors\Connector.php:67
  2   vendor\laravel\framework\src\Illuminate\Database\Connectors\Connector.php:44

  ΓöÇΓöÇΓöÇΓöÇΓöÇΓöÇΓöÇΓöÇΓöÇΓöÇΓöÇΓöÇΓöÇΓöÇΓöÇΓöÇΓöÇΓöÇ  
   FΓÇª  PDOException   
  SQLSTATE[08006] [7] connection to server at "127.0.0.1", port 5432 failed: FATAL:  database "lis_db" does not exist

  at vendor\laravel\framework\src\Illuminate\Database\Connectors\Connector.php:67
     63Γûò     protected function createPdoConnection($dsn, $username, #[\SensitiveParameter] $password, $options)
     64Γûò     {
     65Γûò         return version_compare(phpversion(), '8.4.0', '<')
     66Γûò             ? new PDO($dsn, $username, $password, $options)
  Γ₧£  67Γûò             : PDO::connect($dsn, $username, $password, $options); /** @phpstan-ignore staticMethod.notFound (PHP 8.4) */
     68Γûò     }
     69Γûò 
     70Γûò     /**
     71Γûò      * Handle an exception that occurred during connect execution.

  1   vendor\laravel\framework\src\Illuminate\Database\Connectors\Connector.php:67
  2   vendor\laravel\framework\src\Illuminate\Database\Connectors\Connector.php:44

  ΓöÇΓöÇΓöÇΓöÇΓöÇΓöÇΓöÇΓöÇΓöÇΓöÇΓöÇΓöÇΓöÇΓöÇΓöÇΓöÇΓöÇΓöÇ  
   FΓÇª  PDOException   
  SQLSTATE[08006] [7] connection to server at "127.0.0.1", port 5432 failed: FATAL:  database "lis_db" does not exist

  at vendor\laravel\framework\src\Illuminate\Database\Connectors\Connector.php:67
     63Γûò     protected function createPdoConnection($dsn, $username, #[\SensitiveParameter] $password, $options)
     64Γûò     {
     65Γûò         return version_compare(phpversion(), '8.4.0', '<')
     66Γûò             ? new PDO($dsn, $username, $password, $options)
  Γ₧£  67Γûò             : PDO::connect($dsn, $username, $password, $options); /** @phpstan-ignore staticMethod.notFound (PHP 8.4) */
     68Γûò     }
     69Γûò 
     70Γûò     /**
     71Γûò      * Handle an exception that occurred during connect execution.

  1   vendor\laravel\framework\src\Illuminate\Database\Connectors\Connector.php:67
  2   vendor\laravel\framework\src\Illuminate\Database\Connectors\Connector.php:44

  ΓöÇΓöÇΓöÇΓöÇΓöÇΓöÇΓöÇΓöÇΓöÇΓöÇΓöÇΓöÇΓöÇΓöÇΓöÇΓöÇΓöÇΓöÇ  
   FΓÇª  PDOException   
  SQLSTATE[08006] [7] connection to server at "127.0.0.1", port 5432 failed: FATAL:  database "lis_db" does not exist

  at vendor\laravel\framework\src\Illuminate\Database\Connectors\Connector.php:67
     63Γûò     protected function createPdoConnection($dsn, $username, #[\SensitiveParameter] $password, $options)
     64Γûò     {
     65Γûò         return version_compare(phpversion(), '8.4.0', '<')
     66Γûò             ? new PDO($dsn, $username, $password, $options)
  Γ₧£  67Γûò             : PDO::connect($dsn, $username, $password, $options); /** @phpstan-ignore staticMethod.notFound (PHP 8.4) */
     68Γûò     }
     69Γûò 
     70Γûò     /**
     71Γûò      * Handle an exception that occurred during connect execution.

  1   vendor\laravel\framework\src\Illuminate\Database\Connectors\Connector.php:67
  2   vendor\laravel\framework\src\Illuminate\Database\Connectors\Connector.php:44

  ΓöÇΓöÇΓöÇΓöÇΓöÇΓöÇΓöÇΓöÇΓöÇΓöÇΓöÇΓöÇΓöÇΓöÇΓöÇΓöÇΓöÇΓöÇ  
   FΓÇª  PDOException   
  SQLSTATE[08006] [7] connection to server at "127.0.0.1", port 5432 failed: FATAL:  database "lis_db" does not exist

  at vendor\laravel\framework\src\Illuminate\Database\Connectors\Connector.php:67
     63Γûò     protected function createPdoConnection($dsn, $username, #[\SensitiveParameter] $password, $options)
     64Γûò     {
     65Γûò         return version_compare(phpversion(), '8.4.0', '<')
     66Γûò             ? new PDO($dsn, $username, $password, $options)
  Γ₧£  67Γûò             : PDO::connect($dsn, $username, $password, $options); /** @phpstan-ignore staticMethod.notFound (PHP 8.4) */
     68Γûò     }
     69Γûò 
     70Γûò     /**
     71Γûò      * Handle an exception that occurred during connect execution.

  1   vendor\laravel\framework\src\Illuminate\Database\Connectors\Connector.php:67
  2   vendor\laravel\framework\src\Illuminate\Database\Connectors\Connector.php:44

  ΓöÇΓöÇΓöÇΓöÇΓöÇΓöÇΓöÇΓöÇΓöÇΓöÇΓöÇΓöÇΓöÇΓöÇΓöÇΓöÇΓöÇΓöÇ  
   FΓÇª  PDOException   
  SQLSTATE[08006] [7] connection to server at "127.0.0.1", port 5432 failed: FATAL:  database "lis_db" does not exist

  at vendor\laravel\framework\src\Illuminate\Database\Connectors\Connector.php:67
     63Γûò     protected function createPdoConnection($dsn, $username, #[\SensitiveParameter] $password, $options)
     64Γûò     {
     65Γûò         return version_compare(phpversion(), '8.4.0', '<')
     66Γûò             ? new PDO($dsn, $username, $password, $options)
  Γ₧£  67Γûò             : PDO::connect($dsn, $username, $password, $options); /** @phpstan-ignore staticMethod.notFound (PHP 8.4) */
     68Γûò     }
     69Γûò 
     70Γûò     /**
     71Γûò      * Handle an exception that occurred during connect execution.

  1   vendor\laravel\framework\src\Illuminate\Database\Connectors\Connector.php:67
  2   vendor\laravel\framework\src\Illuminate\Database\Connectors\Connector.php:44

  ΓöÇΓöÇΓöÇΓöÇΓöÇΓöÇΓöÇΓöÇΓöÇΓöÇΓöÇΓöÇΓöÇΓöÇΓöÇΓöÇΓöÇΓöÇ  
   FΓÇª  PDOException   
  SQLSTATE[08006] [7] connection to server at "127.0.0.1", port 5432 failed: FATAL:  database "lis_db" does not exist

  at vendor\laravel\framework\src\Illuminate\Database\Connectors\Connector.php:67
     63Γûò     protected function createPdoConnection($dsn, $username, #[\SensitiveParameter] $password, $options)
     64Γûò     {
     65Γûò         return version_compare(phpversion(), '8.4.0', '<')
     66Γûò             ? new PDO($dsn, $username, $password, $options)
  Γ₧£  67Γûò             : PDO::connect($dsn, $username, $password, $options); /** @phpstan-ignore staticMethod.notFound (PHP 8.4) */
     68Γûò     }
     69Γûò 
     70Γûò     /**
     71Γûò      * Handle an exception that occurred during connect execution.

  1   vendor\laravel\framework\src\Illuminate\Database\Connectors\Connector.php:67
  2   vendor\laravel\framework\src\Illuminate\Database\Connectors\Connector.php:44

  ΓöÇΓöÇΓöÇΓöÇΓöÇΓöÇΓöÇΓöÇΓöÇΓöÇΓöÇΓöÇΓöÇΓöÇΓöÇΓöÇΓöÇΓöÇ  
   FΓÇª  PDOException   
  SQLSTATE[08006] [7] connection to server at "127.0.0.1", port 5432 failed: FATAL:  database "lis_db" does not exist

  at vendor\laravel\framework\src\Illuminate\Database\Connectors\Connector.php:67
     63Γûò     protected function createPdoConnection($dsn, $username, #[\SensitiveParameter] $password, $options)
     64Γûò     {
     65Γûò         return version_compare(phpversion(), '8.4.0', '<')
     66Γûò             ? new PDO($dsn, $username, $password, $options)
  Γ₧£  67Γûò             : PDO::connect($dsn, $username, $password, $options); /** @phpstan-ignore staticMethod.notFound (PHP 8.4) */
     68Γûò     }
     69Γûò 
     70Γûò     /**
     71Γûò      * Handle an exception that occurred during connect execution.

  1   vendor\laravel\framework\src\Illuminate\Database\Connectors\Connector.php:67
  2   vendor\laravel\framework\src\Illuminate\Database\Connectors\Connector.php:44

  ΓöÇΓöÇΓöÇΓöÇΓöÇΓöÇΓöÇΓöÇΓöÇΓöÇΓöÇΓöÇΓöÇΓöÇΓöÇΓöÇΓöÇΓöÇ  
   FΓÇª  PDOException   
  SQLSTATE[08006] [7] connection to server at "127.0.0.1", port 5432 failed: FATAL:  database "lis_db" does not exist

  at vendor\laravel\framework\src\Illuminate\Database\Connectors\Connector.php:67
     63Γûò     protected function createPdoConnection($dsn, $username, #[\SensitiveParameter] $password, $options)
     64Γûò     {
     65Γûò         return version_compare(phpversion(), '8.4.0', '<')
     66Γûò             ? new PDO($dsn, $username, $password, $options)
  Γ₧£  67Γûò             : PDO::connect($dsn, $username, $password, $options); /** @phpstan-ignore staticMethod.notFound (PHP 8.4) */
     68Γûò     }
     69Γûò 
     70Γûò     /**
     71Γûò      * Handle an exception that occurred during connect execution.

  1   vendor\laravel\framework\src\Illuminate\Database\Connectors\Connector.php:67
  2   vendor\laravel\framework\src\Illuminate\Database\Connectors\Connector.php:44

  ΓöÇΓöÇΓöÇΓöÇΓöÇΓöÇΓöÇΓöÇΓöÇΓöÇΓöÇΓöÇΓöÇΓöÇΓöÇΓöÇΓöÇΓöÇ  
   FΓÇª  PDOException   
  SQLSTATE[08006] [7] connection to server at "127.0.0.1", port 5432 failed: FATAL:  database "lis_db" does not exist

  at vendor\laravel\framework\src\Illuminate\Database\Connectors\Connector.php:67
     63Γûò     protected function createPdoConnection($dsn, $username, #[\SensitiveParameter] $password, $options)
     64Γûò     {
     65Γûò         return version_compare(phpversion(), '8.4.0', '<')
     66Γûò             ? new PDO($dsn, $username, $password, $options)
  Γ₧£  67Γûò             : PDO::connect($dsn, $username, $password, $options); /** @phpstan-ignore staticMethod.notFound (PHP 8.4) */
     68Γûò     }
     69Γûò 
     70Γûò     /**
     71Γûò      * Handle an exception that occurred during connect execution.

  1   vendor\laravel\framework\src\Illuminate\Database\Connectors\Connector.php:67
  2   vendor\laravel\framework\src\Illuminate\Database\Connectors\Connector.php:44

  ΓöÇΓöÇΓöÇΓöÇΓöÇΓöÇΓöÇΓöÇΓöÇΓöÇΓöÇΓöÇΓöÇΓöÇΓöÇΓöÇΓöÇΓöÇ  
   FΓÇª  PDOException   
  SQLSTATE[08006] [7] connection to server at "127.0.0.1", port 5432 failed: FATAL:  database "lis_db" does not exist

  at vendor\laravel\framework\src\Illuminate\Database\Connectors\Connector.php:67
     63Γûò     protected function createPdoConnection($dsn, $username, #[\SensitiveParameter] $password, $options)
     64Γûò     {
     65Γûò         return version_compare(phpversion(), '8.4.0', '<')
     66Γûò             ? new PDO($dsn, $username, $password, $options)
  Γ₧£  67Γûò             : PDO::connect($dsn, $username, $password, $options); /** @phpstan-ignore staticMethod.notFound (PHP 8.4) */
     68Γûò     }
     69Γûò 
     70Γûò     /**
     71Γûò      * Handle an exception that occurred during connect execution.

  1   vendor\laravel\framework\src\Illuminate\Database\Connectors\Connector.php:67
  2   vendor\laravel\framework\src\Illuminate\Database\Connectors\Connector.php:44

  ΓöÇΓöÇΓöÇΓöÇΓöÇΓöÇΓöÇΓöÇΓöÇΓöÇΓöÇΓöÇΓöÇΓöÇΓöÇΓöÇΓöÇΓöÇ  
   FΓÇª  PDOException   
  SQLSTATE[08006] [7] connection to server at "127.0.0.1", port 5432 failed: FATAL:  database "lis_db" does not exist

  at vendor\laravel\framework\src\Illuminate\Database\Connectors\Connector.php:67
     63Γûò     protected function createPdoConnection($dsn, $username, #[\SensitiveParameter] $password, $options)
     64Γûò     {
     65Γûò         return version_compare(phpversion(), '8.4.0', '<')
     66Γûò             ? new PDO($dsn, $username, $password, $options)
  Γ₧£  67Γûò             : PDO::connect($dsn, $username, $password, $options); /** @phpstan-ignore staticMethod.notFound (PHP 8.4) */
     68Γûò     }
     69Γûò 
     70Γûò     /**
     71Γûò      * Handle an exception that occurred during connect execution.

  1   vendor\laravel\framework\src\Illuminate\Database\Connectors\Connector.php:67
  2   vendor\laravel\framework\src\Illuminate\Database\Connectors\Connector.php:44

  ΓöÇΓöÇΓöÇΓöÇΓöÇΓöÇΓöÇΓöÇΓöÇΓöÇΓöÇΓöÇΓöÇΓöÇΓöÇΓöÇΓöÇΓöÇ  
   FΓÇª  PDOException   
  SQLSTATE[08006] [7] connection to server at "127.0.0.1", port 5432 failed: FATAL:  database "lis_db" does not exist

  at vendor\laravel\framework\src\Illuminate\Database\Connectors\Connector.php:67
     63Γûò     protected function createPdoConnection($dsn, $username, #[\SensitiveParameter] $password, $options)
     64Γûò     {
     65Γûò         return version_compare(phpversion(), '8.4.0', '<')
     66Γûò             ? new PDO($dsn, $username, $password, $options)
  Γ₧£  67Γûò             : PDO::connect($dsn, $username, $password, $options); /** @phpstan-ignore staticMethod.notFound (PHP 8.4) */
     68Γûò     }
     69Γûò 
     70Γûò     /**
     71Γûò      * Handle an exception that occurred during connect execution.

  1   vendor\laravel\framework\src\Illuminate\Database\Connectors\Connector.php:67
  2   vendor\laravel\framework\src\Illuminate\Database\Connectors\Connector.php:44

  ΓöÇΓöÇΓöÇΓöÇΓöÇΓöÇΓöÇΓöÇΓöÇΓöÇΓöÇΓöÇΓöÇΓöÇΓöÇΓöÇΓöÇΓöÇ  
   FΓÇª  PDOException   
  SQLSTATE[08006] [7] connection to server at "127.0.0.1", port 5432 failed: FATAL:  database "lis_db" does not exist

  at vendor\laravel\framework\src\Illuminate\Database\Connectors\Connector.php:67
     63Γûò     protected function createPdoConnection($dsn, $username, #[\SensitiveParameter] $password, $options)
     64Γûò     {
     65Γûò         return version_compare(phpversion(), '8.4.0', '<')
     66Γûò             ? new PDO($dsn, $username, $password, $options)
  Γ₧£  67Γûò             : PDO::connect($dsn, $username, $password, $options); /** @phpstan-ignore staticMethod.notFound (PHP 8.4) */
     68Γûò     }
     69Γûò 
     70Γûò     /**
     71Γûò      * Handle an exception that occurred during connect execution.

  1   vendor\laravel\framework\src\Illuminate\Database\Connectors\Connector.php:67
  2   vendor\laravel\framework\src\Illuminate\Database\Connectors\Connector.php:44

  ΓöÇΓöÇΓöÇΓöÇΓöÇΓöÇΓöÇΓöÇΓöÇΓöÇΓöÇΓöÇΓöÇΓöÇΓöÇΓöÇΓöÇΓöÇ  
   FΓÇª  PDOException   
  SQLSTATE[08006] [7] connection to server at "127.0.0.1", port 5432 failed: FATAL:  database "lis_db" does not exist

  at vendor\laravel\framework\src\Illuminate\Database\Connectors\Connector.php:67
     63Γûò     protected function createPdoConnection($dsn, $username, #[\SensitiveParameter] $password, $options)
     64Γûò     {
     65Γûò         return version_compare(phpversion(), '8.4.0', '<')
     66Γûò             ? new PDO($dsn, $username, $password, $options)
  Γ₧£  67Γûò             : PDO::connect($dsn, $username, $password, $options); /** @phpstan-ignore staticMethod.notFound (PHP 8.4) */
     68Γûò     }
     69Γûò 
     70Γûò     /**
     71Γûò      * Handle an exception that occurred during connect execution.

  1   vendor\laravel\framework\src\Illuminate\Database\Connectors\Connector.php:67
  2   vendor\laravel\framework\src\Illuminate\Database\Connectors\Connector.php:44

  ΓöÇΓöÇΓöÇΓöÇΓöÇΓöÇΓöÇΓöÇΓöÇΓöÇΓöÇΓöÇΓöÇΓöÇΓöÇΓöÇΓöÇΓöÇ  
   FΓÇª  PDOException   
  SQLSTATE[08006] [7] connection to server at "127.0.0.1", port 5432 failed: FATAL:  database "lis_db" does not exist

  at vendor\laravel\framework\src\Illuminate\Database\Connectors\Connector.php:67
     63Γûò     protected function createPdoConnection($dsn, $username, #[\SensitiveParameter] $password, $options)
     64Γûò     {
     65Γûò         return version_compare(phpversion(), '8.4.0', '<')
     66Γûò             ? new PDO($dsn, $username, $password, $options)
  Γ₧£  67Γûò             : PDO::connect($dsn, $username, $password, $options); /** @phpstan-ignore staticMethod.notFound (PHP 8.4) */
     68Γûò     }
     69Γûò 
     70Γûò     /**
     71Γûò      * Handle an exception that occurred during connect execution.

  1   vendor\laravel\framework\src\Illuminate\Database\Connectors\Connector.php:67
  2   vendor\laravel\framework\src\Illuminate\Database\Connectors\Connector.php:44

  ΓöÇΓöÇΓöÇΓöÇΓöÇΓöÇΓöÇΓöÇΓöÇΓöÇΓöÇΓöÇΓöÇΓöÇΓöÇΓöÇΓöÇΓöÇ  
   FΓÇª  PDOException   
  SQLSTATE[08006] [7] connection to server at "127.0.0.1", port 5432 failed: FATAL:  database "lis_db" does not exist

  at vendor\laravel\framework\src\Illuminate\Database\Connectors\Connector.php:67
     63Γûò     protected function createPdoConnection($dsn, $username, #[\SensitiveParameter] $password, $options)
     64Γûò     {
     65Γûò         return version_compare(phpversion(), '8.4.0', '<')
     66Γûò             ? new PDO($dsn, $username, $password, $options)
  Γ₧£  67Γûò             : PDO::connect($dsn, $username, $password, $options); /** @phpstan-ignore staticMethod.notFound (PHP 8.4) */
     68Γûò     }
     69Γûò 
     70Γûò     /**
     71Γûò      * Handle an exception that occurred during connect execution.

  1   vendor\laravel\framework\src\Illuminate\Database\Connectors\Connector.php:67
  2   vendor\laravel\framework\src\Illuminate\Database\Connectors\Connector.php:44

  ΓöÇΓöÇΓöÇΓöÇΓöÇΓöÇΓöÇΓöÇΓöÇΓöÇΓöÇΓöÇΓöÇΓöÇΓöÇΓöÇΓöÇΓöÇ  
   FΓÇª  PDOException   
  SQLSTATE[08006] [7] connection to server at "127.0.0.1", port 5432 failed: FATAL:  database "lis_db" does not exist

  at vendor\laravel\framework\src\Illuminate\Database\Connectors\Connector.php:67
     63Γûò     protected function createPdoConnection($dsn, $username, #[\SensitiveParameter] $password, $options)
     64Γûò     {
     65Γûò         return version_compare(phpversion(), '8.4.0', '<')
     66Γûò             ? new PDO($dsn, $username, $password, $options)
  Γ₧£  67Γûò             : PDO::connect($dsn, $username, $password, $options); /** @phpstan-ignore staticMethod.notFound (PHP 8.4) */
     68Γûò     }
     69Γûò 
     70Γûò     /**
     71Γûò      * Handle an exception that occurred during connect execution.

  1   vendor\laravel\framework\src\Illuminate\Database\Connectors\Connector.php:67
  2   vendor\laravel\framework\src\Illuminate\Database\Connectors\Connector.php:44

  ΓöÇΓöÇΓöÇΓöÇΓöÇΓöÇΓöÇΓöÇΓöÇΓöÇΓöÇΓöÇΓöÇΓöÇΓöÇΓöÇΓöÇΓöÇ  
   FΓÇª  PDOException   
  SQLSTATE[08006] [7] connection to server at "127.0.0.1", port 5432 failed: FATAL:  database "lis_db" does not exist

  at vendor\laravel\framework\src\Illuminate\Database\Connectors\Connector.php:67
     63Γûò     protected function createPdoConnection($dsn, $username, #[\SensitiveParameter] $password, $options)
     64Γûò     {
     65Γûò         return version_compare(phpversion(), '8.4.0', '<')
     66Γûò             ? new PDO($dsn, $username, $password, $options)
  Γ₧£  67Γûò             : PDO::connect($dsn, $username, $password, $options); /** @phpstan-ignore staticMethod.notFound (PHP 8.4) */
     68Γûò     }
     69Γûò 
     70Γûò     /**
     71Γûò      * Handle an exception that occurred during connect execution.

  1   vendor\laravel\framework\src\Illuminate\Database\Connectors\Connector.php:67
  2   vendor\laravel\framework\src\Illuminate\Database\Connectors\Connector.php:44

  ΓöÇΓöÇΓöÇΓöÇΓöÇΓöÇΓöÇΓöÇΓöÇΓöÇΓöÇΓöÇΓöÇΓöÇΓöÇΓöÇΓöÇΓöÇ  
   FΓÇª  PDOException   
  SQLSTATE[08006] [7] connection to server at "127.0.0.1", port 5432 failed: FATAL:  database "lis_db" does not exist

  at vendor\laravel\framework\src\Illuminate\Database\Connectors\Connector.php:67
     63Γûò     protected function createPdoConnection($dsn, $username, #[\SensitiveParameter] $password, $options)
     64Γûò     {
     65Γûò         return version_compare(phpversion(), '8.4.0', '<')
     66Γûò             ? new PDO($dsn, $username, $password, $options)
  Γ₧£  67Γûò             : PDO::connect($dsn, $username, $password, $options); /** @phpstan-ignore staticMethod.notFound (PHP 8.4) */
     68Γûò     }
     69Γûò 
     70Γûò     /**
     71Γûò      * Handle an exception that occurred during connect execution.

  1   vendor\laravel\framework\src\Illuminate\Database\Connectors\Connector.php:67
  2   vendor\laravel\framework\src\Illuminate\Database\Connectors\Connector.php:44

  ΓöÇΓöÇΓöÇΓöÇΓöÇΓöÇΓöÇΓöÇΓöÇΓöÇΓöÇΓöÇΓöÇΓöÇΓöÇΓöÇΓöÇΓöÇ  
   FΓÇª  PDOException   
  SQLSTATE[08006] [7] connection to server at "127.0.0.1", port 5432 failed: FATAL:  database "lis_db" does not exist

  at vendor\laravel\framework\src\Illuminate\Database\Connectors\Connector.php:67
     63Γûò     protected function createPdoConnection($dsn, $username, #[\SensitiveParameter] $password, $options)
     64Γûò     {
     65Γûò         return version_compare(phpversion(), '8.4.0', '<')
     66Γûò             ? new PDO($dsn, $username, $password, $options)
  Γ₧£  67Γûò             : PDO::connect($dsn, $username, $password, $options); /** @phpstan-ignore staticMethod.notFound (PHP 8.4) */
     68Γûò     }
     69Γûò 
     70Γûò     /**
     71Γûò      * Handle an exception that occurred during connect execution.

  1   vendor\laravel\framework\src\Illuminate\Database\Connectors\Connector.php:67
  2   vendor\laravel\framework\src\Illuminate\Database\Connectors\Connector.php:44

  ΓöÇΓöÇΓöÇΓöÇΓöÇΓöÇΓöÇΓöÇΓöÇΓöÇΓöÇΓöÇΓöÇΓöÇΓöÇΓöÇΓöÇΓöÇ  
   FΓÇª  PDOException   
  SQLSTATE[08006] [7] connection to server at "127.0.0.1", port 5432 failed: FATAL:  database "lis_db" does not exist

  at vendor\laravel\framework\src\Illuminate\Database\Connectors\Connector.php:67
     63Γûò     protected function createPdoConnection($dsn, $username, #[\SensitiveParameter] $password, $options)
     64Γûò     {
     65Γûò         return version_compare(phpversion(), '8.4.0', '<')
     66Γûò             ? new PDO($dsn, $username, $password, $options)
  Γ₧£  67Γûò             : PDO::connect($dsn, $username, $password, $options); /** @phpstan-ignore staticMethod.notFound (PHP 8.4) */
     68Γûò     }
     69Γûò 
     70Γûò     /**
     71Γûò      * Handle an exception that occurred during connect execution.

  1   vendor\laravel\framework\src\Illuminate\Database\Connectors\Connector.php:67
  2   vendor\laravel\framework\src\Illuminate\Database\Connectors\Connector.php:44

  ΓöÇΓöÇΓöÇΓöÇΓöÇΓöÇΓöÇΓöÇΓöÇΓöÇΓöÇΓöÇΓöÇΓöÇΓöÇΓöÇΓöÇΓöÇ  
   FΓÇª  PDOException   
  SQLSTATE[08006] [7] connection to server at "127.0.0.1", port 5432 failed: FATAL:  database "lis_db" does not exist

  at vendor\laravel\framework\src\Illuminate\Database\Connectors\Connector.php:67
     63Γûò     protected function createPdoConnection($dsn, $username, #[\SensitiveParameter] $password, $options)
     64Γûò     {
     65Γûò         return version_compare(phpversion(), '8.4.0', '<')
     66Γûò             ? new PDO($dsn, $username, $password, $options)
  Γ₧£  67Γûò             : PDO::connect($dsn, $username, $password, $options); /** @phpstan-ignore staticMethod.notFound (PHP 8.4) */
     68Γûò     }
     69Γûò 
     70Γûò     /**
     71Γûò      * Handle an exception that occurred during connect execution.

  1   vendor\laravel\framework\src\Illuminate\Database\Connectors\Connector.php:67
  2   vendor\laravel\framework\src\Illuminate\Database\Connectors\Connector.php:44

  ΓöÇΓöÇΓöÇΓöÇΓöÇΓöÇΓöÇΓöÇΓöÇΓöÇΓöÇΓöÇΓöÇΓöÇΓöÇΓöÇΓöÇΓöÇ  
   FΓÇª  PDOException   
  SQLSTATE[08006] [7] connection to server at "127.0.0.1", port 5432 failed: FATAL:  database "lis_db" does not exist

  at vendor\laravel\framework\src\Illuminate\Database\Connectors\Connector.php:67
     63Γûò     protected function createPdoConnection($dsn, $username, #[\SensitiveParameter] $password, $options)
     64Γûò     {
     65Γûò         return version_compare(phpversion(), '8.4.0', '<')
     66Γûò             ? new PDO($dsn, $username, $password, $options)
  Γ₧£  67Γûò             : PDO::connect($dsn, $username, $password, $options); /** @phpstan-ignore staticMethod.notFound (PHP 8.4) */
     68Γûò     }
     69Γûò 
     70Γûò     /**
     71Γûò      * Handle an exception that occurred during connect execution.

  1   vendor\laravel\framework\src\Illuminate\Database\Connectors\Connector.php:67
  2   vendor\laravel\framework\src\Illuminate\Database\Connectors\Connector.php:44

  ΓöÇΓöÇΓöÇΓöÇΓöÇΓöÇΓöÇΓöÇΓöÇΓöÇΓöÇΓöÇΓöÇΓöÇΓöÇΓöÇΓöÇΓöÇ  
  ΓÇª  QueryException   
  SQLSTATE[08006] [7] connection to server at "127.0.0.1", port 5432 failed: FATAL:  database "lis_db" does not exist (Connection: pgsql, SQL: select * from "users" limit 1)

  at vendor\laravel\framework\src\Illuminate\Database\Connectors\Connector.php:67
     63Γûò     protected function createPdoConnection($dsn, $username, #[\SensitiveParameter] $password, $options)
     64Γûò     {
     65Γûò         return version_compare(phpversion(), '8.4.0', '<')
     66Γûò             ? new PDO($dsn, $username, $password, $options)
  Γ₧£  67Γûò             : PDO::connect($dsn, $username, $password, $options); /** @phpstan-ignore staticMethod.notFound (PHP 8.4) */
     68Γûò     }
     69Γûò 
     70Γûò     /**
     71Γûò      * Handle an exception that occurred during connect execution.

  1   vendor\laravel\framework\src\Illuminate\Database\Connectors\Connector.php:67
  2   vendor\laravel\framework\src\Illuminate\Database\Connectors\Connector.php:44

  ΓöÇΓöÇΓöÇΓöÇΓöÇΓöÇΓöÇΓöÇΓöÇΓöÇΓöÇΓöÇΓöÇΓöÇΓöÇΓöÇΓöÇΓöÇ  
   FAILED  Tests\FΓÇª   
  Expected response status code [401] but received 500.
Failed asserting that 500 is identical to 401.

The following exception occurred during the last request:

PDOException: SQLSTATE[08006] [7] connection to server at "127.0.0.1", port 5432 failed: FATAL:  database "lis_db" does not exist in C:\Users\Farma\pusdokkes-subunit\vendor\laravel\framework\src\Illuminate\Database\Connectors\Connector.php:67
Stack trace:
#0 C:\Users\Farma\pusdokkes-subunit\vendor\laravel\framework\src\Illuminate\Database\Connectors\Connector.php(67): PDO::connect('pgsql:host=127....', 'postgres', Object(SensitiveParameterValue), Array)
#1 C:\Users\Farma\pusdokkes-subunit\vendor\laravel\framework\src\Illuminate\Database\Connectors\Connector.php(44): Illuminate\Database\Connectors\Connector->createPdoConnection('pgsql:host=127....', 'postgres', Object(SensitiveParameterValue), Array)
#2 C:\Users\Farma\pusdokkes-subunit\vendor\laravel\framework\src\Illuminate\Database\Connectors\PostgresConnector.php(35): Illuminate\Database\Connectors\Connector->createConnection('pgsql:host=127....', Array, Array)
#3 C:\Users\Farma\pusdokkes-subunit\vendor\laravel\framework\src\Illuminate\Database\Connectors\ConnectionFactory.php(184): Illuminate\Database\Connectors\PostgresConnector->connect(Array)
#4 [internal function]: Illuminate\Database\Connectors\ConnectionFactory->{closure:Illuminate\Database\Connectors\ConnectionFactory::createPdoResolverWithHosts():179}()
#5 C:\Users\Farma\pusdokkes-subunit\vendor\laravel\framework\src\Illuminate\Database\Connection.php(1230): call_user_func(Object(Closure))
#6 C:\Users\Farma\pusdokkes-subunit\vendor\laravel\framework\src\Illuminate\Database\Connection.php(1266): Illuminate\Database\Connection->getPdo()
#7 C:\Users\Farma\pusdokkes-subunit\vendor\laravel\framework\src\Illuminate\Database\Connection.php(511): Illuminate\Database\Connection->getReadPdo()
#8 C:\Users\Farma\pusdokkes-subunit\vendor\laravel\framework\src\Illuminate\Database\Connection.php(406): Illuminate\Database\Connection->getPdoForSelect(true)
#9 C:\Users\Farma\pusdokkes-subunit\vendor\laravel\framework\src\Illuminate\Database\Connection.php(811): Illuminate\Database\Connection->{closure:Illuminate\Database\Connection::select():397}('select exists (...', Array)
#10 C:\Users\Farma\pusdokkes-subunit\vendor\laravel\framework\src\Illuminate\Database\Connection.php(778): Illuminate\Database\Connection->runQueryCallback('select exists (...', Array, Object(Closure))
#11 C:\Users\Farma\pusdokkes-subunit\vendor\laravel\framework\src\Illuminate\Database\Connection.php(397): Illuminate\Database\Connection->run('select exists (...', Array, Object(Closure))
#12 C:\Users\Farma\pusdokkes-subunit\vendor\laravel\framework\src\Illuminate\Database\Connection.php(343): Illuminate\Database\Connection->select('select exists (...', Array, true)
#13 C:\Users\Farma\pusdokkes-subunit\vendor\laravel\framework\src\Illuminate\Database\Connection.php(360): Illuminate\Database\Connection->selectOne('select exists (...', Array, true)
#14 C:\Users\Farma\pusdokkes-subunit\vendor\laravel\framework\src\Illuminate\Database\Schema\Builder.php(174): Illuminate\Database\Connection->scalar('select exists (...')
#15 C:\Users\Farma\pusdokkes-subunit\vendor\laravel\framework\src\Illuminate\Support\Facades\Facade.php(363): Illuminate\Database\Schema\Builder->hasTable('settings')
#16 C:\Users\Farma\pusdokkes-subunit\app\helpers.php(23): Illuminate\Support\Facades\Facade::__callStatic('hasTable', Array)
#17 C:\Users\Farma\pusdokkes-subunit\vendor\laravel\framework\src\Illuminate\Cache\Repository.php(431): {closure:settings():22}()
#18 C:\Users\Farma\pusdokkes-subunit\vendor\laravel\framework\src\Illuminate\Cache\CacheManager.php(509): Illuminate\Cache\Repository->remember('sys_settings_al...', 60, Object(Closure))
#19 C:\Users\Farma\pusdokkes-subunit\app\helpers.php(22): Illuminate\Cache\CacheManager->__call('remember', Array)
#20 C:\Users\Farma\pusdokkes-subunit\app\Http\Middleware\ApplyLocaleFromSettings.php(17): settings('locale.timezone', 'UTC')
#21 C:\Users\Farma\pusdokkes-subunit\vendor\laravel\framework\src\Illuminate\Pipeline\Pipeline.php(219): App\Http\Middleware\ApplyLocaleFromSettings->handle(Object(Illuminate\Http\Request), Object(Closure))
#22 C:\Users\Farma\pusdokkes-subunit\vendor\laravel\framework\src\Illuminate\Foundation\Http\Middleware\TransformsRequest.php(21): Illuminate\Pipeline\Pipeline->{closure:{closure:Illuminate\Pipeline\Pipeline::carry():194}:195}(Object(Illuminate\Http\Request))
#23 C:\Users\Farma\pusdokkes-subunit\vendor\laravel\framework\src\Illuminate\Foundation\Http\Middleware\ConvertEmptyStringsToNull.php(31): Illuminate\Foundation\Http\Middleware\TransformsRequest->handle(Object(Illuminate\Http\Request), Object(Closure))
#24 C:\Users\Farma\pusdokkes-subunit\vendor\laravel\framework\src\Illuminate\Pipeline\Pipeline.php(219): Illuminate\Foundation\Http\Middleware\ConvertEmptyStringsToNull->handle(Object(Illuminate\Http\Request), Object(Closure))
#25 C:\Users\Farma\pusdokkes-subunit\vendor\laravel\framework\src\Illuminate\Foundation\Http\Middleware\TransformsRequest.php(21): Illuminate\Pipeline\Pipeline->{closure:{closure:Illuminate\Pipeline\Pipeline::carry():194}:195}(Object(Illuminate\Http\Request))
#26 C:\Users\Farma\pusdokkes-subunit\vendor\laravel\framework\src\Illuminate\Foundation\Http\Middleware\TrimStrings.php(51): Illuminate\Foundation\Http\Middleware\TransformsRequest->handle(Object(Illuminate\Http\Request), Object(Closure))
#27 C:\Users\Farma\pusdokkes-subunit\vendor\laravel\framework\src\Illuminate\Pipeline\Pipeline.php(219): Illuminate\Foundation\Http\Middleware\TrimStrings->handle(Object(Illuminate\Http\Request), Object(Closure))
#28 C:\Users\Farma\pusdokkes-subunit\vendor\laravel\framework\src\Illuminate\Http\Middleware\ValidatePostSize.php(27): Illuminate\Pipeline\Pipeline->{closure:{closure:Illuminate\Pipeline\Pipeline::carry():194}:195}(Object(Illuminate\Http\Request))
#29 C:\Users\Farma\pusdokkes-subunit\vendor\laravel\framework\src\Illuminate\Pipeline\Pipeline.php(219): Illuminate\Http\Middleware\ValidatePostSize->handle(Object(Illuminate\Http\Request), Object(Closure))
#30 C:\Users\Farma\pusdokkes-subunit\vendor\laravel\framework\src\Illuminate\Foundation\Http\Middleware\PreventRequestsDuringMaintenance.php(109): Illuminate\Pipeline\Pipeline->{closure:{closure:Illuminate\Pipeline\Pipeline::carry():194}:195}(Object(Illuminate\Http\Request))
#31 C:\Users\Farma\pusdokkes-subunit\vendor\laravel\framework\src\Illuminate\Pipeline\Pipeline.php(219): Illuminate\Foundation\Http\Middleware\PreventRequestsDuringMaintenance->handle(Object(Illuminate\Http\Request), Object(Closure))
#32 C:\Users\Farma\pusdokkes-subunit\vendor\laravel\framework\src\Illuminate\Http\Middleware\HandleCors.php(48): Illuminate\Pipeline\Pipeline->{closure:{closure:Illuminate\Pipeline\Pipeline::carry():194}:195}(Object(Illuminate\Http\Request))
#33 C:\Users\Farma\pusdokkes-subunit\vendor\laravel\framework\src\Illuminate\Pipeline\Pipeline.php(219): Illuminate\Http\Middleware\HandleCors->handle(Object(Illuminate\Http\Request), Object(Closure))
#34 C:\Users\Farma\pusdokkes-subunit\vendor\laravel\framework\src\Illuminate\Http\Middleware\TrustProxies.php(58): Illuminate\Pipeline\Pipeline->{closure:{closure:Illuminate\Pipeline\Pipeline::carry():194}:195}(Object(Illuminate\Http\Request))
#35 C:\Users\Farma\pusdokkes-subunit\vendor\laravel\framework\src\Illuminate\Pipeline\Pipeline.php(219): Illuminate\Http\Middleware\TrustProxies->handle(Object(Illuminate\Http\Request), Object(Closure))
#36 C:\Users\Farma\pusdokkes-subunit\vendor\laravel\framework\src\Illuminate\Foundation\Http\Middleware\InvokeDeferredCallbacks.php(22): Illuminate\Pipeline\Pipeline->{closure:{closure:Illuminate\Pipeline\Pipeline::carry():194}:195}(Object(Illuminate\Http\Request))
#37 C:\Users\Farma\pusdokkes-subunit\vendor\laravel\framework\src\Illuminate\Pipeline\Pipeline.php(219): Illuminate\Foundation\Http\Middleware\InvokeDeferredCallbacks->handle(Object(Illuminate\Http\Request), Object(Closure))
#38 C:\Users\Farma\pusdokkes-subunit\vendor\laravel\framework\src\Illuminate\Http\Middleware\ValidatePathEncoding.php(26): Illuminate\Pipeline\Pipeline->{closure:{closure:Illuminate\Pipeline\Pipeline::carry():194}:195}(Object(Illuminate\Http\Request))
#39 C:\Users\Farma\pusdokkes-subunit\vendor\laravel\framework\src\Illuminate\Pipeline\Pipeline.php(219): Illuminate\Http\Middleware\ValidatePathEncoding->handle(Object(Illuminate\Http\Request), Object(Closure))
#40 C:\Users\Farma\pusdokkes-subunit\vendor\laravel\framework\src\Illuminate\Pipeline\Pipeline.php(137): Illuminate\Pipeline\Pipeline->{closure:{closure:Illuminate\Pipeline\Pipeline::carry():194}:195}(Object(Illuminate\Http\Request))
#41 C:\Users\Farma\pusdokkes-subunit\vendor\laravel\framework\src\Illuminate\Foundation\Http\Kernel.php(175): Illuminate\Pipeline\Pipeline->then(Object(Closure))
#42 C:\Users\Farma\pusdokkes-subunit\vendor\laravel\framework\src\Illuminate\Foundation\Http\Kernel.php(144): Illuminate\Foundation\Http\Kernel->sendRequestThroughRouter(Object(Illuminate\Http\Request))
#43 C:\Users\Farma\pusdokkes-subunit\vendor\laravel\framework\src\Illuminate\Foundation\Testing\Concerns\MakesHttpRequests.php(607): Illuminate\Foundation\Http\Kernel->handle(Object(Illuminate\Http\Request))
#44 C:\Users\Farma\pusdokkes-subunit\vendor\laravel\framework\src\Illuminate\Foundation\Testing\Concerns\MakesHttpRequests.php(573): Illuminate\Foundation\Testing\TestCase->call('GET', '/search/data?q=...', Array, Array, Array, Array, '[]')
#45 C:\Users\Farma\pusdokkes-subunit\vendor\laravel\framework\src\Illuminate\Foundation\Testing\Concerns\MakesHttpRequests.php(381): Illuminate\Foundation\Testing\TestCase->json('GET', '/search/data?q=...', Array, Array, 0)
#46 C:\Users\Farma\pusdokkes-subunit\tests\Feature\SearchEndpointTest.php(60): Illuminate\Foundation\Testing\TestCase->getJson('/search/data?q=...')
#47 C:\Users\Farma\pusdokkes-subunit\vendor\phpunit\phpunit\src\Framework\TestCase.php(1656): Tests\Feature\SearchEndpointTest->test_search_endpoint_returns_401_for_unauthenticated_user()
#48 C:\Users\Farma\pusdokkes-subunit\vendor\phpunit\phpunit\src\Framework\TestCase.php(514): PHPUnit\Framework\TestCase->runTest()
#49 C:\Users\Farma\pusdokkes-subunit\vendor\phpunit\phpunit\src\Framework\TestRunner\TestRunner.php(87): PHPUnit\Framework\TestCase->runBare()
#50 C:\Users\Farma\pusdokkes-subunit\vendor\phpunit\phpunit\src\Framework\TestCase.php(361): PHPUnit\Framework\TestRunner->run(Object(Tests\Feature\SearchEndpointTest))
#51 C:\Users\Farma\pusdokkes-subunit\vendor\phpunit\phpunit\src\Framework\TestSuite.php(369): PHPUnit\Framework\TestCase->run()
#52 C:\Users\Farma\pusdokkes-subunit\vendor\phpunit\phpunit\src\Framework\TestSuite.php(369): PHPUnit\Framework\TestSuite->run()
#53 C:\Users\Farma\pusdokkes-subunit\vendor\phpunit\phpunit\src\Framework\TestSuite.php(369): PHPUnit\Framework\TestSuite->run()
#54 C:\Users\Farma\pusdokkes-subunit\vendor\phpunit\phpunit\src\TextUI\TestRunner.php(64): PHPUnit\Framework\TestSuite->run()
#55 C:\Users\Farma\pusdokkes-subunit\vendor\phpunit\phpunit\src\TextUI\Application.php(211): PHPUnit\TextUI\TestRunner->run(Object(PHPUnit\TextUI\Configuration\Configuration), Object(PHPUnit\Runner\ResultCache\DefaultResultCache), Object(PHPUnit\Framework\TestSuite))
#56 C:\Users\Farma\pusdokkes-subunit\vendor\pestphp\pest\src\Kernel.php(103): PHPUnit\TextUI\Application->run(Array)
#57 C:\Users\Farma\pusdokkes-subunit\vendor\pestphp\pest\bin\pest(184): Pest\Kernel->handle(Array, Array)
#58 C:\Users\Farma\pusdokkes-subunit\vendor\pestphp\pest\bin\pest(192): {closure:C:\Users\Farma\pusdokkes-subunit\vendor\pestphp\pest\bin\pest:18}()
#59 {main}

Next Illuminate\Database\QueryException: SQLSTATE[08006] [7] connection to server at "127.0.0.1", port 5432 failed: FATAL:  database "lis_db" does not exist (Connection: pgsql, SQL: select exists (select 1 from pg_class c, pg_namespace n where n.nspname = current_schema() and c.relname = 'settings' and c.relkind in ('r', 'p') and n.oid = c.relnamespace)) in C:\Users\Farma\pusdokkes-subunit\vendor\laravel\framework\src\Illuminate\Database\Connection.php:824
Stack trace:
#0 C:\Users\Farma\pusdokkes-subunit\vendor\laravel\framework\src\Illuminate\Database\Connection.php(778): Illuminate\Database\Connection->runQueryCallback('select exists (...', Array, Object(Closure))
#1 C:\Users\Farma\pusdokkes-subunit\vendor\laravel\framework\src\Illuminate\Database\Connection.php(397): Illuminate\Database\Connection->run('select exists (...', Array, Object(Closure))
#2 C:\Users\Farma\pusdokkes-subunit\vendor\laravel\framework\src\Illuminate\Database\Connection.php(343): Illuminate\Database\Connection->select('select exists (...', Array, true)
#3 C:\Users\Farma\pusdokkes-subunit\vendor\laravel\framework\src\Illuminate\Database\Connection.php(360): Illuminate\Database\Connection->selectOne('select exists (...', Array, true)
#4 C:\Users\Farma\pusdokkes-subunit\vendor\laravel\framework\src\Illuminate\Database\Schema\Builder.php(174): Illuminate\Database\Connection->scalar('select exists (...')
#5 C:\Users\Farma\pusdokkes-subunit\vendor\laravel\framework\src\Illuminate\Support\Facades\Facade.php(363): Illuminate\Database\Schema\Builder->hasTable('settings')
#6 C:\Users\Farma\pusdokkes-subunit\app\helpers.php(23): Illuminate\Support\Facades\Facade::__callStatic('hasTable', Array)
#7 C:\Users\Farma\pusdokkes-subunit\vendor\laravel\framework\src\Illuminate\Cache\Repository.php(431): {closure:settings():22}()
#8 C:\Users\Farma\pusdokkes-subunit\vendor\laravel\framework\src\Illuminate\Cache\CacheManager.php(509): Illuminate\Cache\Repository->remember('sys_settings_al...', 60, Object(Closure))
#9 C:\Users\Farma\pusdokkes-subunit\app\helpers.php(22): Illuminate\Cache\CacheManager->__call('remember', Array)
#10 C:\Users\Farma\pusdokkes-subunit\app\Http\Middleware\ApplyLocaleFromSettings.php(17): settings('locale.timezone', 'UTC')
#11 C:\Users\Farma\pusdokkes-subunit\vendor\laravel\framework\src\Illuminate\Pipeline\Pipeline.php(219): App\Http\Middleware\ApplyLocaleFromSettings->handle(Object(Illuminate\Http\Request), Object(Closure))
#12 C:\Users\Farma\pusdokkes-subunit\vendor\laravel\framework\src\Illuminate\Foundation\Http\Middleware\TransformsRequest.php(21): Illuminate\Pipeline\Pipeline->{closure:{closure:Illuminate\Pipeline\Pipeline::carry():194}:195}(Object(Illuminate\Http\Request))
#13 C:\Users\Farma\pusdokkes-subunit\vendor\laravel\framework\src\Illuminate\Foundation\Http\Middleware\ConvertEmptyStringsToNull.php(31): Illuminate\Foundation\Http\Middleware\TransformsRequest->handle(Object(Illuminate\Http\Request), Object(Closure))
#14 C:\Users\Farma\pusdokkes-subunit\vendor\laravel\framework\src\Illuminate\Pipeline\Pipeline.php(219): Illuminate\Foundation\Http\Middleware\ConvertEmptyStringsToNull->handle(Object(Illuminate\Http\Request), Object(Closure))
#15 C:\Users\Farma\pusdokkes-subunit\vendor\laravel\framework\src\Illuminate\Foundation\Http\Middleware\TransformsRequest.php(21): Illuminate\Pipeline\Pipeline->{closure:{closure:Illuminate\Pipeline\Pipeline::carry():194}:195}(Object(Illuminate\Http\Request))
#16 C:\Users\Farma\pusdokkes-subunit\vendor\laravel\framework\src\Illuminate\Foundation\Http\Middleware\TrimStrings.php(51): Illuminate\Foundation\Http\Middleware\TransformsRequest->handle(Object(Illuminate\Http\Request), Object(Closure))
#17 C:\Users\Farma\pusdokkes-subunit\vendor\laravel\framework\src\Illuminate\Pipeline\Pipeline.php(219): Illuminate\Foundation\Http\Middleware\TrimStrings->handle(Object(Illuminate\Http\Request), Object(Closure))
#18 C:\Users\Farma\pusdokkes-subunit\vendor\laravel\framework\src\Illuminate\Http\Middleware\ValidatePostSize.php(27): Illuminate\Pipeline\Pipeline->{closure:{closure:Illuminate\Pipeline\Pipeline::carry():194}:195}(Object(Illuminate\Http\Request))
#19 C:\Users\Farma\pusdokkes-subunit\vendor\laravel\framework\src\Illuminate\Pipeline\Pipeline.php(219): Illuminate\Http\Middleware\ValidatePostSize->handle(Object(Illuminate\Http\Request), Object(Closure))
#20 C:\Users\Farma\pusdokkes-subunit\vendor\laravel\framework\src\Illuminate\Foundation\Http\Middleware\PreventRequestsDuringMaintenance.php(109): Illuminate\Pipeline\Pipeline->{closure:{closure:Illuminate\Pipeline\Pipeline::carry():194}:195}(Object(Illuminate\Http\Request))
#21 C:\Users\Farma\pusdokkes-subunit\vendor\laravel\framework\src\Illuminate\Pipeline\Pipeline.php(219): Illuminate\Foundation\Http\Middleware\PreventRequestsDuringMaintenance->handle(Object(Illuminate\Http\Request), Object(Closure))
#22 C:\Users\Farma\pusdokkes-subunit\vendor\laravel\framework\src\Illuminate\Http\Middleware\HandleCors.php(48): Illuminate\Pipeline\Pipeline->{closure:{closure:Illuminate\Pipeline\Pipeline::carry():194}:195}(Object(Illuminate\Http\Request))
#23 C:\Users\Farma\pusdokkes-subunit\vendor\laravel\framework\src\Illuminate\Pipeline\Pipeline.php(219): Illuminate\Http\Middleware\HandleCors->handle(Object(Illuminate\Http\Request), Object(Closure))
#24 C:\Users\Farma\pusdokkes-subunit\vendor\laravel\framework\src\Illuminate\Http\Middleware\TrustProxies.php(58): Illuminate\Pipeline\Pipeline->{closure:{closure:Illuminate\Pipeline\Pipeline::carry():194}:195}(Object(Illuminate\Http\Request))
#25 C:\Users\Farma\pusdokkes-subunit\vendor\laravel\framework\src\Illuminate\Pipeline\Pipeline.php(219): Illuminate\Http\Middleware\TrustProxies->handle(Object(Illuminate\Http\Request), Object(Closure))
#26 C:\Users\Farma\pusdokkes-subunit\vendor\laravel\framework\src\Illuminate\Foundation\Http\Middleware\InvokeDeferredCallbacks.php(22): Illuminate\Pipeline\Pipeline->{closure:{closure:Illuminate\Pipeline\Pipeline::carry():194}:195}(Object(Illuminate\Http\Request))
#27 C:\Users\Farma\pusdokkes-subunit\vendor\laravel\framework\src\Illuminate\Pipeline\Pipeline.php(219): Illuminate\Foundation\Http\Middleware\InvokeDeferredCallbacks->handle(Object(Illuminate\Http\Request), Object(Closure))
#28 C:\Users\Farma\pusdokkes-subunit\vendor\laravel\framework\src\Illuminate\Http\Middleware\ValidatePathEncoding.php(26): Illuminate\Pipeline\Pipeline->{closure:{closure:Illuminate\Pipeline\Pipeline::carry():194}:195}(Object(Illuminate\Http\Request))
#29 C:\Users\Farma\pusdokkes-subunit\vendor\laravel\framework\src\Illuminate\Pipeline\Pipeline.php(219): Illuminate\Http\Middleware\ValidatePathEncoding->handle(Object(Illuminate\Http\Request), Object(Closure))
#30 C:\Users\Farma\pusdokkes-subunit\vendor\laravel\framework\src\Illuminate\Pipeline\Pipeline.php(137): Illuminate\Pipeline\Pipeline->{closure:{closure:Illuminate\Pipeline\Pipeline::carry():194}:195}(Object(Illuminate\Http\Request))
#31 C:\Users\Farma\pusdokkes-subunit\vendor\laravel\framework\src\Illuminate\Foundation\Http\Kernel.php(175): Illuminate\Pipeline\Pipeline->then(Object(Closure))
#32 C:\Users\Farma\pusdokkes-subunit\vendor\laravel\framework\src\Illuminate\Foundation\Http\Kernel.php(144): Illuminate\Foundation\Http\Kernel->sendRequestThroughRouter(Object(Illuminate\Http\Request))
#33 C:\Users\Farma\pusdokkes-subunit\vendor\laravel\framework\src\Illuminate\Foundation\Testing\Concerns\MakesHttpRequests.php(607): Illuminate\Foundation\Http\Kernel->handle(Object(Illuminate\Http\Request))
#34 C:\Users\Farma\pusdokkes-subunit\vendor\laravel\framework\src\Illuminate\Foundation\Testing\Concerns\MakesHttpRequests.php(573): Illuminate\Foundation\Testing\TestCase->call('GET', '/search/data?q=...', Array, Array, Array, Array, '[]')
#35 C:\Users\Farma\pusdokkes-subunit\vendor\laravel\framework\src\Illuminate\Foundation\Testing\Concerns\MakesHttpRequests.php(381): Illuminate\Foundation\Testing\TestCase->json('GET', '/search/data?q=...', Array, Array, 0)
#36 C:\Users\Farma\pusdokkes-subunit\tests\Feature\SearchEndpointTest.php(60): Illuminate\Foundation\Testing\TestCase->getJson('/search/data?q=...')
#37 C:\Users\Farma\pusdokkes-subunit\vendor\phpunit\phpunit\src\Framework\TestCase.php(1656): Tests\Feature\SearchEndpointTest->test_search_endpoint_returns_401_for_unauthenticated_user()
#38 C:\Users\Farma\pusdokkes-subunit\vendor\phpunit\phpunit\src\Framework\TestCase.php(514): PHPUnit\Framework\TestCase->runTest()
#39 C:\Users\Farma\pusdokkes-subunit\vendor\phpunit\phpunit\src\Framework\TestRunner\TestRunner.php(87): PHPUnit\Framework\TestCase->runBare()
#40 C:\Users\Farma\pusdokkes-subunit\vendor\phpunit\phpunit\src\Framework\TestCase.php(361): PHPUnit\Framework\TestRunner->run(Object(Tests\Feature\SearchEndpointTest))
#41 C:\Users\Farma\pusdokkes-subunit\vendor\phpunit\phpunit\src\Framework\TestSuite.php(369): PHPUnit\Framework\TestCase->run()
#42 C:\Users\Farma\pusdokkes-subunit\vendor\phpunit\phpunit\src\Framework\TestSuite.php(369): PHPUnit\Framework\TestSuite->run()
#43 C:\Users\Farma\pusdokkes-subunit\vendor\phpunit\phpunit\src\Framework\TestSuite.php(369): PHPUnit\Framework\TestSuite->run()
#44 C:\Users\Farma\pusdokkes-subunit\vendor\phpunit\phpunit\src\TextUI\TestRunner.php(64): PHPUnit\Framework\TestSuite->run()
#45 C:\Users\Farma\pusdokkes-subunit\vendor\phpunit\phpunit\src\TextUI\Application.php(211): PHPUnit\TextUI\TestRunner->run(Object(PHPUnit\TextUI\Configuration\Configuration), Object(PHPUnit\Runner\ResultCache\DefaultResultCache), Object(PHPUnit\Framework\TestSuite))
#46 C:\Users\Farma\pusdokkes-subunit\vendor\pestphp\pest\src\Kernel.php(103): PHPUnit\TextUI\Application->run(Array)
#47 C:\Users\Farma\pusdokkes-subunit\vendor\pestphp\pest\bin\pest(184): Pest\Kernel->handle(Array, Array)
#48 C:\Users\Farma\pusdokkes-subunit\vendor\pestphp\pest\bin\pest(192): {closure:C:\Users\Farma\pusdokkes-subunit\vendor\pestphp\pest\bin\pest:18}()
#49 {main}

----------------------------------------------------------------------------------

SQLSTATE[08006] [7] connection to server at "127.0.0.1", port 5432 failed: FATAL:  database "lis_db" does not exist (Connection: pgsql, SQL: select exists (select 1 from pg_class c, pg_namespace n where n.nspname = current_schema() and c.relname = 'settings' and c.relkind in ('r', 'p') and n.oid = c.relnamespace))

  at tests\Feature\SearchEndpointTest.php:61
     57Γûò      */
     58Γûò     public function test_search_endpoint_returns_401_for_unauthenticated_user(): void
     59Γûò     {
     60Γûò         $response = $this->getJson('/search/data?q=test&doc_type=all');
  Γ₧£  61Γûò         $response->assertStatus(401);
     62Γûò 
     63Γûò         echo "Γ£ô 401 assertion passed\n";
     64Γûò     }
     65Γûò }

  ΓöÇΓöÇΓöÇΓöÇΓöÇΓöÇΓöÇΓöÇΓöÇΓöÇΓöÇΓöÇΓöÇΓöÇΓöÇΓöÇΓöÇΓöÇ  
   FΓÇª  PDOException   
  SQLSTATE[08006] [7] connection to server at "127.0.0.1", port 5432 failed: FATAL:  database "lis_db" does not exist

  at vendor\laravel\framework\src\Illuminate\Database\Connectors\Connector.php:67
     63Γûò     protected function createPdoConnection($dsn, $username, #[\SensitiveParameter] $password, $options)
     64Γûò     {
     65Γûò         return version_compare(phpversion(), '8.4.0', '<')
     66Γûò             ? new PDO($dsn, $username, $password, $options)
  Γ₧£  67Γûò             : PDO::connect($dsn, $username, $password, $options); /** @phpstan-ignore staticMethod.notFound (PHP 8.4) */
     68Γûò     }
     69Γûò 
     70Γûò     /**
     71Γûò      * Handle an exception that occurred during connect execution.

  1   vendor\laravel\framework\src\Illuminate\Database\Connectors\Connector.php:67
  2   vendor\laravel\framework\src\Illuminate\Database\Connectors\Connector.php:44

  ΓöÇΓöÇΓöÇΓöÇΓöÇΓöÇΓöÇΓöÇΓöÇΓöÇΓöÇΓöÇΓöÇΓöÇΓöÇΓöÇΓöÇΓöÇ  
   FΓÇª  PDOException   
  SQLSTATE[08006] [7] connection to server at "127.0.0.1", port 5432 failed: FATAL:  database "lis_db" does not exist

  at vendor\laravel\framework\src\Illuminate\Database\Connectors\Connector.php:67
     63Γûò     protected function createPdoConnection($dsn, $username, #[\SensitiveParameter] $password, $options)
     64Γûò     {
     65Γûò         return version_compare(phpversion(), '8.4.0', '<')
     66Γûò             ? new PDO($dsn, $username, $password, $options)
  Γ₧£  67Γûò             : PDO::connect($dsn, $username, $password, $options); /** @phpstan-ignore staticMethod.notFound (PHP 8.4) */
     68Γûò     }
     69Γûò 
     70Γûò     /**
     71Γûò      * Handle an exception that occurred during connect execution.

  1   vendor\laravel\framework\src\Illuminate\Database\Connectors\Connector.php:67
  2   vendor\laravel\framework\src\Illuminate\Database\Connectors\Connector.php:44

  ΓöÇΓöÇΓöÇΓöÇΓöÇΓöÇΓöÇΓöÇΓöÇΓöÇΓöÇΓöÇΓöÇΓöÇΓöÇΓöÇΓöÇΓöÇ  
   FΓÇª  PDOException   
  SQLSTATE[08006] [7] connection to server at "127.0.0.1", port 5432 failed: FATAL:  database "lis_db" does not exist

  at vendor\laravel\framework\src\Illuminate\Database\Connectors\Connector.php:67
     63Γûò     protected function createPdoConnection($dsn, $username, #[\SensitiveParameter] $password, $options)
     64Γûò     {
     65Γûò         return version_compare(phpversion(), '8.4.0', '<')
     66Γûò             ? new PDO($dsn, $username, $password, $options)
  Γ₧£  67Γûò             : PDO::connect($dsn, $username, $password, $options); /** @phpstan-ignore staticMethod.notFound (PHP 8.4) */
     68Γûò     }
     69Γûò 
     70Γûò     /**
     71Γûò      * Handle an exception that occurred during connect execution.

  1   vendor\laravel\framework\src\Illuminate\Database\Connectors\Connector.php:67
  2   vendor\laravel\framework\src\Illuminate\Database\Connectors\Connector.php:44

  ΓöÇΓöÇΓöÇΓöÇΓöÇΓöÇΓöÇΓöÇΓöÇΓöÇΓöÇΓöÇΓöÇΓöÇΓöÇΓöÇΓöÇΓöÇ  
   FΓÇª  PDOException   
  SQLSTATE[08006] [7] connection to server at "127.0.0.1", port 5432 failed: FATAL:  database "lis_db" does not exist

  at vendor\laravel\framework\src\Illuminate\Database\Connectors\Connector.php:67
     63Γûò     protected function createPdoConnection($dsn, $username, #[\SensitiveParameter] $password, $options)
     64Γûò     {
     65Γûò         return version_compare(phpversion(), '8.4.0', '<')
     66Γûò             ? new PDO($dsn, $username, $password, $options)
  Γ₧£  67Γûò             : PDO::connect($dsn, $username, $password, $options); /** @phpstan-ignore staticMethod.notFound (PHP 8.4) */
     68Γûò     }
     69Γûò 
     70Γûò     /**
     71Γûò      * Handle an exception that occurred during connect execution.

  1   vendor\laravel\framework\src\Illuminate\Database\Connectors\Connector.php:67
  2   vendor\laravel\framework\src\Illuminate\Database\Connectors\Connector.php:44

  ΓöÇΓöÇΓöÇΓöÇΓöÇΓöÇΓöÇΓöÇΓöÇΓöÇΓöÇΓöÇΓöÇΓöÇΓöÇΓöÇΓöÇΓöÇ  
   FΓÇª  PDOException   
  SQLSTATE[08006] [7] connection to server at "127.0.0.1", port 5432 failed: FATAL:  database "lis_db" does not exist

  at vendor\laravel\framework\src\Illuminate\Database\Connectors\Connector.php:67
     63Γûò     protected function createPdoConnection($dsn, $username, #[\SensitiveParameter] $password, $options)
     64Γûò     {
     65Γûò         return version_compare(phpversion(), '8.4.0', '<')
     66Γûò             ? new PDO($dsn, $username, $password, $options)
  Γ₧£  67Γûò             : PDO::connect($dsn, $username, $password, $options); /** @phpstan-ignore staticMethod.notFound (PHP 8.4) */
     68Γûò     }
     69Γûò 
     70Γûò     /**
     71Γûò      * Handle an exception that occurred during connect execution.

  1   vendor\laravel\framework\src\Illuminate\Database\Connectors\Connector.php:67
  2   vendor\laravel\framework\src\Illuminate\Database\Connectors\Connector.php:44

  ΓöÇΓöÇΓöÇΓöÇΓöÇΓöÇΓöÇΓöÇΓöÇΓöÇΓöÇΓöÇΓöÇΓöÇΓöÇΓöÇΓöÇΓöÇ  
   FΓÇª  PDOException   
  SQLSTATE[08006] [7] connection to server at "127.0.0.1", port 5432 failed: FATAL:  database "lis_db" does not exist

  at vendor\laravel\framework\src\Illuminate\Database\Connectors\Connector.php:67
     63Γûò     protected function createPdoConnection($dsn, $username, #[\SensitiveParameter] $password, $options)
     64Γûò     {
     65Γûò         return version_compare(phpversion(), '8.4.0', '<')
     66Γûò             ? new PDO($dsn, $username, $password, $options)
  Γ₧£  67Γûò             : PDO::connect($dsn, $username, $password, $options); /** @phpstan-ignore staticMethod.notFound (PHP 8.4) */
     68Γûò     }
     69Γûò 
     70Γûò     /**
     71Γûò      * Handle an exception that occurred during connect execution.

  1   vendor\laravel\framework\src\Illuminate\Database\Connectors\Connector.php:67
  2   vendor\laravel\framework\src\Illuminate\Database\Connectors\Connector.php:44

  ΓöÇΓöÇΓöÇΓöÇΓöÇΓöÇΓöÇΓöÇΓöÇΓöÇΓöÇΓöÇΓöÇΓöÇΓöÇΓöÇΓöÇΓöÇ  
   FΓÇª  PDOException   
  SQLSTATE[08006] [7] connection to server at "127.0.0.1", port 5432 failed: FATAL:  database "lis_db" does not exist

  at vendor\laravel\framework\src\Illuminate\Database\Connectors\Connector.php:67
     63Γûò     protected function createPdoConnection($dsn, $username, #[\SensitiveParameter] $password, $options)
     64Γûò     {
     65Γûò         return version_compare(phpversion(), '8.4.0', '<')
     66Γûò             ? new PDO($dsn, $username, $password, $options)
  Γ₧£  67Γûò             : PDO::connect($dsn, $username, $password, $options); /** @phpstan-ignore staticMethod.notFound (PHP 8.4) */
     68Γûò     }
     69Γûò 
     70Γûò     /**
     71Γûò      * Handle an exception that occurred during connect execution.

  1   vendor\laravel\framework\src\Illuminate\Database\Connectors\Connector.php:67
  2   vendor\laravel\framework\src\Illuminate\Database\Connectors\Connector.php:44

  ΓöÇΓöÇΓöÇΓöÇΓöÇΓöÇΓöÇΓöÇΓöÇΓöÇΓöÇΓöÇΓöÇΓöÇΓöÇΓöÇΓöÇΓöÇ  
   FΓÇª  PDOException   
  SQLSTATE[08006] [7] connection to server at "127.0.0.1", port 5432 failed: FATAL:  database "lis_db" does not exist

  at vendor\laravel\framework\src\Illuminate\Database\Connectors\Connector.php:67
     63Γûò     protected function createPdoConnection($dsn, $username, #[\SensitiveParameter] $password, $options)
     64Γûò     {
     65Γûò         return version_compare(phpversion(), '8.4.0', '<')
     66Γûò             ? new PDO($dsn, $username, $password, $options)
  Γ₧£  67Γûò             : PDO::connect($dsn, $username, $password, $options); /** @phpstan-ignore staticMethod.notFound (PHP 8.4) */
     68Γûò     }
     69Γûò 
     70Γûò     /**
     71Γûò      * Handle an exception that occurred during connect execution.

  1   vendor\laravel\framework\src\Illuminate\Database\Connectors\Connector.php:67
  2   vendor\laravel\framework\src\Illuminate\Database\Connectors\Connector.php:44

  ΓöÇΓöÇΓöÇΓöÇΓöÇΓöÇΓöÇΓöÇΓöÇΓöÇΓöÇΓöÇΓöÇΓöÇΓöÇΓöÇΓöÇΓöÇ  
   FΓÇª  PDOException   
  SQLSTATE[08006] [7] connection to server at "127.0.0.1", port 5432 failed: FATAL:  database "lis_db" does not exist

  at vendor\laravel\framework\src\Illuminate\Database\Connectors\Connector.php:67
     63Γûò     protected function createPdoConnection($dsn, $username, #[\SensitiveParameter] $password, $options)
     64Γûò     {
     65Γûò         return version_compare(phpversion(), '8.4.0', '<')
     66Γûò             ? new PDO($dsn, $username, $password, $options)
  Γ₧£  67Γûò             : PDO::connect($dsn, $username, $password, $options); /** @phpstan-ignore staticMethod.notFound (PHP 8.4) */
     68Γûò     }
     69Γûò 
     70Γûò     /**
     71Γûò      * Handle an exception that occurred during connect execution.

  1   vendor\laravel\framework\src\Illuminate\Database\Connectors\Connector.php:67
  2   vendor\laravel\framework\src\Illuminate\Database\Connectors\Connector.php:44

  ΓöÇΓöÇΓöÇΓöÇΓöÇΓöÇΓöÇΓöÇΓöÇΓöÇΓöÇΓöÇΓöÇΓöÇΓöÇΓöÇΓöÇΓöÇ  
   FΓÇª  PDOException   
  SQLSTATE[08006] [7] connection to server at "127.0.0.1", port 5432 failed: FATAL:  database "lis_db" does not exist

  at vendor\laravel\framework\src\Illuminate\Database\Connectors\Connector.php:67
     63Γûò     protected function createPdoConnection($dsn, $username, #[\SensitiveParameter] $password, $options)
     64Γûò     {
     65Γûò         return version_compare(phpversion(), '8.4.0', '<')
     66Γûò             ? new PDO($dsn, $username, $password, $options)
  Γ₧£  67Γûò             : PDO::connect($dsn, $username, $password, $options); /** @phpstan-ignore staticMethod.notFound (PHP 8.4) */
     68Γûò     }
     69Γûò 
     70Γûò     /**
     71Γûò      * Handle an exception that occurred during connect execution.

  1   vendor\laravel\framework\src\Illuminate\Database\Connectors\Connector.php:67
  2   vendor\laravel\framework\src\Illuminate\Database\Connectors\Connector.php:44

  ΓöÇΓöÇΓöÇΓöÇΓöÇΓöÇΓöÇΓöÇΓöÇΓöÇΓöÇΓöÇΓöÇΓöÇΓöÇΓöÇΓöÇΓöÇ  
   FΓÇª  PDOException   
  SQLSTATE[08006] [7] connection to server at "127.0.0.1", port 5432 failed: FATAL:  database "lis_db" does not exist

  at vendor\laravel\framework\src\Illuminate\Database\Connectors\Connector.php:67
     63Γûò     protected function createPdoConnection($dsn, $username, #[\SensitiveParameter] $password, $options)
     64Γûò     {
     65Γûò         return version_compare(phpversion(), '8.4.0', '<')
     66Γûò             ? new PDO($dsn, $username, $password, $options)
  Γ₧£  67Γûò             : PDO::connect($dsn, $username, $password, $options); /** @phpstan-ignore staticMethod.notFound (PHP 8.4) */
     68Γûò     }
     69Γûò 
     70Γûò     /**
     71Γûò      * Handle an exception that occurred during connect execution.

  1   vendor\laravel\framework\src\Illuminate\Database\Connectors\Connector.php:67
  2   vendor\laravel\framework\src\Illuminate\Database\Connectors\Connector.php:44

  ΓöÇΓöÇΓöÇΓöÇΓöÇΓöÇΓöÇΓöÇΓöÇΓöÇΓöÇΓöÇΓöÇΓöÇΓöÇΓöÇΓöÇΓöÇ  
   FΓÇª  PDOException   
  SQLSTATE[08006] [7] connection to server at "127.0.0.1", port 5432 failed: FATAL:  database "lis_db" does not exist

  at vendor\laravel\framework\src\Illuminate\Database\Connectors\Connector.php:67
     63Γûò     protected function createPdoConnection($dsn, $username, #[\SensitiveParameter] $password, $options)
     64Γûò     {
     65Γûò         return version_compare(phpversion(), '8.4.0', '<')
     66Γûò             ? new PDO($dsn, $username, $password, $options)
  Γ₧£  67Γûò             : PDO::connect($dsn, $username, $password, $options); /** @phpstan-ignore staticMethod.notFound (PHP 8.4) */
     68Γûò     }
     69Γûò 
     70Γûò     /**
     71Γûò      * Handle an exception that occurred during connect execution.

  1   vendor\laravel\framework\src\Illuminate\Database\Connectors\Connector.php:67
  2   vendor\laravel\framework\src\Illuminate\Database\Connectors\Connector.php:44

  ΓöÇΓöÇΓöÇΓöÇΓöÇΓöÇΓöÇΓöÇΓöÇΓöÇΓöÇΓöÇΓöÇΓöÇΓöÇΓöÇΓöÇΓöÇ  
   FΓÇª  PDOException   
  SQLSTATE[08006] [7] connection to server at "127.0.0.1", port 5432 failed: FATAL:  database "lis_db" does not exist

  at vendor\laravel\framework\src\Illuminate\Database\Connectors\Connector.php:67
     63Γûò     protected function createPdoConnection($dsn, $username, #[\SensitiveParameter] $password, $options)
     64Γûò     {
     65Γûò         return version_compare(phpversion(), '8.4.0', '<')
     66Γûò             ? new PDO($dsn, $username, $password, $options)
  Γ₧£  67Γûò             : PDO::connect($dsn, $username, $password, $options); /** @phpstan-ignore staticMethod.notFound (PHP 8.4) */
     68Γûò     }
     69Γûò 
     70Γûò     /**
     71Γûò      * Handle an exception that occurred during connect execution.

  1   vendor\laravel\framework\src\Illuminate\Database\Connectors\Connector.php:67
  2   vendor\laravel\framework\src\Illuminate\Database\Connectors\Connector.php:44

  ΓöÇΓöÇΓöÇΓöÇΓöÇΓöÇΓöÇΓöÇΓöÇΓöÇΓöÇΓöÇΓöÇΓöÇΓöÇΓöÇΓöÇΓöÇ  
   FΓÇª  PDOException   
  SQLSTATE[08006] [7] connection to server at "127.0.0.1", port 5432 failed: FATAL:  database "lis_db" does not exist

  at vendor\laravel\framework\src\Illuminate\Database\Connectors\Connector.php:67
     63Γûò     protected function createPdoConnection($dsn, $username, #[\SensitiveParameter] $password, $options)
     64Γûò     {
     65Γûò         return version_compare(phpversion(), '8.4.0', '<')
     66Γûò             ? new PDO($dsn, $username, $password, $options)
  Γ₧£  67Γûò             : PDO::connect($dsn, $username, $password, $options); /** @phpstan-ignore staticMethod.notFound (PHP 8.4) */
     68Γûò     }
     69Γûò 
     70Γûò     /**
     71Γûò      * Handle an exception that occurred during connect execution.

  1   vendor\laravel\framework\src\Illuminate\Database\Connectors\Connector.php:67
  2   vendor\laravel\framework\src\Illuminate\Database\Connectors\Connector.php:44

  ΓöÇΓöÇΓöÇΓöÇΓöÇΓöÇΓöÇΓöÇΓöÇΓöÇΓöÇΓöÇΓöÇΓöÇΓöÇΓöÇΓöÇΓöÇ  
   FΓÇª  PDOException   
  SQLSTATE[08006] [7] connection to server at "127.0.0.1", port 5432 failed: FATAL:  database "lis_db" does not exist

  at vendor\laravel\framework\src\Illuminate\Database\Connectors\Connector.php:67
     63Γûò     protected function createPdoConnection($dsn, $username, #[\SensitiveParameter] $password, $options)
     64Γûò     {
     65Γûò         return version_compare(phpversion(), '8.4.0', '<')
     66Γûò             ? new PDO($dsn, $username, $password, $options)
  Γ₧£  67Γûò             : PDO::connect($dsn, $username, $password, $options); /** @phpstan-ignore staticMethod.notFound (PHP 8.4) */
     68Γûò     }
     69Γûò 
     70Γûò     /**
     71Γûò      * Handle an exception that occurred during connect execution.

  1   vendor\laravel\framework\src\Illuminate\Database\Connectors\Connector.php:67
  2   vendor\laravel\framework\src\Illuminate\Database\Connectors\Connector.php:44

  ΓöÇΓöÇΓöÇΓöÇΓöÇΓöÇΓöÇΓöÇΓöÇΓöÇΓöÇΓöÇΓöÇΓöÇΓöÇΓöÇΓöÇΓöÇ  
   FΓÇª  PDOException   
  SQLSTATE[08006] [7] connection to server at "127.0.0.1", port 5432 failed: FATAL:  database "lis_db" does not exist

  at vendor\laravel\framework\src\Illuminate\Database\Connectors\Connector.php:67
     63Γûò     protected function createPdoConnection($dsn, $username, #[\SensitiveParameter] $password, $options)
     64Γûò     {
     65Γûò         return version_compare(phpversion(), '8.4.0', '<')
     66Γûò             ? new PDO($dsn, $username, $password, $options)
  Γ₧£  67Γûò             : PDO::connect($dsn, $username, $password, $options); /** @phpstan-ignore staticMethod.notFound (PHP 8.4) */
     68Γûò     }
     69Γûò 
     70Γûò     /**
     71Γûò      * Handle an exception that occurred during connect execution.

  1   vendor\laravel\framework\src\Illuminate\Database\Connectors\Connector.php:67
  2   vendor\laravel\framework\src\Illuminate\Database\Connectors\Connector.php:44

  ΓöÇΓöÇΓöÇΓöÇΓöÇΓöÇΓöÇΓöÇΓöÇΓöÇΓöÇΓöÇΓöÇΓöÇΓöÇΓöÇΓöÇΓöÇ  
   FΓÇª  PDOException   
  SQLSTATE[08006] [7] connection to server at "127.0.0.1", port 5432 failed: FATAL:  database "lis_db" does not exist

  at vendor\laravel\framework\src\Illuminate\Database\Connectors\Connector.php:67
     63Γûò     protected function createPdoConnection($dsn, $username, #[\SensitiveParameter] $password, $options)
     64Γûò     {
     65Γûò         return version_compare(phpversion(), '8.4.0', '<')
     66Γûò             ? new PDO($dsn, $username, $password, $options)
  Γ₧£  67Γûò             : PDO::connect($dsn, $username, $password, $options); /** @phpstan-ignore staticMethod.notFound (PHP 8.4) */
     68Γûò     }
     69Γûò 
     70Γûò     /**
     71Γûò      * Handle an exception that occurred during connect execution.

  1   vendor\laravel\framework\src\Illuminate\Database\Connectors\Connector.php:67
  2   vendor\laravel\framework\src\Illuminate\Database\Connectors\Connector.php:44

  ΓöÇΓöÇΓöÇΓöÇΓöÇΓöÇΓöÇΓöÇΓöÇΓöÇΓöÇΓöÇΓöÇΓöÇΓöÇΓöÇΓöÇΓöÇ  
   FΓÇª  PDOException   
  SQLSTATE[08006] [7] connection to server at "127.0.0.1", port 5432 failed: FATAL:  database "lis_db" does not exist

  at vendor\laravel\framework\src\Illuminate\Database\Connectors\Connector.php:67
     63Γûò     protected function createPdoConnection($dsn, $username, #[\SensitiveParameter] $password, $options)
     64Γûò     {
     65Γûò         return version_compare(phpversion(), '8.4.0', '<')
     66Γûò             ? new PDO($dsn, $username, $password, $options)
  Γ₧£  67Γûò             : PDO::connect($dsn, $username, $password, $options); /** @phpstan-ignore staticMethod.notFound (PHP 8.4) */
     68Γûò     }
     69Γûò 
     70Γûò     /**
     71Γûò      * Handle an exception that occurred during connect execution.

  1   vendor\laravel\framework\src\Illuminate\Database\Connectors\Connector.php:67
  2   vendor\laravel\framework\src\Illuminate\Database\Connectors\Connector.php:44

  ΓöÇΓöÇΓöÇΓöÇΓöÇΓöÇΓöÇΓöÇΓöÇΓöÇΓöÇΓöÇΓöÇΓöÇΓöÇΓöÇΓöÇΓöÇ  
   FΓÇª  PDOException   
  SQLSTATE[08006] [7] connection to server at "127.0.0.1", port 5432 failed: FATAL:  database "lis_db" does not exist

  at vendor\laravel\framework\src\Illuminate\Database\Connectors\Connector.php:67
     63Γûò     protected function createPdoConnection($dsn, $username, #[\SensitiveParameter] $password, $options)
     64Γûò     {
     65Γûò         return version_compare(phpversion(), '8.4.0', '<')
     66Γûò             ? new PDO($dsn, $username, $password, $options)
  Γ₧£  67Γûò             : PDO::connect($dsn, $username, $password, $options); /** @phpstan-ignore staticMethod.notFound (PHP 8.4) */
     68Γûò     }
     69Γûò 
     70Γûò     /**
     71Γûò      * Handle an exception that occurred during connect execution.

  1   vendor\laravel\framework\src\Illuminate\Database\Connectors\Connector.php:67
  2   vendor\laravel\framework\src\Illuminate\Database\Connectors\Connector.php:44

  ΓöÇΓöÇΓöÇΓöÇΓöÇΓöÇΓöÇΓöÇΓöÇΓöÇΓöÇΓöÇΓöÇΓöÇΓöÇΓöÇΓöÇΓöÇ  
   FΓÇª  PDOException   
  SQLSTATE[08006] [7] connection to server at "127.0.0.1", port 5432 failed: FATAL:  database "lis_db" does not exist

  at vendor\laravel\framework\src\Illuminate\Database\Connectors\Connector.php:67
     63Γûò     protected function createPdoConnection($dsn, $username, #[\SensitiveParameter] $password, $options)
     64Γûò     {
     65Γûò         return version_compare(phpversion(), '8.4.0', '<')
     66Γûò             ? new PDO($dsn, $username, $password, $options)
  Γ₧£  67Γûò             : PDO::connect($dsn, $username, $password, $options); /** @phpstan-ignore staticMethod.notFound (PHP 8.4) */
     68Γûò     }
     69Γûò 
     70Γûò     /**
     71Γûò      * Handle an exception that occurred during connect execution.

  1   vendor\laravel\framework\src\Illuminate\Database\Connectors\Connector.php:67
  2   vendor\laravel\framework\src\Illuminate\Database\Connectors\Connector.php:44

  ΓöÇΓöÇΓöÇΓöÇΓöÇΓöÇΓöÇΓöÇΓöÇΓöÇΓöÇΓöÇΓöÇΓöÇΓöÇΓöÇΓöÇΓöÇ  
   FAILED  Tests\FΓÇª   
  Expected response status code [200] but received 500.
Failed asserting that 500 is identical to 200.

The following exception occurred during the last request:

PDOException: SQLSTATE[08006] [7] connection to server at "127.0.0.1", port 5432 failed: FATAL:  database "lis_db" does not exist in C:\Users\Farma\pusdokkes-subunit\vendor\laravel\framework\src\Illuminate\Database\Connectors\Connector.php:67
Stack trace:
#0 C:\Users\Farma\pusdokkes-subunit\vendor\laravel\framework\src\Illuminate\Database\Connectors\Connector.php(67): PDO::connect('pgsql:host=127....', 'postgres', Object(SensitiveParameterValue), Array)
#1 C:\Users\Farma\pusdokkes-subunit\vendor\laravel\framework\src\Illuminate\Database\Connectors\Connector.php(44): Illuminate\Database\Connectors\Connector->createPdoConnection('pgsql:host=127....', 'postgres', Object(SensitiveParameterValue), Array)
#2 C:\Users\Farma\pusdokkes-subunit\vendor\laravel\framework\src\Illuminate\Database\Connectors\PostgresConnector.php(35): Illuminate\Database\Connectors\Connector->createConnection('pgsql:host=127....', Array, Array)
#3 C:\Users\Farma\pusdokkes-subunit\vendor\laravel\framework\src\Illuminate\Database\Connectors\ConnectionFactory.php(184): Illuminate\Database\Connectors\PostgresConnector->connect(Array)
#4 [internal function]: Illuminate\Database\Connectors\ConnectionFactory->{closure:Illuminate\Database\Connectors\ConnectionFactory::createPdoResolverWithHosts():179}()
#5 C:\Users\Farma\pusdokkes-subunit\vendor\laravel\framework\src\Illuminate\Database\Connection.php(1230): call_user_func(Object(Closure))
#6 C:\Users\Farma\pusdokkes-subunit\vendor\laravel\framework\src\Illuminate\Database\Connection.php(1266): Illuminate\Database\Connection->getPdo()
#7 C:\Users\Farma\pusdokkes-subunit\vendor\laravel\framework\src\Illuminate\Database\Connection.php(511): Illuminate\Database\Connection->getReadPdo()
#8 C:\Users\Farma\pusdokkes-subunit\vendor\laravel\framework\src\Illuminate\Database\Connection.php(406): Illuminate\Database\Connection->getPdoForSelect(true)
#9 C:\Users\Farma\pusdokkes-subunit\vendor\laravel\framework\src\Illuminate\Database\Connection.php(811): Illuminate\Database\Connection->{closure:Illuminate\Database\Connection::select():397}('select exists (...', Array)
#10 C:\Users\Farma\pusdokkes-subunit\vendor\laravel\framework\src\Illuminate\Database\Connection.php(778): Illuminate\Database\Connection->runQueryCallback('select exists (...', Array, Object(Closure))
#11 C:\Users\Farma\pusdokkes-subunit\vendor\laravel\framework\src\Illuminate\Database\Connection.php(397): Illuminate\Database\Connection->run('select exists (...', Array, Object(Closure))
#12 C:\Users\Farma\pusdokkes-subunit\vendor\laravel\framework\src\Illuminate\Database\Connection.php(343): Illuminate\Database\Connection->select('select exists (...', Array, true)
#13 C:\Users\Farma\pusdokkes-subunit\vendor\laravel\framework\src\Illuminate\Database\Connection.php(360): Illuminate\Database\Connection->selectOne('select exists (...', Array, true)
#14 C:\Users\Farma\pusdokkes-subunit\vendor\laravel\framework\src\Illuminate\Database\Schema\Builder.php(174): Illuminate\Database\Connection->scalar('select exists (...')
#15 C:\Users\Farma\pusdokkes-subunit\vendor\laravel\framework\src\Illuminate\Support\Facades\Facade.php(363): Illuminate\Database\Schema\Builder->hasTable('settings')
#16 C:\Users\Farma\pusdokkes-subunit\app\helpers.php(23): Illuminate\Support\Facades\Facade::__callStatic('hasTable', Array)
#17 C:\Users\Farma\pusdokkes-subunit\vendor\laravel\framework\src\Illuminate\Cache\Repository.php(431): {closure:settings():22}()
#18 C:\Users\Farma\pusdokkes-subunit\vendor\laravel\framework\src\Illuminate\Cache\CacheManager.php(509): Illuminate\Cache\Repository->remember('sys_settings_al...', 60, Object(Closure))
#19 C:\Users\Farma\pusdokkes-subunit\app\helpers.php(22): Illuminate\Cache\CacheManager->__call('remember', Array)
#20 C:\Users\Farma\pusdokkes-subunit\app\Http\Middleware\ApplyLocaleFromSettings.php(17): settings('locale.timezone', 'UTC')
#21 C:\Users\Farma\pusdokkes-subunit\vendor\laravel\framework\src\Illuminate\Pipeline\Pipeline.php(219): App\Http\Middleware\ApplyLocaleFromSettings->handle(Object(Illuminate\Http\Request), Object(Closure))
#22 C:\Users\Farma\pusdokkes-subunit\vendor\laravel\framework\src\Illuminate\Foundation\Http\Middleware\TransformsRequest.php(21): Illuminate\Pipeline\Pipeline->{closure:{closure:Illuminate\Pipeline\Pipeline::carry():194}:195}(Object(Illuminate\Http\Request))
#23 C:\Users\Farma\pusdokkes-subunit\vendor\laravel\framework\src\Illuminate\Foundation\Http\Middleware\ConvertEmptyStringsToNull.php(31): Illuminate\Foundation\Http\Middleware\TransformsRequest->handle(Object(Illuminate\Http\Request), Object(Closure))
#24 C:\Users\Farma\pusdokkes-subunit\vendor\laravel\framework\src\Illuminate\Pipeline\Pipeline.php(219): Illuminate\Foundation\Http\Middleware\ConvertEmptyStringsToNull->handle(Object(Illuminate\Http\Request), Object(Closure))
#25 C:\Users\Farma\pusdokkes-subunit\vendor\laravel\framework\src\Illuminate\Foundation\Http\Middleware\TransformsRequest.php(21): Illuminate\Pipeline\Pipeline->{closure:{closure:Illuminate\Pipeline\Pipeline::carry():194}:195}(Object(Illuminate\Http\Request))
#26 C:\Users\Farma\pusdokkes-subunit\vendor\laravel\framework\src\Illuminate\Foundation\Http\Middleware\TrimStrings.php(51): Illuminate\Foundation\Http\Middleware\TransformsRequest->handle(Object(Illuminate\Http\Request), Object(Closure))
#27 C:\Users\Farma\pusdokkes-subunit\vendor\laravel\framework\src\Illuminate\Pipeline\Pipeline.php(219): Illuminate\Foundation\Http\Middleware\TrimStrings->handle(Object(Illuminate\Http\Request), Object(Closure))
#28 C:\Users\Farma\pusdokkes-subunit\vendor\laravel\framework\src\Illuminate\Http\Middleware\ValidatePostSize.php(27): Illuminate\Pipeline\Pipeline->{closure:{closure:Illuminate\Pipeline\Pipeline::carry():194}:195}(Object(Illuminate\Http\Request))
#29 C:\Users\Farma\pusdokkes-subunit\vendor\laravel\framework\src\Illuminate\Pipeline\Pipeline.php(219): Illuminate\Http\Middleware\ValidatePostSize->handle(Object(Illuminate\Http\Request), Object(Closure))
#30 C:\Users\Farma\pusdokkes-subunit\vendor\laravel\framework\src\Illuminate\Foundation\Http\Middleware\PreventRequestsDuringMaintenance.php(109): Illuminate\Pipeline\Pipeline->{closure:{closure:Illuminate\Pipeline\Pipeline::carry():194}:195}(Object(Illuminate\Http\Request))
#31 C:\Users\Farma\pusdokkes-subunit\vendor\laravel\framework\src\Illuminate\Pipeline\Pipeline.php(219): Illuminate\Foundation\Http\Middleware\PreventRequestsDuringMaintenance->handle(Object(Illuminate\Http\Request), Object(Closure))
#32 C:\Users\Farma\pusdokkes-subunit\vendor\laravel\framework\src\Illuminate\Http\Middleware\HandleCors.php(48): Illuminate\Pipeline\Pipeline->{closure:{closure:Illuminate\Pipeline\Pipeline::carry():194}:195}(Object(Illuminate\Http\Request))
#33 C:\Users\Farma\pusdokkes-subunit\vendor\laravel\framework\src\Illuminate\Pipeline\Pipeline.php(219): Illuminate\Http\Middleware\HandleCors->handle(Object(Illuminate\Http\Request), Object(Closure))
#34 C:\Users\Farma\pusdokkes-subunit\vendor\laravel\framework\src\Illuminate\Http\Middleware\TrustProxies.php(58): Illuminate\Pipeline\Pipeline->{closure:{closure:Illuminate\Pipeline\Pipeline::carry():194}:195}(Object(Illuminate\Http\Request))
#35 C:\Users\Farma\pusdokkes-subunit\vendor\laravel\framework\src\Illuminate\Pipeline\Pipeline.php(219): Illuminate\Http\Middleware\TrustProxies->handle(Object(Illuminate\Http\Request), Object(Closure))
#36 C:\Users\Farma\pusdokkes-subunit\vendor\laravel\framework\src\Illuminate\Foundation\Http\Middleware\InvokeDeferredCallbacks.php(22): Illuminate\Pipeline\Pipeline->{closure:{closure:Illuminate\Pipeline\Pipeline::carry():194}:195}(Object(Illuminate\Http\Request))
#37 C:\Users\Farma\pusdokkes-subunit\vendor\laravel\framework\src\Illuminate\Pipeline\Pipeline.php(219): Illuminate\Foundation\Http\Middleware\InvokeDeferredCallbacks->handle(Object(Illuminate\Http\Request), Object(Closure))
#38 C:\Users\Farma\pusdokkes-subunit\vendor\laravel\framework\src\Illuminate\Http\Middleware\ValidatePathEncoding.php(26): Illuminate\Pipeline\Pipeline->{closure:{closure:Illuminate\Pipeline\Pipeline::carry():194}:195}(Object(Illuminate\Http\Request))
#39 C:\Users\Farma\pusdokkes-subunit\vendor\laravel\framework\src\Illuminate\Pipeline\Pipeline.php(219): Illuminate\Http\Middleware\ValidatePathEncoding->handle(Object(Illuminate\Http\Request), Object(Closure))
#40 C:\Users\Farma\pusdokkes-subunit\vendor\laravel\framework\src\Illuminate\Pipeline\Pipeline.php(137): Illuminate\Pipeline\Pipeline->{closure:{closure:Illuminate\Pipeline\Pipeline::carry():194}:195}(Object(Illuminate\Http\Request))
#41 C:\Users\Farma\pusdokkes-subunit\vendor\laravel\framework\src\Illuminate\Foundation\Http\Kernel.php(175): Illuminate\Pipeline\Pipeline->then(Object(Closure))
#42 C:\Users\Farma\pusdokkes-subunit\vendor\laravel\framework\src\Illuminate\Foundation\Http\Kernel.php(144): Illuminate\Foundation\Http\Kernel->sendRequestThroughRouter(Object(Illuminate\Http\Request))
#43 C:\Users\Farma\pusdokkes-subunit\vendor\laravel\framework\src\Illuminate\Foundation\Testing\Concerns\MakesHttpRequests.php(607): Illuminate\Foundation\Http\Kernel->handle(Object(Illuminate\Http\Request))
#44 C:\Users\Farma\pusdokkes-subunit\vendor\laravel\framework\src\Illuminate\Foundation\Testing\Concerns\MakesHttpRequests.php(573): Illuminate\Foundation\Testing\TestCase->call('GET', '/track/REQ-2025...', Array, Array, Array, Array, '[]')
#45 C:\Users\Farma\pusdokkes-subunit\vendor\laravel\framework\src\Illuminate\Foundation\Testing\Concerns\MakesHttpRequests.php(381): Illuminate\Foundation\Testing\TestCase->json('GET', '/track/REQ-2025...', Array, Array, 0)
#46 C:\Users\Farma\pusdokkes-subunit\tests\Feature\TrackingJsonCacheTest.php(18): Illuminate\Foundation\Testing\TestCase->getJson('/track/REQ-2025...')
#47 C:\Users\Farma\pusdokkes-subunit\vendor\phpunit\phpunit\src\Framework\TestCase.php(1656): Tests\Feature\TrackingJsonCacheTest->json_endpoint_sets_cached_flag_and_reuses_cache()
#48 C:\Users\Farma\pusdokkes-subunit\vendor\phpunit\phpunit\src\Framework\TestCase.php(514): PHPUnit\Framework\TestCase->runTest()
#49 C:\Users\Farma\pusdokkes-subunit\vendor\phpunit\phpunit\src\Framework\TestRunner\TestRunner.php(87): PHPUnit\Framework\TestCase->runBare()
#50 C:\Users\Farma\pusdokkes-subunit\vendor\phpunit\phpunit\src\Framework\TestCase.php(361): PHPUnit\Framework\TestRunner->run(Object(Tests\Feature\TrackingJsonCacheTest))
#51 C:\Users\Farma\pusdokkes-subunit\vendor\phpunit\phpunit\src\Framework\TestSuite.php(369): PHPUnit\Framework\TestCase->run()
#52 C:\Users\Farma\pusdokkes-subunit\vendor\phpunit\phpunit\src\Framework\TestSuite.php(369): PHPUnit\Framework\TestSuite->run()
#53 C:\Users\Farma\pusdokkes-subunit\vendor\phpunit\phpunit\src\Framework\TestSuite.php(369): PHPUnit\Framework\TestSuite->run()
#54 C:\Users\Farma\pusdokkes-subunit\vendor\phpunit\phpunit\src\TextUI\TestRunner.php(64): PHPUnit\Framework\TestSuite->run()
#55 C:\Users\Farma\pusdokkes-subunit\vendor\phpunit\phpunit\src\TextUI\Application.php(211): PHPUnit\TextUI\TestRunner->run(Object(PHPUnit\TextUI\Configuration\Configuration), Object(PHPUnit\Runner\ResultCache\DefaultResultCache), Object(PHPUnit\Framework\TestSuite))
#56 C:\Users\Farma\pusdokkes-subunit\vendor\pestphp\pest\src\Kernel.php(103): PHPUnit\TextUI\Application->run(Array)
#57 C:\Users\Farma\pusdokkes-subunit\vendor\pestphp\pest\bin\pest(184): Pest\Kernel->handle(Array, Array)
#58 C:\Users\Farma\pusdokkes-subunit\vendor\pestphp\pest\bin\pest(192): {closure:C:\Users\Farma\pusdokkes-subunit\vendor\pestphp\pest\bin\pest:18}()
#59 {main}

Next Illuminate\Database\QueryException: SQLSTATE[08006] [7] connection to server at "127.0.0.1", port 5432 failed: FATAL:  database "lis_db" does not exist (Connection: pgsql, SQL: select exists (select 1 from pg_class c, pg_namespace n where n.nspname = current_schema() and c.relname = 'settings' and c.relkind in ('r', 'p') and n.oid = c.relnamespace)) in C:\Users\Farma\pusdokkes-subunit\vendor\laravel\framework\src\Illuminate\Database\Connection.php:824
Stack trace:
#0 C:\Users\Farma\pusdokkes-subunit\vendor\laravel\framework\src\Illuminate\Database\Connection.php(778): Illuminate\Database\Connection->runQueryCallback('select exists (...', Array, Object(Closure))
#1 C:\Users\Farma\pusdokkes-subunit\vendor\laravel\framework\src\Illuminate\Database\Connection.php(397): Illuminate\Database\Connection->run('select exists (...', Array, Object(Closure))
#2 C:\Users\Farma\pusdokkes-subunit\vendor\laravel\framework\src\Illuminate\Database\Connection.php(343): Illuminate\Database\Connection->select('select exists (...', Array, true)
#3 C:\Users\Farma\pusdokkes-subunit\vendor\laravel\framework\src\Illuminate\Database\Connection.php(360): Illuminate\Database\Connection->selectOne('select exists (...', Array, true)
#4 C:\Users\Farma\pusdokkes-subunit\vendor\laravel\framework\src\Illuminate\Database\Schema\Builder.php(174): Illuminate\Database\Connection->scalar('select exists (...')
#5 C:\Users\Farma\pusdokkes-subunit\vendor\laravel\framework\src\Illuminate\Support\Facades\Facade.php(363): Illuminate\Database\Schema\Builder->hasTable('settings')
#6 C:\Users\Farma\pusdokkes-subunit\app\helpers.php(23): Illuminate\Support\Facades\Facade::__callStatic('hasTable', Array)
#7 C:\Users\Farma\pusdokkes-subunit\vendor\laravel\framework\src\Illuminate\Cache\Repository.php(431): {closure:settings():22}()
#8 C:\Users\Farma\pusdokkes-subunit\vendor\laravel\framework\src\Illuminate\Cache\CacheManager.php(509): Illuminate\Cache\Repository->remember('sys_settings_al...', 60, Object(Closure))
#9 C:\Users\Farma\pusdokkes-subunit\app\helpers.php(22): Illuminate\Cache\CacheManager->__call('remember', Array)
#10 C:\Users\Farma\pusdokkes-subunit\app\Http\Middleware\ApplyLocaleFromSettings.php(17): settings('locale.timezone', 'UTC')
#11 C:\Users\Farma\pusdokkes-subunit\vendor\laravel\framework\src\Illuminate\Pipeline\Pipeline.php(219): App\Http\Middleware\ApplyLocaleFromSettings->handle(Object(Illuminate\Http\Request), Object(Closure))
#12 C:\Users\Farma\pusdokkes-subunit\vendor\laravel\framework\src\Illuminate\Foundation\Http\Middleware\TransformsRequest.php(21): Illuminate\Pipeline\Pipeline->{closure:{closure:Illuminate\Pipeline\Pipeline::carry():194}:195}(Object(Illuminate\Http\Request))
#13 C:\Users\Farma\pusdokkes-subunit\vendor\laravel\framework\src\Illuminate\Foundation\Http\Middleware\ConvertEmptyStringsToNull.php(31): Illuminate\Foundation\Http\Middleware\TransformsRequest->handle(Object(Illuminate\Http\Request), Object(Closure))
#14 C:\Users\Farma\pusdokkes-subunit\vendor\laravel\framework\src\Illuminate\Pipeline\Pipeline.php(219): Illuminate\Foundation\Http\Middleware\ConvertEmptyStringsToNull->handle(Object(Illuminate\Http\Request), Object(Closure))
#15 C:\Users\Farma\pusdokkes-subunit\vendor\laravel\framework\src\Illuminate\Foundation\Http\Middleware\TransformsRequest.php(21): Illuminate\Pipeline\Pipeline->{closure:{closure:Illuminate\Pipeline\Pipeline::carry():194}:195}(Object(Illuminate\Http\Request))
#16 C:\Users\Farma\pusdokkes-subunit\vendor\laravel\framework\src\Illuminate\Foundation\Http\Middleware\TrimStrings.php(51): Illuminate\Foundation\Http\Middleware\TransformsRequest->handle(Object(Illuminate\Http\Request), Object(Closure))
#17 C:\Users\Farma\pusdokkes-subunit\vendor\laravel\framework\src\Illuminate\Pipeline\Pipeline.php(219): Illuminate\Foundation\Http\Middleware\TrimStrings->handle(Object(Illuminate\Http\Request), Object(Closure))
#18 C:\Users\Farma\pusdokkes-subunit\vendor\laravel\framework\src\Illuminate\Http\Middleware\ValidatePostSize.php(27): Illuminate\Pipeline\Pipeline->{closure:{closure:Illuminate\Pipeline\Pipeline::carry():194}:195}(Object(Illuminate\Http\Request))
#19 C:\Users\Farma\pusdokkes-subunit\vendor\laravel\framework\src\Illuminate\Pipeline\Pipeline.php(219): Illuminate\Http\Middleware\ValidatePostSize->handle(Object(Illuminate\Http\Request), Object(Closure))
#20 C:\Users\Farma\pusdokkes-subunit\vendor\laravel\framework\src\Illuminate\Foundation\Http\Middleware\PreventRequestsDuringMaintenance.php(109): Illuminate\Pipeline\Pipeline->{closure:{closure:Illuminate\Pipeline\Pipeline::carry():194}:195}(Object(Illuminate\Http\Request))
#21 C:\Users\Farma\pusdokkes-subunit\vendor\laravel\framework\src\Illuminate\Pipeline\Pipeline.php(219): Illuminate\Foundation\Http\Middleware\PreventRequestsDuringMaintenance->handle(Object(Illuminate\Http\Request), Object(Closure))
#22 C:\Users\Farma\pusdokkes-subunit\vendor\laravel\framework\src\Illuminate\Http\Middleware\HandleCors.php(48): Illuminate\Pipeline\Pipeline->{closure:{closure:Illuminate\Pipeline\Pipeline::carry():194}:195}(Object(Illuminate\Http\Request))
#23 C:\Users\Farma\pusdokkes-subunit\vendor\laravel\framework\src\Illuminate\Pipeline\Pipeline.php(219): Illuminate\Http\Middleware\HandleCors->handle(Object(Illuminate\Http\Request), Object(Closure))
#24 C:\Users\Farma\pusdokkes-subunit\vendor\laravel\framework\src\Illuminate\Http\Middleware\TrustProxies.php(58): Illuminate\Pipeline\Pipeline->{closure:{closure:Illuminate\Pipeline\Pipeline::carry():194}:195}(Object(Illuminate\Http\Request))
#25 C:\Users\Farma\pusdokkes-subunit\vendor\laravel\framework\src\Illuminate\Pipeline\Pipeline.php(219): Illuminate\Http\Middleware\TrustProxies->handle(Object(Illuminate\Http\Request), Object(Closure))
#26 C:\Users\Farma\pusdokkes-subunit\vendor\laravel\framework\src\Illuminate\Foundation\Http\Middleware\InvokeDeferredCallbacks.php(22): Illuminate\Pipeline\Pipeline->{closure:{closure:Illuminate\Pipeline\Pipeline::carry():194}:195}(Object(Illuminate\Http\Request))
#27 C:\Users\Farma\pusdokkes-subunit\vendor\laravel\framework\src\Illuminate\Pipeline\Pipeline.php(219): Illuminate\Foundation\Http\Middleware\InvokeDeferredCallbacks->handle(Object(Illuminate\Http\Request), Object(Closure))
#28 C:\Users\Farma\pusdokkes-subunit\vendor\laravel\framework\src\Illuminate\Http\Middleware\ValidatePathEncoding.php(26): Illuminate\Pipeline\Pipeline->{closure:{closure:Illuminate\Pipeline\Pipeline::carry():194}:195}(Object(Illuminate\Http\Request))
#29 C:\Users\Farma\pusdokkes-subunit\vendor\laravel\framework\src\Illuminate\Pipeline\Pipeline.php(219): Illuminate\Http\Middleware\ValidatePathEncoding->handle(Object(Illuminate\Http\Request), Object(Closure))
#30 C:\Users\Farma\pusdokkes-subunit\vendor\laravel\framework\src\Illuminate\Pipeline\Pipeline.php(137): Illuminate\Pipeline\Pipeline->{closure:{closure:Illuminate\Pipeline\Pipeline::carry():194}:195}(Object(Illuminate\Http\Request))
#31 C:\Users\Farma\pusdokkes-subunit\vendor\laravel\framework\src\Illuminate\Foundation\Http\Kernel.php(175): Illuminate\Pipeline\Pipeline->then(Object(Closure))
#32 C:\Users\Farma\pusdokkes-subunit\vendor\laravel\framework\src\Illuminate\Foundation\Http\Kernel.php(144): Illuminate\Foundation\Http\Kernel->sendRequestThroughRouter(Object(Illuminate\Http\Request))
#33 C:\Users\Farma\pusdokkes-subunit\vendor\laravel\framework\src\Illuminate\Foundation\Testing\Concerns\MakesHttpRequests.php(607): Illuminate\Foundation\Http\Kernel->handle(Object(Illuminate\Http\Request))
#34 C:\Users\Farma\pusdokkes-subunit\vendor\laravel\framework\src\Illuminate\Foundation\Testing\Concerns\MakesHttpRequests.php(573): Illuminate\Foundation\Testing\TestCase->call('GET', '/track/REQ-2025...', Array, Array, Array, Array, '[]')
#35 C:\Users\Farma\pusdokkes-subunit\vendor\laravel\framework\src\Illuminate\Foundation\Testing\Concerns\MakesHttpRequests.php(381): Illuminate\Foundation\Testing\TestCase->json('GET', '/track/REQ-2025...', Array, Array, 0)
#36 C:\Users\Farma\pusdokkes-subunit\tests\Feature\TrackingJsonCacheTest.php(18): Illuminate\Foundation\Testing\TestCase->getJson('/track/REQ-2025...')
#37 C:\Users\Farma\pusdokkes-subunit\vendor\phpunit\phpunit\src\Framework\TestCase.php(1656): Tests\Feature\TrackingJsonCacheTest->json_endpoint_sets_cached_flag_and_reuses_cache()
#38 C:\Users\Farma\pusdokkes-subunit\vendor\phpunit\phpunit\src\Framework\TestCase.php(514): PHPUnit\Framework\TestCase->runTest()
#39 C:\Users\Farma\pusdokkes-subunit\vendor\phpunit\phpunit\src\Framework\TestRunner\TestRunner.php(87): PHPUnit\Framework\TestCase->runBare()
#40 C:\Users\Farma\pusdokkes-subunit\vendor\phpunit\phpunit\src\Framework\TestCase.php(361): PHPUnit\Framework\TestRunner->run(Object(Tests\Feature\TrackingJsonCacheTest))
#41 C:\Users\Farma\pusdokkes-subunit\vendor\phpunit\phpunit\src\Framework\TestSuite.php(369): PHPUnit\Framework\TestCase->run()
#42 C:\Users\Farma\pusdokkes-subunit\vendor\phpunit\phpunit\src\Framework\TestSuite.php(369): PHPUnit\Framework\TestSuite->run()
#43 C:\Users\Farma\pusdokkes-subunit\vendor\phpunit\phpunit\src\Framework\TestSuite.php(369): PHPUnit\Framework\TestSuite->run()
#44 C:\Users\Farma\pusdokkes-subunit\vendor\phpunit\phpunit\src\TextUI\TestRunner.php(64): PHPUnit\Framework\TestSuite->run()
#45 C:\Users\Farma\pusdokkes-subunit\vendor\phpunit\phpunit\src\TextUI\Application.php(211): PHPUnit\TextUI\TestRunner->run(Object(PHPUnit\TextUI\Configuration\Configuration), Object(PHPUnit\Runner\ResultCache\DefaultResultCache), Object(PHPUnit\Framework\TestSuite))
#46 C:\Users\Farma\pusdokkes-subunit\vendor\pestphp\pest\src\Kernel.php(103): PHPUnit\TextUI\Application->run(Array)
#47 C:\Users\Farma\pusdokkes-subunit\vendor\pestphp\pest\bin\pest(184): Pest\Kernel->handle(Array, Array)
#48 C:\Users\Farma\pusdokkes-subunit\vendor\pestphp\pest\bin\pest(192): {closure:C:\Users\Farma\pusdokkes-subunit\vendor\pestphp\pest\bin\pest:18}()
#49 {main}

----------------------------------------------------------------------------------

SQLSTATE[08006] [7] connection to server at "127.0.0.1", port 5432 failed: FATAL:  database "lis_db" does not exist (Connection: pgsql, SQL: select exists (select 1 from pg_class c, pg_namespace n where n.nspname = current_schema() and c.relname = 'settings' and c.relkind in ('r', 'p') and n.oid = c.relnamespace))

  at tests\Feature\TrackingJsonCacheTest.php:19
     15Γûò         $id = 'REQ-2025-0001';
     16Γûò 
     17Γûò         // First request - should populate cache (_cached true because response includes flag after caching)
     18Γûò         $first = $this->getJson("/track/{$id}.json");
  Γ₧£  19Γûò         $first->assertOk();
     20Γûò         $first->assertJsonStructure(['request_number', 'progress_percent', 'stages', 'last_updated', '_cached']);
     21Γûò         $firstCached = $first->json('_cached');
     22Γûò         $this->assertTrue($firstCached, 'First response expected _cached true after storing.');
     23Γûò

  ΓöÇΓöÇΓöÇΓöÇΓöÇΓöÇΓöÇΓöÇΓöÇΓöÇΓöÇΓöÇΓöÇΓöÇΓöÇΓöÇΓöÇΓöÇ  
   FAILED  Tests\FΓÇª   
  Expected response status code [404] but received 500.
Failed asserting that 500 is identical to 404.

The following exception occurred during the last request:

PDOException: SQLSTATE[08006] [7] connection to server at "127.0.0.1", port 5432 failed: FATAL:  database "lis_db" does not exist in C:\Users\Farma\pusdokkes-subunit\vendor\laravel\framework\src\Illuminate\Database\Connectors\Connector.php:67
Stack trace:
#0 C:\Users\Farma\pusdokkes-subunit\vendor\laravel\framework\src\Illuminate\Database\Connectors\Connector.php(67): PDO::connect('pgsql:host=127....', 'postgres', Object(SensitiveParameterValue), Array)
#1 C:\Users\Farma\pusdokkes-subunit\vendor\laravel\framework\src\Illuminate\Database\Connectors\Connector.php(44): Illuminate\Database\Connectors\Connector->createPdoConnection('pgsql:host=127....', 'postgres', Object(SensitiveParameterValue), Array)
#2 C:\Users\Farma\pusdokkes-subunit\vendor\laravel\framework\src\Illuminate\Database\Connectors\PostgresConnector.php(35): Illuminate\Database\Connectors\Connector->createConnection('pgsql:host=127....', Array, Array)
#3 C:\Users\Farma\pusdokkes-subunit\vendor\laravel\framework\src\Illuminate\Database\Connectors\ConnectionFactory.php(184): Illuminate\Database\Connectors\PostgresConnector->connect(Array)
#4 [internal function]: Illuminate\Database\Connectors\ConnectionFactory->{closure:Illuminate\Database\Connectors\ConnectionFactory::createPdoResolverWithHosts():179}()
#5 C:\Users\Farma\pusdokkes-subunit\vendor\laravel\framework\src\Illuminate\Database\Connection.php(1230): call_user_func(Object(Closure))
#6 C:\Users\Farma\pusdokkes-subunit\vendor\laravel\framework\src\Illuminate\Database\Connection.php(1266): Illuminate\Database\Connection->getPdo()
#7 C:\Users\Farma\pusdokkes-subunit\vendor\laravel\framework\src\Illuminate\Database\Connection.php(511): Illuminate\Database\Connection->getReadPdo()
#8 C:\Users\Farma\pusdokkes-subunit\vendor\laravel\framework\src\Illuminate\Database\Connection.php(406): Illuminate\Database\Connection->getPdoForSelect(true)
#9 C:\Users\Farma\pusdokkes-subunit\vendor\laravel\framework\src\Illuminate\Database\Connection.php(811): Illuminate\Database\Connection->{closure:Illuminate\Database\Connection::select():397}('select exists (...', Array)
#10 C:\Users\Farma\pusdokkes-subunit\vendor\laravel\framework\src\Illuminate\Database\Connection.php(778): Illuminate\Database\Connection->runQueryCallback('select exists (...', Array, Object(Closure))
#11 C:\Users\Farma\pusdokkes-subunit\vendor\laravel\framework\src\Illuminate\Database\Connection.php(397): Illuminate\Database\Connection->run('select exists (...', Array, Object(Closure))
#12 C:\Users\Farma\pusdokkes-subunit\vendor\laravel\framework\src\Illuminate\Database\Connection.php(343): Illuminate\Database\Connection->select('select exists (...', Array, true)
#13 C:\Users\Farma\pusdokkes-subunit\vendor\laravel\framework\src\Illuminate\Database\Connection.php(360): Illuminate\Database\Connection->selectOne('select exists (...', Array, true)
#14 C:\Users\Farma\pusdokkes-subunit\vendor\laravel\framework\src\Illuminate\Database\Schema\Builder.php(174): Illuminate\Database\Connection->scalar('select exists (...')
#15 C:\Users\Farma\pusdokkes-subunit\vendor\laravel\framework\src\Illuminate\Support\Facades\Facade.php(363): Illuminate\Database\Schema\Builder->hasTable('settings')
#16 C:\Users\Farma\pusdokkes-subunit\app\helpers.php(23): Illuminate\Support\Facades\Facade::__callStatic('hasTable', Array)
#17 C:\Users\Farma\pusdokkes-subunit\vendor\laravel\framework\src\Illuminate\Cache\Repository.php(431): {closure:settings():22}()
#18 C:\Users\Farma\pusdokkes-subunit\vendor\laravel\framework\src\Illuminate\Cache\CacheManager.php(509): Illuminate\Cache\Repository->remember('sys_settings_al...', 60, Object(Closure))
#19 C:\Users\Farma\pusdokkes-subunit\app\helpers.php(22): Illuminate\Cache\CacheManager->__call('remember', Array)
#20 C:\Users\Farma\pusdokkes-subunit\app\Http\Middleware\ApplyLocaleFromSettings.php(17): settings('locale.timezone', 'UTC')
#21 C:\Users\Farma\pusdokkes-subunit\vendor\laravel\framework\src\Illuminate\Pipeline\Pipeline.php(219): App\Http\Middleware\ApplyLocaleFromSettings->handle(Object(Illuminate\Http\Request), Object(Closure))
#22 C:\Users\Farma\pusdokkes-subunit\vendor\laravel\framework\src\Illuminate\Foundation\Http\Middleware\TransformsRequest.php(21): Illuminate\Pipeline\Pipeline->{closure:{closure:Illuminate\Pipeline\Pipeline::carry():194}:195}(Object(Illuminate\Http\Request))
#23 C:\Users\Farma\pusdokkes-subunit\vendor\laravel\framework\src\Illuminate\Foundation\Http\Middleware\ConvertEmptyStringsToNull.php(31): Illuminate\Foundation\Http\Middleware\TransformsRequest->handle(Object(Illuminate\Http\Request), Object(Closure))
#24 C:\Users\Farma\pusdokkes-subunit\vendor\laravel\framework\src\Illuminate\Pipeline\Pipeline.php(219): Illuminate\Foundation\Http\Middleware\ConvertEmptyStringsToNull->handle(Object(Illuminate\Http\Request), Object(Closure))
#25 C:\Users\Farma\pusdokkes-subunit\vendor\laravel\framework\src\Illuminate\Foundation\Http\Middleware\TransformsRequest.php(21): Illuminate\Pipeline\Pipeline->{closure:{closure:Illuminate\Pipeline\Pipeline::carry():194}:195}(Object(Illuminate\Http\Request))
#26 C:\Users\Farma\pusdokkes-subunit\vendor\laravel\framework\src\Illuminate\Foundation\Http\Middleware\TrimStrings.php(51): Illuminate\Foundation\Http\Middleware\TransformsRequest->handle(Object(Illuminate\Http\Request), Object(Closure))
#27 C:\Users\Farma\pusdokkes-subunit\vendor\laravel\framework\src\Illuminate\Pipeline\Pipeline.php(219): Illuminate\Foundation\Http\Middleware\TrimStrings->handle(Object(Illuminate\Http\Request), Object(Closure))
#28 C:\Users\Farma\pusdokkes-subunit\vendor\laravel\framework\src\Illuminate\Http\Middleware\ValidatePostSize.php(27): Illuminate\Pipeline\Pipeline->{closure:{closure:Illuminate\Pipeline\Pipeline::carry():194}:195}(Object(Illuminate\Http\Request))
#29 C:\Users\Farma\pusdokkes-subunit\vendor\laravel\framework\src\Illuminate\Pipeline\Pipeline.php(219): Illuminate\Http\Middleware\ValidatePostSize->handle(Object(Illuminate\Http\Request), Object(Closure))
#30 C:\Users\Farma\pusdokkes-subunit\vendor\laravel\framework\src\Illuminate\Foundation\Http\Middleware\PreventRequestsDuringMaintenance.php(109): Illuminate\Pipeline\Pipeline->{closure:{closure:Illuminate\Pipeline\Pipeline::carry():194}:195}(Object(Illuminate\Http\Request))
#31 C:\Users\Farma\pusdokkes-subunit\vendor\laravel\framework\src\Illuminate\Pipeline\Pipeline.php(219): Illuminate\Foundation\Http\Middleware\PreventRequestsDuringMaintenance->handle(Object(Illuminate\Http\Request), Object(Closure))
#32 C:\Users\Farma\pusdokkes-subunit\vendor\laravel\framework\src\Illuminate\Http\Middleware\HandleCors.php(48): Illuminate\Pipeline\Pipeline->{closure:{closure:Illuminate\Pipeline\Pipeline::carry():194}:195}(Object(Illuminate\Http\Request))
#33 C:\Users\Farma\pusdokkes-subunit\vendor\laravel\framework\src\Illuminate\Pipeline\Pipeline.php(219): Illuminate\Http\Middleware\HandleCors->handle(Object(Illuminate\Http\Request), Object(Closure))
#34 C:\Users\Farma\pusdokkes-subunit\vendor\laravel\framework\src\Illuminate\Http\Middleware\TrustProxies.php(58): Illuminate\Pipeline\Pipeline->{closure:{closure:Illuminate\Pipeline\Pipeline::carry():194}:195}(Object(Illuminate\Http\Request))
#35 C:\Users\Farma\pusdokkes-subunit\vendor\laravel\framework\src\Illuminate\Pipeline\Pipeline.php(219): Illuminate\Http\Middleware\TrustProxies->handle(Object(Illuminate\Http\Request), Object(Closure))
#36 C:\Users\Farma\pusdokkes-subunit\vendor\laravel\framework\src\Illuminate\Foundation\Http\Middleware\InvokeDeferredCallbacks.php(22): Illuminate\Pipeline\Pipeline->{closure:{closure:Illuminate\Pipeline\Pipeline::carry():194}:195}(Object(Illuminate\Http\Request))
#37 C:\Users\Farma\pusdokkes-subunit\vendor\laravel\framework\src\Illuminate\Pipeline\Pipeline.php(219): Illuminate\Foundation\Http\Middleware\InvokeDeferredCallbacks->handle(Object(Illuminate\Http\Request), Object(Closure))
#38 C:\Users\Farma\pusdokkes-subunit\vendor\laravel\framework\src\Illuminate\Http\Middleware\ValidatePathEncoding.php(26): Illuminate\Pipeline\Pipeline->{closure:{closure:Illuminate\Pipeline\Pipeline::carry():194}:195}(Object(Illuminate\Http\Request))
#39 C:\Users\Farma\pusdokkes-subunit\vendor\laravel\framework\src\Illuminate\Pipeline\Pipeline.php(219): Illuminate\Http\Middleware\ValidatePathEncoding->handle(Object(Illuminate\Http\Request), Object(Closure))
#40 C:\Users\Farma\pusdokkes-subunit\vendor\laravel\framework\src\Illuminate\Pipeline\Pipeline.php(137): Illuminate\Pipeline\Pipeline->{closure:{closure:Illuminate\Pipeline\Pipeline::carry():194}:195}(Object(Illuminate\Http\Request))
#41 C:\Users\Farma\pusdokkes-subunit\vendor\laravel\framework\src\Illuminate\Foundation\Http\Kernel.php(175): Illuminate\Pipeline\Pipeline->then(Object(Closure))
#42 C:\Users\Farma\pusdokkes-subunit\vendor\laravel\framework\src\Illuminate\Foundation\Http\Kernel.php(144): Illuminate\Foundation\Http\Kernel->sendRequestThroughRouter(Object(Illuminate\Http\Request))
#43 C:\Users\Farma\pusdokkes-subunit\vendor\laravel\framework\src\Illuminate\Foundation\Testing\Concerns\MakesHttpRequests.php(607): Illuminate\Foundation\Http\Kernel->handle(Object(Illuminate\Http\Request))
#44 C:\Users\Farma\pusdokkes-subunit\vendor\laravel\framework\src\Illuminate\Foundation\Testing\Concerns\MakesHttpRequests.php(573): Illuminate\Foundation\Testing\TestCase->call('GET', '/track/REQ-1999...', Array, Array, Array, Array, '[]')
#45 C:\Users\Farma\pusdokkes-subunit\vendor\laravel\framework\src\Illuminate\Foundation\Testing\Concerns\MakesHttpRequests.php(381): Illuminate\Foundation\Testing\TestCase->json('GET', '/track/REQ-1999...', Array, Array, 0)
#46 C:\Users\Farma\pusdokkes-subunit\tests\Feature\TrackingJsonNotFoundTest.php(12): Illuminate\Foundation\Testing\TestCase->getJson('/track/REQ-1999...')
#47 C:\Users\Farma\pusdokkes-subunit\vendor\phpunit\phpunit\src\Framework\TestCase.php(1656): Tests\Feature\TrackingJsonNotFoundTest->not_found_tracking_number_returns_404_without_cached_flag()
#48 C:\Users\Farma\pusdokkes-subunit\vendor\phpunit\phpunit\src\Framework\TestCase.php(514): PHPUnit\Framework\TestCase->runTest()
#49 C:\Users\Farma\pusdokkes-subunit\vendor\phpunit\phpunit\src\Framework\TestRunner\TestRunner.php(87): PHPUnit\Framework\TestCase->runBare()
#50 C:\Users\Farma\pusdokkes-subunit\vendor\phpunit\phpunit\src\Framework\TestCase.php(361): PHPUnit\Framework\TestRunner->run(Object(Tests\Feature\TrackingJsonNotFoundTest))
#51 C:\Users\Farma\pusdokkes-subunit\vendor\phpunit\phpunit\src\Framework\TestSuite.php(369): PHPUnit\Framework\TestCase->run()
#52 C:\Users\Farma\pusdokkes-subunit\vendor\phpunit\phpunit\src\Framework\TestSuite.php(369): PHPUnit\Framework\TestSuite->run()
#53 C:\Users\Farma\pusdokkes-subunit\vendor\phpunit\phpunit\src\Framework\TestSuite.php(369): PHPUnit\Framework\TestSuite->run()
#54 C:\Users\Farma\pusdokkes-subunit\vendor\phpunit\phpunit\src\TextUI\TestRunner.php(64): PHPUnit\Framework\TestSuite->run()
#55 C:\Users\Farma\pusdokkes-subunit\vendor\phpunit\phpunit\src\TextUI\Application.php(211): PHPUnit\TextUI\TestRunner->run(Object(PHPUnit\TextUI\Configuration\Configuration), Object(PHPUnit\Runner\ResultCache\DefaultResultCache), Object(PHPUnit\Framework\TestSuite))
#56 C:\Users\Farma\pusdokkes-subunit\vendor\pestphp\pest\src\Kernel.php(103): PHPUnit\TextUI\Application->run(Array)
#57 C:\Users\Farma\pusdokkes-subunit\vendor\pestphp\pest\bin\pest(184): Pest\Kernel->handle(Array, Array)
#58 C:\Users\Farma\pusdokkes-subunit\vendor\pestphp\pest\bin\pest(192): {closure:C:\Users\Farma\pusdokkes-subunit\vendor\pestphp\pest\bin\pest:18}()
#59 {main}

Next Illuminate\Database\QueryException: SQLSTATE[08006] [7] connection to server at "127.0.0.1", port 5432 failed: FATAL:  database "lis_db" does not exist (Connection: pgsql, SQL: select exists (select 1 from pg_class c, pg_namespace n where n.nspname = current_schema() and c.relname = 'settings' and c.relkind in ('r', 'p') and n.oid = c.relnamespace)) in C:\Users\Farma\pusdokkes-subunit\vendor\laravel\framework\src\Illuminate\Database\Connection.php:824
Stack trace:
#0 C:\Users\Farma\pusdokkes-subunit\vendor\laravel\framework\src\Illuminate\Database\Connection.php(778): Illuminate\Database\Connection->runQueryCallback('select exists (...', Array, Object(Closure))
#1 C:\Users\Farma\pusdokkes-subunit\vendor\laravel\framework\src\Illuminate\Database\Connection.php(397): Illuminate\Database\Connection->run('select exists (...', Array, Object(Closure))
#2 C:\Users\Farma\pusdokkes-subunit\vendor\laravel\framework\src\Illuminate\Database\Connection.php(343): Illuminate\Database\Connection->select('select exists (...', Array, true)
#3 C:\Users\Farma\pusdokkes-subunit\vendor\laravel\framework\src\Illuminate\Database\Connection.php(360): Illuminate\Database\Connection->selectOne('select exists (...', Array, true)
#4 C:\Users\Farma\pusdokkes-subunit\vendor\laravel\framework\src\Illuminate\Database\Schema\Builder.php(174): Illuminate\Database\Connection->scalar('select exists (...')
#5 C:\Users\Farma\pusdokkes-subunit\vendor\laravel\framework\src\Illuminate\Support\Facades\Facade.php(363): Illuminate\Database\Schema\Builder->hasTable('settings')
#6 C:\Users\Farma\pusdokkes-subunit\app\helpers.php(23): Illuminate\Support\Facades\Facade::__callStatic('hasTable', Array)
#7 C:\Users\Farma\pusdokkes-subunit\vendor\laravel\framework\src\Illuminate\Cache\Repository.php(431): {closure:settings():22}()
#8 C:\Users\Farma\pusdokkes-subunit\vendor\laravel\framework\src\Illuminate\Cache\CacheManager.php(509): Illuminate\Cache\Repository->remember('sys_settings_al...', 60, Object(Closure))
#9 C:\Users\Farma\pusdokkes-subunit\app\helpers.php(22): Illuminate\Cache\CacheManager->__call('remember', Array)
#10 C:\Users\Farma\pusdokkes-subunit\app\Http\Middleware\ApplyLocaleFromSettings.php(17): settings('locale.timezone', 'UTC')
#11 C:\Users\Farma\pusdokkes-subunit\vendor\laravel\framework\src\Illuminate\Pipeline\Pipeline.php(219): App\Http\Middleware\ApplyLocaleFromSettings->handle(Object(Illuminate\Http\Request), Object(Closure))
#12 C:\Users\Farma\pusdokkes-subunit\vendor\laravel\framework\src\Illuminate\Foundation\Http\Middleware\TransformsRequest.php(21): Illuminate\Pipeline\Pipeline->{closure:{closure:Illuminate\Pipeline\Pipeline::carry():194}:195}(Object(Illuminate\Http\Request))
#13 C:\Users\Farma\pusdokkes-subunit\vendor\laravel\framework\src\Illuminate\Foundation\Http\Middleware\ConvertEmptyStringsToNull.php(31): Illuminate\Foundation\Http\Middleware\TransformsRequest->handle(Object(Illuminate\Http\Request), Object(Closure))
#14 C:\Users\Farma\pusdokkes-subunit\vendor\laravel\framework\src\Illuminate\Pipeline\Pipeline.php(219): Illuminate\Foundation\Http\Middleware\ConvertEmptyStringsToNull->handle(Object(Illuminate\Http\Request), Object(Closure))
#15 C:\Users\Farma\pusdokkes-subunit\vendor\laravel\framework\src\Illuminate\Foundation\Http\Middleware\TransformsRequest.php(21): Illuminate\Pipeline\Pipeline->{closure:{closure:Illuminate\Pipeline\Pipeline::carry():194}:195}(Object(Illuminate\Http\Request))
#16 C:\Users\Farma\pusdokkes-subunit\vendor\laravel\framework\src\Illuminate\Foundation\Http\Middleware\TrimStrings.php(51): Illuminate\Foundation\Http\Middleware\TransformsRequest->handle(Object(Illuminate\Http\Request), Object(Closure))
#17 C:\Users\Farma\pusdokkes-subunit\vendor\laravel\framework\src\Illuminate\Pipeline\Pipeline.php(219): Illuminate\Foundation\Http\Middleware\TrimStrings->handle(Object(Illuminate\Http\Request), Object(Closure))
#18 C:\Users\Farma\pusdokkes-subunit\vendor\laravel\framework\src\Illuminate\Http\Middleware\ValidatePostSize.php(27): Illuminate\Pipeline\Pipeline->{closure:{closure:Illuminate\Pipeline\Pipeline::carry():194}:195}(Object(Illuminate\Http\Request))
#19 C:\Users\Farma\pusdokkes-subunit\vendor\laravel\framework\src\Illuminate\Pipeline\Pipeline.php(219): Illuminate\Http\Middleware\ValidatePostSize->handle(Object(Illuminate\Http\Request), Object(Closure))
#20 C:\Users\Farma\pusdokkes-subunit\vendor\laravel\framework\src\Illuminate\Foundation\Http\Middleware\PreventRequestsDuringMaintenance.php(109): Illuminate\Pipeline\Pipeline->{closure:{closure:Illuminate\Pipeline\Pipeline::carry():194}:195}(Object(Illuminate\Http\Request))
#21 C:\Users\Farma\pusdokkes-subunit\vendor\laravel\framework\src\Illuminate\Pipeline\Pipeline.php(219): Illuminate\Foundation\Http\Middleware\PreventRequestsDuringMaintenance->handle(Object(Illuminate\Http\Request), Object(Closure))
#22 C:\Users\Farma\pusdokkes-subunit\vendor\laravel\framework\src\Illuminate\Http\Middleware\HandleCors.php(48): Illuminate\Pipeline\Pipeline->{closure:{closure:Illuminate\Pipeline\Pipeline::carry():194}:195}(Object(Illuminate\Http\Request))
#23 C:\Users\Farma\pusdokkes-subunit\vendor\laravel\framework\src\Illuminate\Pipeline\Pipeline.php(219): Illuminate\Http\Middleware\HandleCors->handle(Object(Illuminate\Http\Request), Object(Closure))
#24 C:\Users\Farma\pusdokkes-subunit\vendor\laravel\framework\src\Illuminate\Http\Middleware\TrustProxies.php(58): Illuminate\Pipeline\Pipeline->{closure:{closure:Illuminate\Pipeline\Pipeline::carry():194}:195}(Object(Illuminate\Http\Request))
#25 C:\Users\Farma\pusdokkes-subunit\vendor\laravel\framework\src\Illuminate\Pipeline\Pipeline.php(219): Illuminate\Http\Middleware\TrustProxies->handle(Object(Illuminate\Http\Request), Object(Closure))
#26 C:\Users\Farma\pusdokkes-subunit\vendor\laravel\framework\src\Illuminate\Foundation\Http\Middleware\InvokeDeferredCallbacks.php(22): Illuminate\Pipeline\Pipeline->{closure:{closure:Illuminate\Pipeline\Pipeline::carry():194}:195}(Object(Illuminate\Http\Request))
#27 C:\Users\Farma\pusdokkes-subunit\vendor\laravel\framework\src\Illuminate\Pipeline\Pipeline.php(219): Illuminate\Foundation\Http\Middleware\InvokeDeferredCallbacks->handle(Object(Illuminate\Http\Request), Object(Closure))
#28 C:\Users\Farma\pusdokkes-subunit\vendor\laravel\framework\src\Illuminate\Http\Middleware\ValidatePathEncoding.php(26): Illuminate\Pipeline\Pipeline->{closure:{closure:Illuminate\Pipeline\Pipeline::carry():194}:195}(Object(Illuminate\Http\Request))
#29 C:\Users\Farma\pusdokkes-subunit\vendor\laravel\framework\src\Illuminate\Pipeline\Pipeline.php(219): Illuminate\Http\Middleware\ValidatePathEncoding->handle(Object(Illuminate\Http\Request), Object(Closure))
#30 C:\Users\Farma\pusdokkes-subunit\vendor\laravel\framework\src\Illuminate\Pipeline\Pipeline.php(137): Illuminate\Pipeline\Pipeline->{closure:{closure:Illuminate\Pipeline\Pipeline::carry():194}:195}(Object(Illuminate\Http\Request))
#31 C:\Users\Farma\pusdokkes-subunit\vendor\laravel\framework\src\Illuminate\Foundation\Http\Kernel.php(175): Illuminate\Pipeline\Pipeline->then(Object(Closure))
#32 C:\Users\Farma\pusdokkes-subunit\vendor\laravel\framework\src\Illuminate\Foundation\Http\Kernel.php(144): Illuminate\Foundation\Http\Kernel->sendRequestThroughRouter(Object(Illuminate\Http\Request))
#33 C:\Users\Farma\pusdokkes-subunit\vendor\laravel\framework\src\Illuminate\Foundation\Testing\Concerns\MakesHttpRequests.php(607): Illuminate\Foundation\Http\Kernel->handle(Object(Illuminate\Http\Request))
#34 C:\Users\Farma\pusdokkes-subunit\vendor\laravel\framework\src\Illuminate\Foundation\Testing\Concerns\MakesHttpRequests.php(573): Illuminate\Foundation\Testing\TestCase->call('GET', '/track/REQ-1999...', Array, Array, Array, Array, '[]')
#35 C:\Users\Farma\pusdokkes-subunit\vendor\laravel\framework\src\Illuminate\Foundation\Testing\Concerns\MakesHttpRequests.php(381): Illuminate\Foundation\Testing\TestCase->json('GET', '/track/REQ-1999...', Array, Array, 0)
#36 C:\Users\Farma\pusdokkes-subunit\tests\Feature\TrackingJsonNotFoundTest.php(12): Illuminate\Foundation\Testing\TestCase->getJson('/track/REQ-1999...')
#37 C:\Users\Farma\pusdokkes-subunit\vendor\phpunit\phpunit\src\Framework\TestCase.php(1656): Tests\Feature\TrackingJsonNotFoundTest->not_found_tracking_number_returns_404_without_cached_flag()
#38 C:\Users\Farma\pusdokkes-subunit\vendor\phpunit\phpunit\src\Framework\TestCase.php(514): PHPUnit\Framework\TestCase->runTest()
#39 C:\Users\Farma\pusdokkes-subunit\vendor\phpunit\phpunit\src\Framework\TestRunner\TestRunner.php(87): PHPUnit\Framework\TestCase->runBare()
#40 C:\Users\Farma\pusdokkes-subunit\vendor\phpunit\phpunit\src\Framework\TestCase.php(361): PHPUnit\Framework\TestRunner->run(Object(Tests\Feature\TrackingJsonNotFoundTest))
#41 C:\Users\Farma\pusdokkes-subunit\vendor\phpunit\phpunit\src\Framework\TestSuite.php(369): PHPUnit\Framework\TestCase->run()
#42 C:\Users\Farma\pusdokkes-subunit\vendor\phpunit\phpunit\src\Framework\TestSuite.php(369): PHPUnit\Framework\TestSuite->run()
#43 C:\Users\Farma\pusdokkes-subunit\vendor\phpunit\phpunit\src\Framework\TestSuite.php(369): PHPUnit\Framework\TestSuite->run()
#44 C:\Users\Farma\pusdokkes-subunit\vendor\phpunit\phpunit\src\TextUI\TestRunner.php(64): PHPUnit\Framework\TestSuite->run()
#45 C:\Users\Farma\pusdokkes-subunit\vendor\phpunit\phpunit\src\TextUI\Application.php(211): PHPUnit\TextUI\TestRunner->run(Object(PHPUnit\TextUI\Configuration\Configuration), Object(PHPUnit\Runner\ResultCache\DefaultResultCache), Object(PHPUnit\Framework\TestSuite))
#46 C:\Users\Farma\pusdokkes-subunit\vendor\pestphp\pest\src\Kernel.php(103): PHPUnit\TextUI\Application->run(Array)
#47 C:\Users\Farma\pusdokkes-subunit\vendor\pestphp\pest\bin\pest(184): Pest\Kernel->handle(Array, Array)
#48 C:\Users\Farma\pusdokkes-subunit\vendor\pestphp\pest\bin\pest(192): {closure:C:\Users\Farma\pusdokkes-subunit\vendor\pestphp\pest\bin\pest:18}()
#49 {main}

----------------------------------------------------------------------------------

SQLSTATE[08006] [7] connection to server at "127.0.0.1", port 5432 failed: FATAL:  database "lis_db" does not exist (Connection: pgsql, SQL: select exists (select 1 from pg_class c, pg_namespace n where n.nspname = current_schema() and c.relname = 'settings' and c.relkind in ('r', 'p') and n.oid = c.relnamespace))

  at tests\Feature\TrackingJsonNotFoundTest.php:13
      9Γûò     /** @test */
     10Γûò     public function not_found_tracking_number_returns_404_without_cached_flag()
     11Γûò     {
     12Γûò         $resp = $this->getJson('/track/REQ-1999-9999.json');
  Γ₧£  13Γûò         $resp->assertStatus(404);
     14Γûò         $this->assertArrayNotHasKey('_cached', $resp->json(), '404 payload must not contain _cached flag');
     15Γûò     }
     16Γûò }
     17Γûò

  ΓöÇΓöÇΓöÇΓöÇΓöÇΓöÇΓöÇΓöÇΓöÇΓöÇΓöÇΓöÇΓöÇΓöÇΓöÇΓöÇΓöÇΓöÇ  
   FΓÇª  PDOException   
  SQLSTATE[08006] [7] connection to server at "127.0.0.1", port 5432 failed: FATAL:  database "lis_db" does not exist

  at vendor\laravel\framework\src\Illuminate\Database\Connectors\Connector.php:67
     63Γûò     protected function createPdoConnection($dsn, $username, #[\SensitiveParameter] $password, $options)
     64Γûò     {
     65Γûò         return version_compare(phpversion(), '8.4.0', '<')
     66Γûò             ? new PDO($dsn, $username, $password, $options)
  Γ₧£  67Γûò             : PDO::connect($dsn, $username, $password, $options); /** @phpstan-ignore staticMethod.notFound (PHP 8.4) */
     68Γûò     }
     69Γûò 
     70Γûò     /**
     71Γûò      * Handle an exception that occurred during connect execution.

  1   vendor\laravel\framework\src\Illuminate\Database\Connectors\Connector.php:67
  2   vendor\laravel\framework\src\Illuminate\Database\Connectors\Connector.php:44

  ΓöÇΓöÇΓöÇΓöÇΓöÇΓöÇΓöÇΓöÇΓöÇΓöÇΓöÇΓöÇΓöÇΓöÇΓöÇΓöÇΓöÇΓöÇ  
   FΓÇª  PDOException   
  SQLSTATE[08006] [7] connection to server at "127.0.0.1", port 5432 failed: FATAL:  database "lis_db" does not exist

  at vendor\laravel\framework\src\Illuminate\Database\Connectors\Connector.php:67
     63Γûò     protected function createPdoConnection($dsn, $username, #[\SensitiveParameter] $password, $options)
     64Γûò     {
     65Γûò         return version_compare(phpversion(), '8.4.0', '<')
     66Γûò             ? new PDO($dsn, $username, $password, $options)
  Γ₧£  67Γûò             : PDO::connect($dsn, $username, $password, $options); /** @phpstan-ignore staticMethod.notFound (PHP 8.4) */
     68Γûò     }
     69Γûò 
     70Γûò     /**
     71Γûò      * Handle an exception that occurred during connect execution.

  1   vendor\laravel\framework\src\Illuminate\Database\Connectors\Connector.php:67
  2   vendor\laravel\framework\src\Illuminate\Database\Connectors\Connector.php:44


  Tests:    248 failed, 1 passed (6 assertions)
  Duration: 105.55s

